10-22 10:24:55.216   955 11845 W AudioFlinger: createTrack_l(): mismatch between requested flags (00000100) and output flags (00000006)
10-22 10:24:55.217 10163 10239 D AudioTrack: Client defaulted notificationFrames to 590 for frameCount 1772
10-22 10:24:55.250 10163 10239 D         : PlayerBase::PlayerBase()
10-22 10:24:55.250 10163 10239 D         : TrackPlayerBase::TrackPlayerBase()
10-22 10:24:55.250 10163 10239 I libOpenSLES: Emulating old channel mask behavior (ignoring positional mask 0x3, using default mask 0x3 based on channel count of 2)
10-22 10:24:55.251   788 19651 D compress_voip: voice_extn_compress_voip_out_get_parameters: enter
10-22 10:24:55.251 10163 10239 W AudioTrack: AUDIO_OUTPUT_FLAG_FAST denied, rates do not match 44100 Hz, require 48000 Hz
10-22 10:24:55.251   955  1512 W AudioFlinger: createTrack_l(): mismatch between requested flags (00000100) and output flags (00000006)
10-22 10:24:55.252 10163 10239 D AudioTrack: Client defaulted notificationFrames to 590 for frameCount 1772
10-22 10:24:55.400 10163 10239 D         : PlayerBase::PlayerBase()
10-22 10:24:55.401 10163 10239 D         : TrackPlayerBase::TrackPlayerBase()
10-22 10:24:55.401 10163 10239 I libOpenSLES: Emulating old channel mask behavior (ignoring positional mask 0x3, using default mask 0x3 based on channel count of 2)
10-22 10:24:55.402   788 19651 D compress_voip: voice_extn_compress_voip_out_get_parameters: enter
10-22 10:24:55.402 10163 10239 W AudioTrack: AUDIO_OUTPUT_FLAG_FAST denied, rates do not match 44100 Hz, require 48000 Hz
10-22 10:24:55.402   955  1512 W AudioFlinger: createTrack_l(): mismatch between requested flags (00000100) and output flags (00000006)
10-22 10:24:55.403 10163 10239 D AudioTrack: Client defaulted notificationFrames to 590 for frameCount 1772
10-22 10:24:55.404  1109  3531 I chatty  : uid=1000(system) Binder:1109_C identical 5 lines
10-22 10:24:55.521  1109  2891 D WifiTrafficPoller: packet count Tx=10465674 Rx=21303678
10-22 10:24:55.591  1109  2672 D HalDeviceManager: onDebugRingBufferDataAvailable
10-22 10:24:56.522  1109  2672 I chatty  : uid=1000(system) HwBinder:1109_1 identical 8 lines
10-22 10:24:56.522  1109  2672 D HalDeviceManager: onDebugRingBufferDataAvailable
10-22 10:24:56.523  1109  2891 D WifiTrafficPoller: packet count Tx=10465676 Rx=21303679
10-22 10:24:56.587  1109  3736 D HalDeviceManager: onDebugRingBufferDataAvailable
10-22 10:24:56.590  1109  3736 I chatty  : uid=1000(system) HwBinder:1109_5 identical 3 lines
10-22 10:24:56.591  1109  3736 D HalDeviceManager: onDebugRingBufferDataAvailable
10-22 10:24:57.122 10163 10428 D         : PlayerBase::stop() from IPlayer
10-22 10:24:57.122 10163 10428 D AudioTrack: stop() called with 90112 frames delivered
10-22 10:24:57.123  1109  3531 W MediaRouterService: A2DP is enable in AudioService, Skip restoreBluetoothA2dp(false)
10-22 10:24:57.131 10163 10239 D         : PlayerBase::stop() from IPlayer
10-22 10:24:57.147 10163 10239 D UE4     : LogAudio:Warning: Detected orphaned looping sound 'Fire_Sparks01_Cue'.
10-22 10:24:57.147 10163 10239 D UE4     : 
10-22 10:24:57.147 10163 10187 D UE4     : [2018.10.22-08.24.57:147][  0]LogAudio:Warning: Detected orphaned looping sound 'Fire_Sparks01_Cue'.
10-22 10:24:57.147 10163 10239 D         : PlayerBase::PlayerBase()
10-22 10:24:57.148 10163 10239 D         : TrackPlayerBase::TrackPlayerBase()
10-22 10:24:57.148 10163 10239 I libOpenSLES: Emulating old channel mask behavior (ignoring positional mask 0x4, using default mask 0x1 based on channel count of 1)
10-22 10:24:57.148   788 19651 D compress_voip: voice_extn_compress_voip_out_get_parameters: enter
10-22 10:24:57.148 10163 10239 W AudioTrack: AUDIO_OUTPUT_FLAG_FAST denied, rates do not match 44100 Hz, require 48000 Hz
10-22 10:24:57.149   955  1512 W AudioFlinger: createTrack_l(): mismatch between requested flags (00000100) and output flags (00000006)
10-22 10:24:57.149 10163 10239 D AudioTrack: Client defaulted notificationFrames to 590 for frameCount 1772
10-22 10:24:57.153  1109  3491 W MediaRouterService: A2DP is enable in AudioService, Skip restoreBluetoothA2dp(false)
10-22 10:24:57.248 10163 10431 D         : PlayerBase::stop() from IPlayer
10-22 10:24:57.248 10163 10431 D AudioTrack: stop() called with 90112 frames delivered
10-22 10:24:57.249  1109  3531 W MediaRouterService: A2DP is enable in AudioService, Skip restoreBluetoothA2dp(false)
10-22 10:24:57.250 10163 10239 D         : PlayerBase::stop() from IPlayer
10-22 10:24:57.268 10163 10432 D         : PlayerBase::stop() from IPlayer
10-22 10:24:57.269 10163 10432 D AudioTrack: stop() called with 90112 frames delivered
10-22 10:24:57.269  1109  3491 W MediaRouterService: A2DP is enable in AudioService, Skip restoreBluetoothA2dp(false)
10-22 10:24:57.283 10163 10239 D         : PlayerBase::stop() from IPlayer
10-22 10:24:57.428 10163 10435 D         : PlayerBase::stop() from IPlayer
10-22 10:24:57.428 10163 10435 D AudioTrack: stop() called with 90112 frames delivered
10-22 10:24:57.429  1109  3531 W MediaRouterService: A2DP is enable in AudioService, Skip restoreBluetoothA2dp(false)
10-22 10:24:57.434 10163 10239 D         : PlayerBase::stop() from IPlayer
10-22 10:24:57.525  1109  2891 D WifiTrafficPoller: packet count Tx=10465678 Rx=21303680
10-22 10:24:57.533  1109  3736 D HalDeviceManager: onDebugRingBufferDataAvailable
10-22 10:24:57.537  1109  3736 I chatty  : uid=1000(system) HwBinder:1109_5 identical 3 lines
10-22 10:24:57.538  1109  3736 D HalDeviceManager: onDebugRingBufferDataAvailable
10-22 10:24:57.541  1109  2672 D HalDeviceManager: onDebugRingBufferDataAvailable
10-22 10:24:57.625  1109  2672 I chatty  : uid=1000(system) HwBinder:1109_1 identical 8 lines
10-22 10:24:57.625  1109  2672 D HalDeviceManager: onDebugRingBufferDataAvailable
10-22 10:24:57.768   955  1718 D AudioMixer: previous float ramp hasn't finished, prev:0.004243  set_to:0.004243
10-22 10:24:57.768   955  1718 D AudioMixer: previous int ramp hasn't finished, prev:1139029  set_to:1114112
10-22 10:24:57.768   955  1718 D AudioMixer: previous float ramp hasn't finished, prev:0.004243  set_to:0.004243
10-22 10:24:57.768   955  1718 D AudioMixer: previous int ramp hasn't finished, prev:1139029  set_to:1114112
10-22 10:24:57.779  1109  3736 D HalDeviceManager: onDebugRingBufferDataAvailable
10-22 10:24:57.781  1109  3736 I chatty  : uid=1000(system) HwBinder:1109_5 identical 3 lines
10-22 10:24:57.782  1109  3736 D HalDeviceManager: onDebugRingBufferDataAvailable
10-22 10:24:57.805 10163 10239 D         : PlayerBase::PlayerBase()
10-22 10:24:57.805 10163 10239 D         : TrackPlayerBase::TrackPlayerBase()
10-22 10:24:57.805 10163 10239 I libOpenSLES: Emulating old channel mask behavior (ignoring positional mask 0x3, using default mask 0x3 based on channel count of 2)
10-22 10:24:57.806   788  2908 D compress_voip: voice_extn_compress_voip_out_get_parameters: enter
10-22 10:24:57.807 10163 10239 W AudioTrack: AUDIO_OUTPUT_FLAG_FAST denied, rates do not match 44100 Hz, require 48000 Hz
10-22 10:24:57.807   955  1512 W AudioFlinger: createTrack_l(): mismatch between requested flags (00000100) and output flags (00000006)
10-22 10:24:57.808 10163 10239 D AudioTrack: Client defaulted notificationFrames to 590 for frameCount 1772
10-22 10:24:57.809  1109  3491 W MediaRouterService: A2DP is enable in AudioService, Skip restoreBluetoothA2dp(false)
10-22 10:24:57.870 10163 10239 D         : PlayerBase::PlayerBase()
10-22 10:24:57.871 10163 10239 D         : TrackPlayerBase::TrackPlayerBase()
10-22 10:24:57.871 10163 10239 I libOpenSLES: Emulating old channel mask behavior (ignoring positional mask 0x3, using default mask 0x3 based on channel count of 2)
10-22 10:24:57.872   788   788 D compress_voip: voice_extn_compress_voip_out_get_parameters: enter
10-22 10:24:57.872 10163 10239 W AudioTrack: AUDIO_OUTPUT_FLAG_FAST denied, rates do not match 44100 Hz, require 48000 Hz
10-22 10:24:57.872   955   955 W AudioFlinger: createTrack_l(): mismatch between requested flags (00000100) and output flags (00000006)
10-22 10:24:57.873 10163 10239 D AudioTrack: Client defaulted notificationFrames to 590 for frameCount 1772
10-22 10:24:57.876  1109  3531 W MediaRouterService: A2DP is enable in AudioService, Skip restoreBluetoothA2dp(false)
10-22 10:24:57.886 10163 10239 D         : PlayerBase::PlayerBase()
10-22 10:24:57.887 10163 10239 D         : TrackPlayerBase::TrackPlayerBase()
10-22 10:24:57.887 10163 10239 I libOpenSLES: Emulating old channel mask behavior (ignoring positional mask 0x3, using default mask 0x3 based on channel count of 2)
10-22 10:24:57.887   788   788 D compress_voip: voice_extn_compress_voip_out_get_parameters: enter
10-22 10:24:57.888 10163 10239 W AudioTrack: AUDIO_OUTPUT_FLAG_FAST denied, rates do not match 44100 Hz, require 48000 Hz
10-22 10:24:57.888   955  1512 W AudioFlinger: createTrack_l(): mismatch between requested flags (00000100) and output flags (00000006)
10-22 10:24:57.889 10163 10239 D AudioTrack: Client defaulted notificationFrames to 590 for frameCount 1772
10-22 10:24:57.891  1109  3491 W MediaRouterService: A2DP is enable in AudioService, Skip restoreBluetoothA2dp(false)
10-22 10:24:57.995  1109  2672 D HalDeviceManager: onDebugRingBufferDataAvailable
10-22 10:24:57.996  1109  2672 I chatty  : uid=1000(system) HwBinder:1109_1 identical 3 lines
10-22 10:24:57.997  1109  2672 D HalDeviceManager: onDebugRingBufferDataAvailable
10-22 10:24:58.001   955  1718 D AudioMixer: previous float ramp hasn't finished, prev:0.005126  set_to:0.005126
10-22 10:24:58.001   955  1718 D AudioMixer: previous int ramp hasn't finished, prev:1375907  set_to:1310720
10-22 10:24:58.001   955  1718 D AudioMixer: previous float ramp hasn't finished, prev:0.005126  set_to:0.005126
10-22 10:24:58.001   955  1718 D AudioMixer: previous int ramp hasn't finished, prev:1375907  set_to:1310720
10-22 10:24:58.081   955  1718 D AudioMixer: previous float ramp hasn't finished, prev:0.004806  set_to:0.004806
10-22 10:24:58.081   955  1718 D AudioMixer: previous int ramp hasn't finished, prev:1290016  set_to:1245184
10-22 10:24:58.081   955  1718 D AudioMixer: previous float ramp hasn't finished, prev:0.004806  set_to:0.004806
10-22 10:24:58.081   955  1718 D AudioMixer: previous int ramp hasn't finished, prev:1290016  set_to:1245184
10-22 10:24:58.101   955  1718 D AudioMixer: previous float ramp hasn't finished, prev:0.004718  set_to:0.004718
10-22 10:24:58.101   955  1718 D AudioMixer: previous int ramp hasn't finished, prev:1266496  set_to:1245184
10-22 10:24:58.101   955  1718 D AudioMixer: previous float ramp hasn't finished, prev:0.004718  set_to:0.004718
10-22 10:24:58.101   955  1718 D AudioMixer: previous int ramp hasn't finished, prev:1266496  set_to:1245184
10-22 10:24:58.121   955  1718 D AudioMixer: previous float ramp hasn't finished, prev:0.004621  set_to:0.004621
10-22 10:24:58.121   955  1718 D AudioMixer: previous int ramp hasn't finished, prev:1240456  set_to:1179648
10-22 10:24:58.121   955  1718 D AudioMixer: previous float ramp hasn't finished, prev:0.004621  set_to:0.004621
10-22 10:24:58.121   955  1718 D AudioMixer: previous int ramp hasn't finished, prev:1240456  set_to:1179648
10-22 10:24:58.141 10163 10239 D         : PlayerBase::PlayerBase()
10-22 10:24:58.141 10163 10239 D         : TrackPlayerBase::TrackPlayerBase()
10-22 10:24:58.141 10163 10239 I libOpenSLES: Emulating old channel mask behavior (ignoring positional mask 0x3, using default mask 0x3 based on channel count of 2)
10-22 10:24:58.142   788  2908 D compress_voip: voice_extn_compress_voip_out_get_parameters: enter
10-22 10:24:58.142 10163 10239 W AudioTrack: AUDIO_OUTPUT_FLAG_FAST denied, rates do not match 44100 Hz, require 48000 Hz
10-22 10:24:58.142   955   955 W AudioFlinger: createTrack_l(): mismatch between requested flags (00000100) and output flags (00000006)
10-22 10:24:58.143 10163 10239 D AudioTrack: Client defaulted notificationFrames to 590 for frameCount 1772
10-22 10:24:58.144  1109  3491 W MediaRouterService: A2DP is enable in AudioService, Skip restoreBluetoothA2dp(false)
10-22 10:24:58.161  3130  3130 W ResourceType: No package identifier when getting value for resource number 0x00000000
10-22 10:24:58.162  2951  3088 D NetworkController.MobileSignalController(1): updateTelephony: hasService=true ss=SignalStrength: 99 0 -120 -160 -120 -1 -1 21 -100 -10 136 2147483647 0 2147483647 gsm|lte 99 99
10-22 10:24:58.163  2951  3088 I NetworkController.MobileSignalController(1): updateVoiceNetworkType voiceNetType: 13 mCurrentState.connected: true
10-22 10:24:58.163 13644 13644 D HeadsetPhoneState: Enter onSignalStrengthsChanged
10-22 10:24:58.163 13644 13644 D HeadsetPhoneState: Exit onSignalStrengthsChanged
10-22 10:24:58.165  2951  3088 I NetworkController.MobileSignalController(1): isShowSXLTEStyle: false isRoaming: false
10-22 10:24:58.182   955  1718 D AudioMixer: previous float ramp hasn't finished, prev:0.004413  set_to:0.004181
10-22 10:24:58.182   955  1718 D AudioMixer: previous int ramp hasn't finished, prev:1179648  set_to:1114112
10-22 10:24:58.182   955  1718 D AudioMixer: previous float ramp hasn't finished, prev:0.004413  set_to:0.004181
10-22 10:24:58.182   955  1718 D AudioMixer: previous int ramp hasn't finished, prev:1179648  set_to:1114112
10-22 10:24:58.527  1109  2891 D WifiTrafficPoller: packet count Tx=10465680 Rx=21303682
10-22 10:24:58.562  1109  3736 D HalDeviceManager: onDebugRingBufferDataAvailable
10-22 10:24:58.565  1109  3736 I chatty  : uid=1000(system) HwBinder:1109_5 identical 3 lines
10-22 10:24:58.565  1109  3736 D HalDeviceManager: onDebugRingBufferDataAvailable
10-22 10:24:58.659 10163 10239 D         : PlayerBase::stop() from IPlayer
10-22 10:24:58.659 10163 10239 D AudioTrack: stop() called with 67922 frames delivered
10-22 10:24:58.660  1109  3531 W MediaRouterService: A2DP is enable in AudioService, Skip restoreBluetoothA2dp(false)
10-22 10:24:58.845 10163 10239 D         : PlayerBase::PlayerBase()
10-22 10:24:58.846 10163 10239 D         : TrackPlayerBase::TrackPlayerBase()
10-22 10:24:58.846 10163 10239 I libOpenSLES: Emulating old channel mask behavior (ignoring positional mask 0x3, using default mask 0x3 based on channel count of 2)
10-22 10:24:58.846   788  2908 D compress_voip: voice_extn_compress_voip_out_get_parameters: enter
10-22 10:24:58.846 10163 10239 W AudioTrack: AUDIO_OUTPUT_FLAG_FAST denied, rates do not match 44100 Hz, require 48000 Hz
10-22 10:24:58.847   955   955 W AudioFlinger: createTrack_l(): mismatch between requested flags (00000100) and output flags (00000006)
10-22 10:24:58.847 10163 10239 D AudioTrack: Client defaulted notificationFrames to 590 for frameCount 1772
10-22 10:24:58.848  1109  3491 W MediaRouterService: A2DP is enable in AudioService, Skip restoreBluetoothA2dp(false)
10-22 10:24:58.869   802   802 W android.hardwar: type=1400 audit(0.0:151858): avc: denied { connectto } for path="/dev/socket/bbsys" scontext=u:r:hal_sensors_default:s0 tcontext=u:r:pandoraservice:s0 tclass=unix_stream_socket permissive=0
10-22 10:24:58.879   802  1139 I qti_sensors_hal: processReportInd: X: -1.800446 Y: 8.621521 Z: 3.349487
10-22 10:24:58.880   802  1139 I GSENSOR::UPD: 77::name: BMI160 Accelerometer, vendor: BOSCH
10-22 10:24:59.029 10163 10239 D         : PlayerBase::PlayerBase()
10-22 10:24:59.030 10163 10239 D         : TrackPlayerBase::TrackPlayerBase()
10-22 10:24:59.030 10163 10239 I libOpenSLES: Emulating old channel mask behavior (ignoring positional mask 0x3, using default mask 0x3 based on channel count of 2)
10-22 10:24:59.030   788  2908 D compress_voip: voice_extn_compress_voip_out_get_parameters: enter
10-22 10:24:59.030 10163 10239 W AudioTrack: AUDIO_OUTPUT_FLAG_FAST denied, rates do not match 44100 Hz, require 48000 Hz
10-22 10:24:59.030   955  1512 W AudioFlinger: createTrack_l(): mismatch between requested flags (00000100) and output flags (00000006)
10-22 10:24:59.031 10163 10239 D AudioTrack: Client defaulted notificationFrames to 590 for frameCount 1772
10-22 10:24:59.032  1109  3491 W MediaRouterService: A2DP is enable in AudioService, Skip restoreBluetoothA2dp(false)
10-22 10:24:59.164  1109  3736 D HalDeviceManager: onDebugRingBufferDataAvailable
10-22 10:24:59.172  1109  3736 I chatty  : uid=1000(system) HwBinder:1109_5 identical 3 lines
10-22 10:24:59.173  1109  3736 D HalDeviceManager: onDebugRingBufferDataAvailable
10-22 10:24:59.265 10163 10239 D         : PlayerBase::PlayerBase()
10-22 10:24:59.266 10163 10239 D         : TrackPlayerBase::TrackPlayerBase()
10-22 10:24:59.266 10163 10239 I libOpenSLES: Emulating old channel mask behavior (ignoring positional mask 0x3, using default mask 0x3 based on channel count of 2)
10-22 10:24:59.266   788   788 D compress_voip: voice_extn_compress_voip_out_get_parameters: enter
10-22 10:24:59.266 10163 10239 W AudioTrack: AUDIO_OUTPUT_FLAG_FAST denied, rates do not match 44100 Hz, require 48000 Hz
10-22 10:24:59.267   955  1512 W AudioFlinger: createTrack_l(): mismatch between requested flags (00000100) and output flags (00000006)
10-22 10:24:59.267 10163 10239 D AudioTrack: Client defaulted notificationFrames to 590 for frameCount 1772
10-22 10:24:59.269  1109  3531 W MediaRouterService: A2DP is enable in AudioService, Skip restoreBluetoothA2dp(false)
10-22 10:24:59.365 10163 10239 D         : PlayerBase::PlayerBase()
10-22 10:24:59.365 10163 10239 D         : TrackPlayerBase::TrackPlayerBase()
10-22 10:24:59.365 10163 10239 I libOpenSLES: Emulating old channel mask behavior (ignoring positional mask 0x3, using default mask 0x3 based on channel count of 2)
10-22 10:24:59.366   788  2908 D compress_voip: voice_extn_compress_voip_out_get_parameters: enter
10-22 10:24:59.367 10163 10239 W AudioTrack: AUDIO_OUTPUT_FLAG_FAST denied, rates do not match 44100 Hz, require 48000 Hz
10-22 10:24:59.367   955  1512 W AudioFlinger: createTrack_l(): mismatch between requested flags (00000100) and output flags (00000006)
10-22 10:24:59.368 10163 10239 D AudioTrack: Client defaulted notificationFrames to 590 for frameCount 1772
10-22 10:24:59.415  1109  3736 D HalDeviceManager: onDebugRingBufferDataAvailable
10-22 10:24:59.417  1109  3736 I chatty  : uid=1000(system) HwBinder:1109_5 identical 3 lines
10-22 10:24:59.418  1109  3736 D HalDeviceManager: onDebugRingBufferDataAvailable
10-22 10:24:59.530  1109  2891 D WifiTrafficPoller: packet count Tx=10465682 Rx=21303683
10-22 10:24:59.583  1109  2672 D HalDeviceManager: onDebugRingBufferDataAvailable
10-22 10:24:59.586  1109  2672 I chatty  : uid=1000(system) HwBinder:1109_1 identical 3 lines
10-22 10:24:59.586  1109  2672 D HalDeviceManager: onDebugRingBufferDataAvailable
10-22 10:24:59.602 10163 10239 D         : PlayerBase::PlayerBase()
10-22 10:24:59.602 10163 10239 D         : TrackPlayerBase::TrackPlayerBase()
10-22 10:24:59.602 10163 10239 I libOpenSLES: Emulating old channel mask behavior (ignoring positional mask 0x3, using default mask 0x3 based on channel count of 2)
10-22 10:24:59.603   788   788 D compress_voip: voice_extn_compress_voip_out_get_parameters: enter
10-22 10:24:59.603 10163 10239 W AudioTrack: AUDIO_OUTPUT_FLAG_FAST denied, rates do not match 44100 Hz, require 48000 Hz
10-22 10:24:59.603   955   955 W AudioFlinger: createTrack_l(): mismatch between requested flags (00000100) and output flags (00000006)
10-22 10:24:59.604 10163 10239 D AudioTrack: Client defaulted notificationFrames to 590 for frameCount 1772
10-22 10:24:59.752 10163 10239 D         : PlayerBase::PlayerBase()
10-22 10:24:59.752 10163 10239 D         : TrackPlayerBase::TrackPlayerBase()
10-22 10:24:59.752 10163 10239 I libOpenSLES: Emulating old channel mask behavior (ignoring positional mask 0x3, using default mask 0x3 based on channel count of 2)
10-22 10:24:59.753   788  2908 D compress_voip: voice_extn_compress_voip_out_get_parameters: enter
10-22 10:24:59.754 10163 10239 W AudioTrack: AUDIO_OUTPUT_FLAG_FAST denied, rates do not match 44100 Hz, require 48000 Hz
10-22 10:24:59.754   955   955 W AudioFlinger: createTrack_l(): mismatch between requested flags (00000100) and output flags (00000006)
10-22 10:24:59.755 10163 10239 D AudioTrack: Client defaulted notificationFrames to 590 for frameCount 1772
10-22 10:24:59.841 10163 10463 D         : PlayerBase::stop() from IPlayer
10-22 10:24:59.841 10163 10463 D AudioTrack: stop() called with 90112 frames delivered
10-22 10:24:59.851 10163 10239 D         : PlayerBase::stop() from IPlayer
10-22 10:24:59.902 10163 10464 D         : PlayerBase::stop() from IPlayer
10-22 10:24:59.902 10163 10464 D AudioTrack: stop() called with 90112 frames delivered
10-22 10:24:59.903  1109  3531 I chatty  : uid=1000(system) Binder:1109_C identical 5 lines
10-22 10:24:59.918 10163 10239 D         : PlayerBase::stop() from IPlayer
10-22 10:24:59.923 10163 10465 D         : PlayerBase::stop() from IPlayer
10-22 10:24:59.923 10163 10465 D AudioTrack: stop() called with 90112 frames delivered
10-22 10:24:59.924  1109  3531 W MediaRouterService: A2DP is enable in AudioService, Skip restoreBluetoothA2dp(false)
10-22 10:24:59.935 10163 10239 D         : PlayerBase::stop() from IPlayer
10-22 10:24:59.952 10163 10239 D         : PlayerBase::PlayerBase()
10-22 10:24:59.952 10163 10239 D         : TrackPlayerBase::TrackPlayerBase()
10-22 10:24:59.952 10163 10239 I libOpenSLES: Emulating old channel mask behavior (ignoring positional mask 0x3, using default mask 0x3 based on channel count of 2)
10-22 10:24:59.953   788   788 D compress_voip: voice_extn_compress_voip_out_get_parameters: enter
10-22 10:24:59.953 10163 10239 W AudioTrack: AUDIO_OUTPUT_FLAG_FAST denied, rates do not match 44100 Hz, require 48000 Hz
10-22 10:24:59.953   955 11845 W AudioFlinger: createTrack_l(): mismatch between requested flags (00000100) and output flags (00000006)
10-22 10:24:59.954 10163 10239 D AudioTrack: Client defaulted notificationFrames to 590 for frameCount 1772
10-22 10:24:59.955  1109  3491 W MediaRouterService: A2DP is enable in AudioService, Skip restoreBluetoothA2dp(false)
10-22 10:25:00.008  2951  2951 D SystemUIUpdateMonitor: run() curMinutes = 25669945 mLastMinute = 25669932
10-22 10:25:00.008  2951  2951 D SystemUIUpdateMonitor: sendTimeTickIntent() : receiver = com.android.keyguard.KeyguardUpdateMonitor$4@85664ec scheduler = Handler (android.os.Handler) {29aa2c0}
10-22 10:25:00.008  2951  2951 D SystemUIUpdateMonitor: sendTimeTickIntent() : receiver = android.widget.DateTimeView$ReceiverInfo$1@3a01c43 scheduler = Handler (android.os.Handler) {29aa2c0}
10-22 10:25:00.008  2951  2951 D SystemUIUpdateMonitor: sendTimeTickIntent() : receiver = com.android.systemui.statusbar.KeyguardIndicationController$1@8b8389c scheduler = Handler (android.os.Handler) {29aa2c0}
10-22 10:25:00.008  2951  2951 D SystemUIUpdateMonitor: sendTimeTickIntent() : receiver = com.android.keyguard.cust.KeyguardTextClock$1@6230c66 scheduler = Handler (android.os.Handler) {29aa2c0}
10-22 10:25:00.008  2951  2951 D SystemUIUpdateMonitor: sendTimeTickIntent() : receiver = com.android.systemui.statusbar.policy.DateView$1@7978ba7 scheduler = Handler (android.os.Handler) {29aa2c0}
10-22 10:25:00.008  2951  2951 D SystemUIUpdateMonitor: sendTimeTickIntent() : receiver = com.android.systemui.keyguard.glance.clockstyle.AnalogClock$1@7fdae84 scheduler = Handler (android.os.Handler) {29aa2c0}
10-22 10:25:00.008  2951  2951 D SystemUIUpdateMonitor: sendTimeTickIntent() : receiver = com.android.systemui.statusbar.policy.DateView$1@47b66d scheduler = Handler (android.os.Handler) {29aa2c0}
10-22 10:25:00.008  2951  2951 D SystemUIUpdateMonitor: sendTimeTickIntent() : receiver = com.android.keyguard.cust.KeyguardTextClock$1@d6c12a2 scheduler = Handler (android.os.Handler) {29aa2c0}
10-22 10:25:00.009  2951  2951 D SystemUIUpdateMonitor: sendTimeTickIntent() : receiver = com.android.systemui.statusbar.policy.DateView$1@ffd7b33 scheduler = Handler (android.os.Handler) {29aa2c0}
10-22 10:25:00.009  2951  2951 D SystemUIUpdateMonitor: sendTimeTickIntent() : receiver = com.android.systemui.keyguard.glance.clockstyle.AnalogClock$1@6e92ef0 scheduler = Handler (android.os.Handler) {29aa2c0}
10-22 10:25:00.009  2951  2951 D SystemUIUpdateMonitor: sendTimeTickIntent() : receiver = com.android.systemui.statusbar.policy.DateView$1@b364c69 scheduler = Handler (android.os.Handler) {29aa2c0}
10-22 10:25:00.009  2951  2951 D SystemUIUpdateMonitor: sendTimeTickIntent() : receiver = com.android.keyguard.cust.KeyguardTextClock$1@39cb6ee scheduler = Handler (android.os.Handler) {29aa2c0}
10-22 10:25:00.009  2951  2951 D SystemUIUpdateMonitor: sendTimeTickIntent() : receiver = com.android.systemui.statusbar.policy.DateView$1@38a978f scheduler = Handler (android.os.Handler) {29aa2c0}
10-22 10:25:00.009  2951  2951 D SystemUIUpdateMonitor: sendTimeTickIntent() : receiver = com.android.systemui.statusbar.policy.Clock$1@fc30a29 scheduler = Handler (android.os.Handler) {29aa2c0}
10-22 10:25:00.009  2951  2951 D SystemUIUpdateMonitor: sendTimeTickIntent() : receiver = com.android.systemui.statusbar.policy.Clock$1@e7aaefa scheduler = Handler (android.os.Handler) {29aa2c0}
10-22 10:25:00.009  2951  2951 D SystemUIUpdateMonitor: sendTimeTickIntent() : receiver = com.android.systemui.statusbar.policy.DateView$1@f34c0c6 scheduler = Handler (android.os.Handler) {29aa2c0}
10-22 10:25:00.009  2951  2951 D SystemUIUpdateMonitor: setTimeHandler() mTimeTICK_receiver.size() = 16
10-22 10:25:00.009  2951  2951 D SystemUIUpdateMonitor: setTimeHandler() newDelay = 59991
10-22 10:25:00.009  2951  2951 D KeyguardUpdateMonitor: received broadcast android.intent.action.TIME_TICK
10-22 10:25:00.010  2951  2951 D KeyguardUpdateMonitor: handleTimeUpdate
10-22 10:25:00.035 10163 10239 D         : PlayerBase::PlayerBase()
10-22 10:25:00.036 10163 10239 D         : TrackPlayerBase::TrackPlayerBase()
10-22 10:25:00.036 10163 10239 I libOpenSLES: Emulating old channel mask behavior (ignoring positional mask 0x3, using default mask 0x3 based on channel count of 2)
10-22 10:25:00.036   788 19651 D compress_voip: voice_extn_compress_voip_out_get_parameters: enter
10-22 10:25:00.037 10163 10239 W AudioTrack: AUDIO_OUTPUT_FLAG_FAST denied, rates do not match 44100 Hz, require 48000 Hz
10-22 10:25:00.037   955 11845 W AudioFlinger: createTrack_l(): mismatch between requested flags (00000100) and output flags (00000006)
10-22 10:25:00.037 10163 10239 D AudioTrack: Client defaulted notificationFrames to 590 for frameCount 1772
10-22 10:25:00.038  1109  3491 I chatty  : uid=1000(system) Binder:1109_9 identical 1 line
10-22 10:25:00.180 10163 10470 D         : PlayerBase::stop() from IPlayer
10-22 10:25:00.180 10163 10470 D AudioTrack: stop() called with 90112 frames delivered
10-22 10:25:00.181  1109  3491 W MediaRouterService: A2DP is enable in AudioService, Skip restoreBluetoothA2dp(false)
10-22 10:25:00.187 10163 10239 D         : PlayerBase::stop() from IPlayer
10-22 10:25:00.532  1109  2672 D HalDeviceManager: onDebugRingBufferDataAvailable
10-22 10:25:00.532  1109  2891 D WifiTrafficPoller: packet count Tx=10465684 Rx=21303684
10-22 10:25:00.534  1109  2672 D HalDeviceManager: onDebugRingBufferDataAvailable
10-22 10:25:00.549  1109  2672 I chatty  : uid=1000(system) HwBinder:1109_1 identical 8 lines
10-22 10:25:00.606  1109  2672 D HalDeviceManager: onDebugRingBufferDataAvailable
10-22 10:25:00.608 10163 10239 D         : PlayerBase::PlayerBase()
10-22 10:25:00.608  1109  2672 D HalDeviceManager: onDebugRingBufferDataAvailable
10-22 10:25:00.608 10163 10239 D         : TrackPlayerBase::TrackPlayerBase()
10-22 10:25:00.608 10163 10239 I libOpenSLES: Emulating old channel mask behavior (ignoring positional mask 0x3, using default mask 0x3 based on channel count of 2)
10-22 10:25:00.609   788 19651 D compress_voip: voice_extn_compress_voip_out_get_parameters: enter
10-22 10:25:00.609  1109  2672 D HalDeviceManager: onDebugRingBufferDataAvailable
10-22 10:25:00.609 10163 10239 W AudioTrack: AUDIO_OUTPUT_FLAG_FAST denied, rates do not match 44100 Hz, require 48000 Hz
10-22 10:25:00.610   955 11845 W AudioFlinger: createTrack_l(): mismatch between requested flags (00000100) and output flags (00000006)
10-22 10:25:00.610  1109  2672 D HalDeviceManager: onDebugRingBufferDataAvailable
10-22 10:25:00.611 10163 10239 D AudioTrack: Client defaulted notificationFrames to 590 for frameCount 1772
10-22 10:25:00.612  1109  2672 D HalDeviceManager: onDebugRingBufferDataAvailable
10-22 10:25:00.613  1109  3531 W MediaRouterService: A2DP is enable in AudioService, Skip restoreBluetoothA2dp(false)
10-22 10:25:00.808 10163 10239 D         : PlayerBase::PlayerBase()
10-22 10:25:00.808 10163 10239 D         : TrackPlayerBase::TrackPlayerBase()
10-22 10:25:00.808 10163 10239 I libOpenSLES: Emulating old channel mask behavior (ignoring positional mask 0x3, using default mask 0x3 based on channel count of 2)
10-22 10:25:00.809   788  2908 D compress_voip: voice_extn_compress_voip_out_get_parameters: enter
10-22 10:25:00.809 10163 10239 W AudioTrack: AUDIO_OUTPUT_FLAG_FAST denied, rates do not match 44100 Hz, require 48000 Hz
10-22 10:25:00.809   955 23714 W AudioFlinger: createTrack_l(): mismatch between requested flags (00000100) and output flags (00000006)
10-22 10:25:00.809 10163 10239 D AudioTrack: Client defaulted notificationFrames to 590 for frameCount 1772
10-22 10:25:00.811  1109  3491 W MediaRouterService: A2DP is enable in AudioService, Skip restoreBluetoothA2dp(false)
10-22 10:25:00.882 10163 10479 D         : PlayerBase::stop() from IPlayer
10-22 10:25:00.882 10163 10479 D AudioTrack: stop() called with 90112 frames delivered
10-22 10:25:00.882  1109  3531 W MediaRouterService: A2DP is enable in AudioService, Skip restoreBluetoothA2dp(false)
10-22 10:25:00.893 10163 10239 D         : PlayerBase::stop() from IPlayer
10-22 10:25:01.061 10163 10483 D         : PlayerBase::stop() from IPlayer
10-22 10:25:01.061 10163 10483 D AudioTrack: stop() called with 90112 frames delivered
10-22 10:25:01.062  1109  3531 W MediaRouterService: A2DP is enable in AudioService, Skip restoreBluetoothA2dp(false)
10-22 10:25:01.076 10163 10239 D         : PlayerBase::stop() from IPlayer
10-22 10:25:01.164  3130  3130 W ResourceType: No package identifier when getting value for resource number 0x00000000
10-22 10:25:01.168  2951  3088 D NetworkController.MobileSignalController(1): updateTelephony: hasService=true ss=SignalStrength: 99 0 -120 -160 -120 -1 -1 20 -100 -8 114 2147483647 0 2147483647 gsm|lte 99 99
10-22 10:25:01.169  2951  3088 I NetworkController.MobileSignalController(1): updateVoiceNetworkType voiceNetType: 13 mCurrentState.connected: true
10-22 10:25:01.172 13644 13644 D HeadsetPhoneState: Enter onSignalStrengthsChanged
10-22 10:25:01.172 13644 13644 D HeadsetPhoneState: Exit onSignalStrengthsChanged
10-22 10:25:01.173  2951  3088 I NetworkController.MobileSignalController(1): isShowSXLTEStyle: false isRoaming: false
10-22 10:25:01.211 10163 10239 D         : PlayerBase::PlayerBase()
10-22 10:25:01.211 10163 10239 D         : TrackPlayerBase::TrackPlayerBase()
10-22 10:25:01.211 10163 10239 I libOpenSLES: Emulating old channel mask behavior (ignoring positional mask 0x3, using default mask 0x3 based on channel count of 2)
10-22 10:25:01.212   788   788 D compress_voip: voice_extn_compress_voip_out_get_parameters: enter
10-22 10:25:01.212 10163 10239 W AudioTrack: AUDIO_OUTPUT_FLAG_FAST denied, rates do not match 44100 Hz, require 48000 Hz
10-22 10:25:01.213   955 23714 W AudioFlinger: createTrack_l(): mismatch between requested flags (00000100) and output flags (00000006)
10-22 10:25:01.213 10163 10239 D AudioTrack: Client defaulted notificationFrames to 590 for frameCount 1772
10-22 10:25:01.217  1109  3491 W MediaRouterService: A2DP is enable in AudioService, Skip restoreBluetoothA2dp(false)
10-22 10:25:01.258  1109  2672 D HalDeviceManager: onDebugRingBufferDataAvailable
10-22 10:25:01.260  1109  2672 I chatty  : uid=1000(system) HwBinder:1109_1 identical 3 lines
10-22 10:25:01.260  1109  2672 D HalDeviceManager: onDebugRingBufferDataAvailable
10-22 10:25:01.306 10163 10486 D         : PlayerBase::stop() from IPlayer
10-22 10:25:01.306 10163 10486 D AudioTrack: stop() called with 90112 frames delivered
10-22 10:25:01.307  1109  3491 W MediaRouterService: A2DP is enable in AudioService, Skip restoreBluetoothA2dp(false)
10-22 10:25:01.313 10163 10239 D         : PlayerBase::stop() from IPlayer
10-22 10:25:01.405 10163 10489 D         : PlayerBase::stop() from IPlayer
10-22 10:25:01.405 10163 10489 D AudioTrack: stop() called with 90112 frames delivered
10-22 10:25:01.408  1109  3531 W MediaRouterService: A2DP is enable in AudioService, Skip restoreBluetoothA2dp(false)
10-22 10:25:01.412 10163 10239 D         : PlayerBase::stop() from IPlayer
10-22 10:25:01.535  1109  2891 D WifiTrafficPoller: packet count Tx=10465686 Rx=21303685
10-22 10:25:01.537  1109  2672 D HalDeviceManager: onDebugRingBufferDataAvailable
10-22 10:25:01.582  1109  2672 I chatty  : uid=1000(system) HwBinder:1109_1 identical 8 lines
10-22 10:25:01.583  1109  2672 D HalDeviceManager: onDebugRingBufferDataAvailable
10-22 10:25:01.625 10163 10492 D         : PlayerBase::stop() from IPlayer
10-22 10:25:01.625 10163 10492 D AudioTrack: stop() called with 90112 frames delivered
10-22 10:25:01.626  1109  3531 W MediaRouterService: A2DP is enable in AudioService, Skip restoreBluetoothA2dp(false)
10-22 10:25:01.634 10163 10239 D         : PlayerBase::stop() from IPlayer
10-22 10:25:01.785 10163 10495 D         : PlayerBase::stop() from IPlayer
10-22 10:25:01.785 10163 10495 D AudioTrack: stop() called with 90112 frames delivered
10-22 10:25:01.786  1109  3491 W MediaRouterService: A2DP is enable in AudioService, Skip restoreBluetoothA2dp(false)
10-22 10:25:01.799 10163 10239 D         : PlayerBase::stop() from IPlayer
10-22 10:25:01.824  1109  3736 D HalDeviceManager: onDebugRingBufferDataAvailable
10-22 10:25:01.826  1109  3736 I chatty  : uid=1000(system) HwBinder:1109_5 identical 3 lines
10-22 10:25:01.826  1109  3736 D HalDeviceManager: onDebugRingBufferDataAvailable
10-22 10:25:01.985 10163 10498 D         : PlayerBase::stop() from IPlayer
10-22 10:25:01.985 10163 10498 D AudioTrack: stop() called with 90112 frames delivered
10-22 10:25:01.986  1109  3491 I chatty  : uid=1000(system) Binder:1109_9 identical 1 line
10-22 10:25:01.999 10163 10239 D         : PlayerBase::stop() from IPlayer
10-22 10:25:02.068 10163 10499 D         : PlayerBase::stop() from IPlayer
10-22 10:25:02.068 10163 10499 D AudioTrack: stop() called with 90112 frames delivered
10-22 10:25:02.069  1109  3491 W MediaRouterService: A2DP is enable in AudioService, Skip restoreBluetoothA2dp(false)
10-22 10:25:02.082 10163 10239 D         : PlayerBase::stop() from IPlayer
10-22 10:25:02.535  1109  2672 D HalDeviceManager: onDebugRingBufferDataAvailable
10-22 10:25:02.535  1109  2672 D HalDeviceManager: onDebugRingBufferDataAvailable
10-22 10:25:02.536  1109  2891 D WifiTrafficPoller: packet count Tx=10465688 Rx=21303686
10-22 10:25:02.537  1109  2672 D HalDeviceManager: onDebugRingBufferDataAvailable
10-22 10:25:02.608  1109  2672 I chatty  : uid=1000(system) HwBinder:1109_1 identical 6 lines
10-22 10:25:02.609  1109  2672 D HalDeviceManager: onDebugRingBufferDataAvailable
10-22 10:25:02.646 10163 10506 D         : PlayerBase::stop() from IPlayer
10-22 10:25:02.646 10163 10506 D AudioTrack: stop() called with 90112 frames delivered
10-22 10:25:02.648  1109  3531 W MediaRouterService: A2DP is enable in AudioService, Skip restoreBluetoothA2dp(false)
10-22 10:25:02.652 10163 10239 D         : PlayerBase::stop() from IPlayer
10-22 10:25:02.826 10163 10509 D         : PlayerBase::stop() from IPlayer
10-22 10:25:02.826 10163 10509 D AudioTrack: stop() called with 90112 frames delivered
10-22 10:25:02.827  1109  3491 W MediaRouterService: A2DP is enable in AudioService, Skip restoreBluetoothA2dp(false)
10-22 10:25:02.837 10163 10239 D         : PlayerBase::stop() from IPlayer
10-22 10:25:03.225 10163 10518 D         : PlayerBase::stop() from IPlayer
10-22 10:25:03.225 10163 10518 D AudioTrack: stop() called with 90112 frames delivered
10-22 10:25:03.225  1109  3531 W MediaRouterService: A2DP is enable in AudioService, Skip restoreBluetoothA2dp(false)
10-22 10:25:03.240 10163 10239 D         : PlayerBase::stop() from IPlayer
10-22 10:25:03.538  1109  3736 D HalDeviceManager: onDebugRingBufferDataAvailable
10-22 10:25:03.540  1109  2891 D WifiTrafficPoller: packet count Tx=10465690 Rx=21303689
10-22 10:25:03.542  1109  3736 D HalDeviceManager: onDebugRingBufferDataAvailable
10-22 10:25:03.544  1109  3736 I chatty  : uid=1000(system) HwBinder:1109_5 identical 2 lines
10-22 10:25:03.545  1109  3736 D HalDeviceManager: onDebugRingBufferDataAvailable
10-22 10:25:03.600  1109  2672 D HalDeviceManager: onDebugRingBufferDataAvailable
10-22 10:25:03.816  1109  2672 I chatty  : uid=1000(system) HwBinder:1109_1 identical 9 lines
10-22 10:25:03.816  1109  2672 D HalDeviceManager: onDebugRingBufferDataAvailable
10-22 10:25:03.852  1109  1109 V Telecom : Logging: No stale logging sessions needed to be cleaned...
10-22 10:25:04.098 10163 10239 D         : PlayerBase::PlayerBase()
10-22 10:25:04.098 10163 10239 D         : TrackPlayerBase::TrackPlayerBase()
10-22 10:25:04.098 10163 10239 I libOpenSLES: Emulating old channel mask behavior (ignoring positional mask 0x3, using default mask 0x3 based on channel count of 2)
10-22 10:25:04.099   788 19651 D compress_voip: voice_extn_compress_voip_out_get_parameters: enter
10-22 10:25:04.099 10163 10239 W AudioTrack: AUDIO_OUTPUT_FLAG_FAST denied, rates do not match 44100 Hz, require 48000 Hz
10-22 10:25:04.100   955   955 W AudioFlinger: createTrack_l(): mismatch between requested flags (00000100) and output flags (00000006)
10-22 10:25:04.101 10163 10239 D AudioTrack: Client defaulted notificationFrames to 590 for frameCount 1772
10-22 10:25:04.102  1109  3144 W MediaRouterService: A2DP is enable in AudioService, Skip restoreBluetoothA2dp(false)
10-22 10:25:04.113 10163 10239 D         : PlayerBase::PlayerBase()
10-22 10:25:04.114 10163 10239 D         : TrackPlayerBase::TrackPlayerBase()
10-22 10:25:04.114 10163 10239 I libOpenSLES: Emulating old channel mask behavior (ignoring positional mask 0x3, using default mask 0x3 based on channel count of 2)
10-22 10:25:04.114   788 19651 D compress_voip: voice_extn_compress_voip_out_get_parameters: enter
10-22 10:25:04.115 10163 10239 W AudioTrack: AUDIO_OUTPUT_FLAG_FAST denied, rates do not match 44100 Hz, require 48000 Hz
10-22 10:25:04.115   955 11845 W AudioFlinger: createTrack_l(): mismatch between requested flags (00000100) and output flags (00000006)
10-22 10:25:04.117 10163 10239 D AudioTrack: Client defaulted notificationFrames to 590 for frameCount 1772
10-22 10:25:04.118  1109  3144 W MediaRouterService: A2DP is enable in AudioService, Skip restoreBluetoothA2dp(false)
10-22 10:25:04.383 10163 10239 D         : PlayerBase::PlayerBase()
10-22 10:25:04.384 10163 10239 D         : TrackPlayerBase::TrackPlayerBase()
10-22 10:25:04.384 10163 10239 I libOpenSLES: Emulating old channel mask behavior (ignoring positional mask 0x3, using default mask 0x3 based on channel count of 2)
10-22 10:25:04.384   788   788 D compress_voip: voice_extn_compress_voip_out_get_parameters: enter
10-22 10:25:04.385 10163 10239 W AudioTrack: AUDIO_OUTPUT_FLAG_FAST denied, rates do not match 44100 Hz, require 48000 Hz
10-22 10:25:04.385   955 11845 W AudioFlinger: createTrack_l(): mismatch between requested flags (00000100) and output flags (00000006)
10-22 10:25:04.385 10163 10239 D AudioTrack: Client defaulted notificationFrames to 590 for frameCount 1772
10-22 10:25:04.388  1109  3531 W MediaRouterService: A2DP is enable in AudioService, Skip restoreBluetoothA2dp(false)
10-22 10:25:04.416 10163 10239 D         : PlayerBase::PlayerBase()
10-22 10:25:04.416 10163 10239 D         : TrackPlayerBase::TrackPlayerBase()
10-22 10:25:04.416 10163 10239 I libOpenSLES: Emulating old channel mask behavior (ignoring positional mask 0x3, using default mask 0x3 based on channel count of 2)
10-22 10:25:04.417   788   788 D compress_voip: voice_extn_compress_voip_out_get_parameters: enter
10-22 10:25:04.417 10163 10239 W AudioTrack: AUDIO_OUTPUT_FLAG_FAST denied, rates do not match 44100 Hz, require 48000 Hz
10-22 10:25:04.417   955 23714 W AudioFlinger: createTrack_l(): mismatch between requested flags (00000100) and output flags (00000006)
10-22 10:25:04.418 10163 10239 D AudioTrack: Client defaulted notificationFrames to 590 for frameCount 1772
10-22 10:25:04.420  1109  3144 W MediaRouterService: A2DP is enable in AudioService, Skip restoreBluetoothA2dp(false)
10-22 10:25:04.542  1109  2891 D WifiTrafficPoller: packet count Tx=10465692 Rx=21303690
10-22 10:25:04.545  1109  3736 D HalDeviceManager: onDebugRingBufferDataAvailable
10-22 10:25:05.157  1109  3736 I chatty  : uid=1000(system) HwBinder:1109_5 identical 13 lines
10-22 10:25:05.157  1109  3736 D HalDeviceManager: onDebugRingBufferDataAvailable
10-22 10:25:05.544  1109  2891 D WifiTrafficPoller: packet count Tx=10465694 Rx=21303692
10-22 10:25:05.545  1109  2672 D HalDeviceManager: onDebugRingBufferDataAvailable
10-22 10:25:05.613  1109  2672 I chatty  : uid=1000(system) HwBinder:1109_1 identical 8 lines
10-22 10:25:05.613  1109  2672 D HalDeviceManager: onDebugRingBufferDataAvailable
10-22 10:25:05.647  1109  3736 D HalDeviceManager: onDebugRingBufferDataAvailable
10-22 10:25:05.650  1109  3736 I chatty  : uid=1000(system) HwBinder:1109_5 identical 3 lines
10-22 10:25:05.651  1109  3736 D HalDeviceManager: onDebugRingBufferDataAvailable
10-22 10:25:05.677  1109  1131 I zygote64: Background concurrent copying GC freed 27097(23MB) AllocSpace objects, 2(104KB) LOS objects, 25% free, 70MB/94MB, paused 65us total 128.826ms
10-22 10:25:05.680 10163 10177 D         : TrackPlayerBase::~TrackPlayerBase()
10-22 10:25:05.680 10163 10177 D         : PlayerBase::~PlayerBase()
10-22 10:25:05.680 10163 10177 D         : TrackPlayerBase::~TrackPlayerBase()
10-22 10:25:05.680 10163 10177 D         : PlayerBase::~PlayerBase()
10-22 10:25:05.680 10163 10177 D         : TrackPlayerBase::~TrackPlayerBase()
10-22 10:25:05.680 10163 10177 D         : PlayerBase::~PlayerBase()
10-22 10:25:05.680 10163 10176 D         : TrackPlayerBase::~TrackPlayerBase()
10-22 10:25:05.680 10163 10176 D         : PlayerBase::~PlayerBase()
10-22 10:25:05.680 10163 10176 D         : TrackPlayerBase::~TrackPlayerBase()
10-22 10:25:05.680 10163 10176 D         : PlayerBase::~PlayerBase()
10-22 10:25:05.680 10163 10176 D         : TrackPlayerBase::~TrackPlayerBase()
10-22 10:25:05.680 10163 10176 D         : PlayerBase::~PlayerBase()
10-22 10:25:05.680 10163 10177 D         : TrackPlayerBase::~TrackPlayerBase()
10-22 10:25:05.680 10163 10177 D         : PlayerBase::~PlayerBase()
10-22 10:25:05.680 10163 10176 D         : TrackPlayerBase::~TrackPlayerBase()
10-22 10:25:05.680 10163 10176 D         : PlayerBase::~PlayerBase()
10-22 10:25:05.681 10163 10176 D         : TrackPlayerBase::~TrackPlayerBase()
10-22 10:25:05.681 10163 10176 D         : PlayerBase::~PlayerBase()
10-22 10:25:05.681 10163 10177 D         : TrackPlayerBase::~TrackPlayerBase()
10-22 10:25:05.681 10163 10177 D         : PlayerBase::~PlayerBase()
10-22 10:25:05.681 10163 10177 D         : TrackPlayerBase::~TrackPlayerBase()
10-22 10:25:05.681 10163 10177 D         : PlayerBase::~PlayerBase()
10-22 10:25:05.681 10163 10177 D         : TrackPlayerBase::~TrackPlayerBase()
10-22 10:25:05.681 10163 10177 D         : PlayerBase::~PlayerBase()
10-22 10:25:05.681 10163 10177 D         : TrackPlayerBase::~TrackPlayerBase()
10-22 10:25:05.681 10163 10177 D         : PlayerBase::~PlayerBase()
10-22 10:25:05.681 10163 10177 D         : TrackPlayerBase::~TrackPlayerBase()
10-22 10:25:05.681 10163 10177 D         : PlayerBase::~PlayerBase()
10-22 10:25:05.681 10163 10177 D         : TrackPlayerBase::~TrackPlayerBase()
10-22 10:25:05.681 10163 10177 D         : PlayerBase::~PlayerBase()
10-22 10:25:05.681 10163 10177 D         : TrackPlayerBase::~TrackPlayerBase()
10-22 10:25:05.681 10163 10177 D         : PlayerBase::~PlayerBase()
10-22 10:25:05.681 10163 10177 D         : TrackPlayerBase::~TrackPlayerBase()
10-22 10:25:05.681 10163 10177 D         : PlayerBase::~PlayerBase()
10-22 10:25:05.681 10163 10177 D         : TrackPlayerBase::~TrackPlayerBase()
10-22 10:25:05.681 10163 10177 D         : PlayerBase::~PlayerBase()
10-22 10:25:05.681 10163 10177 D         : TrackPlayerBase::~TrackPlayerBase()
10-22 10:25:05.681 10163 10177 D         : PlayerBase::~PlayerBase()
10-22 10:25:05.681 10163 10177 D         : TrackPlayerBase::~TrackPlayerBase()
10-22 10:25:05.681 10163 10177 D         : PlayerBase::~PlayerBase()
10-22 10:25:05.681 10163 10572 D         : TrackPlayerBase::~TrackPlayerBase()
10-22 10:25:05.681 10163 10177 D         : TrackPlayerBase::~TrackPlayerBase()
10-22 10:25:05.681 10163 10177 D         : PlayerBase::~PlayerBase()
10-22 10:25:05.681 10163 10572 D         : PlayerBase::~PlayerBase()
10-22 10:25:05.681 10163 10572 D         : TrackPlayerBase::~TrackPlayerBase()
10-22 10:25:05.681 10163 10177 D         : TrackPlayerBase::~TrackPlayerBase()
10-22 10:25:05.681 10163 10572 D         : PlayerBase::~PlayerBase()
10-22 10:25:05.681 10163 10177 D         : PlayerBase::~PlayerBase()
10-22 10:25:05.681 10163 10177 D         : TrackPlayerBase::~TrackPlayerBase()
10-22 10:25:05.681 10163 10177 D         : PlayerBase::~PlayerBase()
10-22 10:25:05.681 10163 10572 D         : TrackPlayerBase::~TrackPlayerBase()
10-22 10:25:05.681 10163 10177 D         : TrackPlayerBase::~TrackPlayerBase()
10-22 10:25:05.681 10163 10572 D         : PlayerBase::~PlayerBase()
10-22 10:25:05.681 10163 10177 D         : PlayerBase::~PlayerBase()
10-22 10:25:05.681 10163 10572 D         : TrackPlayerBase::~TrackPlayerBase()
10-22 10:25:05.681 10163 10572 D         : PlayerBase::~PlayerBase()
10-22 10:25:05.681 10163 10572 D         : TrackPlayerBase::~TrackPlayerBase()
10-22 10:25:05.681 10163 10572 D         : PlayerBase::~PlayerBase()
10-22 10:25:05.681 10163 10572 D         : TrackPlayerBase::~TrackPlayerBase()
10-22 10:25:05.681 10163 10572 D         : PlayerBase::~PlayerBase()
10-22 10:25:05.681 10163 10205 D         : TrackPlayerBase::~TrackPlayerBase()
10-22 10:25:05.681 10163 10205 D         : PlayerBase::~PlayerBase()
10-22 10:25:06.129 10163 10552 D         : PlayerBase::stop() from IPlayer
10-22 10:25:06.129 10163 10552 D AudioTrack: stop() called with 90112 frames delivered
10-22 10:25:06.129 10163 10550 D         : PlayerBase::stop() from IPlayer
10-22 10:25:06.129 10163 10550 D AudioTrack: stop() called with 90112 frames delivered
10-22 10:25:06.129  1109  3531 W MediaRouterService: A2DP is enable in AudioService, Skip restoreBluetoothA2dp(false)
10-22 10:25:06.144 10163 10239 D         : PlayerBase::stop() from IPlayer
10-22 10:25:06.144 10163 10239 D         : PlayerBase::stop() from IPlayer
10-22 10:25:06.409 10163 10556 D         : PlayerBase::stop() from IPlayer
10-22 10:25:06.409 10163 10556 D AudioTrack: stop() called with 90112 frames delivered
10-22 10:25:06.409  1109  3531 I chatty  : uid=1000(system) Binder:1109_C identical 2 lines
10-22 10:25:06.413 10163 10239 D         : PlayerBase::stop() from IPlayer
10-22 10:25:06.429 10163 10557 D         : PlayerBase::stop() from IPlayer
10-22 10:25:06.429 10163 10557 D AudioTrack: stop() called with 90112 frames delivered
10-22 10:25:06.430  1109  3531 W MediaRouterService: A2DP is enable in AudioService, Skip restoreBluetoothA2dp(false)
10-22 10:25:06.430 10163 10239 D         : PlayerBase::stop() from IPlayer
10-22 10:25:06.546  1109  2891 D WifiTrafficPoller: packet count Tx=10465696 Rx=21303693
10-22 10:25:06.548  1109  2672 D HalDeviceManager: onDebugRingBufferDataAvailable
10-22 10:25:06.550  1109  2672 I chatty  : uid=1000(system) HwBinder:1109_1 identical 3 lines
10-22 10:25:06.550  1109  2672 D HalDeviceManager: onDebugRingBufferDataAvailable
10-22 10:25:06.646  1109  3736 D HalDeviceManager: onDebugRingBufferDataAvailable
10-22 10:25:06.651  1109  3736 I chatty  : uid=1000(system) HwBinder:1109_5 identical 3 lines
10-22 10:25:06.652  1109  3736 D HalDeviceManager: onDebugRingBufferDataAvailable
10-22 10:25:06.904 10163 10169 I zygote  : Do partial code cache collection, code=28KB, data=30KB
10-22 10:25:06.904 10163 10169 I zygote  : After code cache collection, code=28KB, data=30KB
10-22 10:25:06.904 10163 10169 I zygote  : Increasing code cache capacity to 128KB
10-22 10:25:07.165  3130  3130 W ResourceType: No package identifier when getting value for resource number 0x00000000
10-22 10:25:07.168 13644 13644 D HeadsetPhoneState: Enter onSignalStrengthsChanged
10-22 10:25:07.168  2951  3088 D NetworkController.MobileSignalController(1): updateTelephony: hasService=true ss=SignalStrength: 99 0 -120 -160 -120 -1 -1 23 -101 -11 108 2147483647 0 2147483647 gsm|lte 99 99
10-22 10:25:07.168 13644 13644 D HeadsetPhoneState: Exit onSignalStrengthsChanged
10-22 10:25:07.168  2951  3088 I NetworkController.MobileSignalController(1): updateVoiceNetworkType voiceNetType: 13 mCurrentState.connected: true
10-22 10:25:07.175  2951  3088 I NetworkController.MobileSignalController(1): isShowSXLTEStyle: false isRoaming: false
10-22 10:25:07.548  1109  2891 D WifiTrafficPoller: packet count Tx=10465698 Rx=21303694
10-22 10:25:07.550  1109  3736 D HalDeviceManager: onDebugRingBufferDataAvailable
10-22 10:25:07.555  1109  3736 I chatty  : uid=1000(system) HwBinder:1109_5 identical 3 lines
10-22 10:25:07.556  1109  3736 D HalDeviceManager: onDebugRingBufferDataAvailable
10-22 10:25:07.715  1109  2672 D HalDeviceManager: onDebugRingBufferDataAvailable
10-22 10:25:08.549  1109  2672 I chatty  : uid=1000(system) HwBinder:1109_1 identical 5 lines
