10-22 10:25:24.550   955 23714 W AudioFlinger: createTrack_l(): mismatch between requested flags (00000100) and output flags (00000006)
10-22 10:25:24.551 10163 10239 D AudioTrack: Client defaulted notificationFrames to 590 for frameCount 1772
10-22 10:25:24.585  1109  2891 D WifiTrafficPoller: packet count Tx=10465734 Rx=21303716
10-22 10:25:24.587 10163 10788 D         : PlayerBase::stop() from IPlayer
10-22 10:25:24.587 10163 10788 D AudioTrack: stop() called with 90112 frames delivered
10-22 10:25:24.588  1109  2672 D HalDeviceManager: onDebugRingBufferDataAvailable
10-22 10:25:24.589  1109  2672 I chatty  : uid=1000(system) HwBinder:1109_1 identical 3 lines
10-22 10:25:24.590  1109  2672 D HalDeviceManager: onDebugRingBufferDataAvailable
10-22 10:25:24.592  1109  3736 D HalDeviceManager: onDebugRingBufferDataAvailable
10-22 10:25:24.593  1109  2672 D HalDeviceManager: onDebugRingBufferDataAvailable
10-22 10:25:24.593  1109  2672 I chatty  : uid=1000(system) HwBinder:1109_1 identical 2 lines
10-22 10:25:24.594  1109  2672 D HalDeviceManager: onDebugRingBufferDataAvailable
10-22 10:25:24.599 10163 10239 D         : PlayerBase::stop() from IPlayer
10-22 10:25:24.600 10163 10239 D         : PlayerBase::PlayerBase()
10-22 10:25:24.600 10163 10239 D         : TrackPlayerBase::TrackPlayerBase()
10-22 10:25:24.600 10163 10239 I libOpenSLES: Emulating old channel mask behavior (ignoring positional mask 0x3, using default mask 0x3 based on channel count of 2)
10-22 10:25:24.601   788 19651 D compress_voip: voice_extn_compress_voip_out_get_parameters: enter
10-22 10:25:24.601 10163 10239 W AudioTrack: AUDIO_OUTPUT_FLAG_FAST denied, rates do not match 44100 Hz, require 48000 Hz
10-22 10:25:24.601   955   955 W AudioFlinger: createTrack_l(): mismatch between requested flags (00000100) and output flags (00000006)
10-22 10:25:24.601 10163 10239 D AudioTrack: Client defaulted notificationFrames to 590 for frameCount 1772
10-22 10:25:24.634  1109  3736 D HalDeviceManager: onDebugRingBufferDataAvailable
10-22 10:25:24.636  1109  3736 I chatty  : uid=1000(system) HwBinder:1109_5 identical 3 lines
10-22 10:25:24.637  1109  3736 D HalDeviceManager: onDebugRingBufferDataAvailable
10-22 10:25:24.693 10163 10792 D         : PlayerBase::stop() from IPlayer
10-22 10:25:24.693 10163 10792 D AudioTrack: stop() called with 90112 frames delivered
10-22 10:25:24.698 10163 10239 D         : PlayerBase::stop() from IPlayer
10-22 10:25:24.773 10163 10796 D         : PlayerBase::stop() from IPlayer
10-22 10:25:24.773 10163 10796 D AudioTrack: stop() called with 90112 frames delivered
10-22 10:25:24.784 10163 10239 D         : PlayerBase::stop() from IPlayer
10-22 10:25:24.813 10163 10797 D         : PlayerBase::stop() from IPlayer
10-22 10:25:24.813 10163 10797 D AudioTrack: stop() called with 90112 frames delivered
10-22 10:25:24.814  1109  3491 I chatty  : uid=1000(system) Binder:1109_9 identical 6 lines
10-22 10:25:24.817 10163 10239 D         : PlayerBase::stop() from IPlayer
10-22 10:25:24.877  1109  2672 D HalDeviceManager: onDebugRingBufferDataAvailable
10-22 10:25:24.881  1109  2672 I chatty  : uid=1000(system) HwBinder:1109_1 identical 4 lines
10-22 10:25:24.881  1109  2672 D HalDeviceManager: onDebugRingBufferDataAvailable
10-22 10:25:25.587  1109  2891 D WifiTrafficPoller: packet count Tx=10465736 Rx=21303718
10-22 10:25:25.598  1109  2672 D HalDeviceManager: onDebugRingBufferDataAvailable
10-22 10:25:25.601  1109  3736 D HalDeviceManager: onDebugRingBufferDataAvailable
10-22 10:25:25.604  1109  3736 I chatty  : uid=1000(system) HwBinder:1109_5 identical 2 lines
10-22 10:25:25.605  1109  3736 D HalDeviceManager: onDebugRingBufferDataAvailable
10-22 10:25:25.656 10163 10239 D         : PlayerBase::PlayerBase()
10-22 10:25:25.656 10163 10239 D         : TrackPlayerBase::TrackPlayerBase()
10-22 10:25:25.656 10163 10239 I libOpenSLES: Emulating old channel mask behavior (ignoring positional mask 0x3, using default mask 0x3 based on channel count of 2)
10-22 10:25:25.657   788 19651 D compress_voip: voice_extn_compress_voip_out_get_parameters: enter
10-22 10:25:25.657 10163 10239 W AudioTrack: AUDIO_OUTPUT_FLAG_FAST denied, rates do not match 44100 Hz, require 48000 Hz
10-22 10:25:25.657   955 11845 W AudioFlinger: createTrack_l(): mismatch between requested flags (00000100) and output flags (00000006)
10-22 10:25:25.657 10163 10239 D AudioTrack: Client defaulted notificationFrames to 590 for frameCount 1772
10-22 10:25:25.659  1109  3491 W MediaRouterService: A2DP is enable in AudioService, Skip restoreBluetoothA2dp(false)
10-22 10:25:25.755 10163 10239 D         : PlayerBase::PlayerBase()
10-22 10:25:25.758 10163 10239 D         : TrackPlayerBase::TrackPlayerBase()
10-22 10:25:25.758 10163 10239 I libOpenSLES: Emulating old channel mask behavior (ignoring positional mask 0x3, using default mask 0x3 based on channel count of 2)
10-22 10:25:25.760   788 19651 D compress_voip: voice_extn_compress_voip_out_get_parameters: enter
10-22 10:25:25.760 10163 10239 W AudioTrack: AUDIO_OUTPUT_FLAG_FAST denied, rates do not match 44100 Hz, require 48000 Hz
10-22 10:25:25.761   955   955 W AudioFlinger: createTrack_l(): mismatch between requested flags (00000100) and output flags (00000006)
10-22 10:25:25.762 10163 10239 D AudioTrack: Client defaulted notificationFrames to 590 for frameCount 1772
10-22 10:25:25.764  1109  3531 W MediaRouterService: A2DP is enable in AudioService, Skip restoreBluetoothA2dp(false)
10-22 10:25:25.805 10163 10239 D         : PlayerBase::PlayerBase()
10-22 10:25:25.806 10163 10239 D         : TrackPlayerBase::TrackPlayerBase()
10-22 10:25:25.806 10163 10239 I libOpenSLES: Emulating old channel mask behavior (ignoring positional mask 0x3, using default mask 0x3 based on channel count of 2)
10-22 10:25:25.807   788   788 D compress_voip: voice_extn_compress_voip_out_get_parameters: enter
10-22 10:25:25.807 10163 10239 W AudioTrack: AUDIO_OUTPUT_FLAG_FAST denied, rates do not match 44100 Hz, require 48000 Hz
10-22 10:25:25.808   955   955 W AudioFlinger: createTrack_l(): mismatch between requested flags (00000100) and output flags (00000006)
10-22 10:25:25.810 10163 10239 D AudioTrack: Client defaulted notificationFrames to 590 for frameCount 1772
10-22 10:25:25.813  1109  3144 W MediaRouterService: A2DP is enable in AudioService, Skip restoreBluetoothA2dp(false)
10-22 10:25:25.820 10163 10239 D         : PlayerBase::PlayerBase()
10-22 10:25:25.821 10163 10239 D         : TrackPlayerBase::TrackPlayerBase()
10-22 10:25:25.821 10163 10239 I libOpenSLES: Emulating old channel mask behavior (ignoring positional mask 0x3, using default mask 0x3 based on channel count of 2)
10-22 10:25:25.821   788   788 D compress_voip: voice_extn_compress_voip_out_get_parameters: enter
10-22 10:25:25.822 10163 10239 W AudioTrack: AUDIO_OUTPUT_FLAG_FAST denied, rates do not match 44100 Hz, require 48000 Hz
10-22 10:25:25.822   955   955 W AudioFlinger: createTrack_l(): mismatch between requested flags (00000100) and output flags (00000006)
10-22 10:25:25.822 10163 10239 D AudioTrack: Client defaulted notificationFrames to 590 for frameCount 1772
10-22 10:25:25.823  1109  3531 W MediaRouterService: A2DP is enable in AudioService, Skip restoreBluetoothA2dp(false)
10-22 10:25:25.939  1109  3736 D HalDeviceManager: onDebugRingBufferDataAvailable
10-22 10:25:25.953  1109  3736 I chatty  : uid=1000(system) HwBinder:1109_5 identical 3 lines
10-22 10:25:25.953  1109  3736 D HalDeviceManager: onDebugRingBufferDataAvailable
10-22 10:25:26.084  1109  1131 I zygote64: Background concurrent copying GC freed 26197(24MB) AllocSpace objects, 0(0B) LOS objects, 25% free, 69MB/93MB, paused 451us total 142.985ms
10-22 10:25:26.089 10163 10573 D         : TrackPlayerBase::~TrackPlayerBase()
10-22 10:25:26.089 10163 10573 D         : PlayerBase::~PlayerBase()
10-22 10:25:26.089 10163 10573 D         : TrackPlayerBase::~TrackPlayerBase()
10-22 10:25:26.089 10163 10573 D         : PlayerBase::~PlayerBase()
10-22 10:25:26.089 10163 10573 D         : TrackPlayerBase::~TrackPlayerBase()
10-22 10:25:26.089 10163 10573 D         : PlayerBase::~PlayerBase()
10-22 10:25:26.089 10163 10573 D         : TrackPlayerBase::~TrackPlayerBase()
10-22 10:25:26.089 10163 10573 D         : PlayerBase::~PlayerBase()
10-22 10:25:26.089 10163 10176 D         : TrackPlayerBase::~TrackPlayerBase()
10-22 10:25:26.089 10163 10176 D         : PlayerBase::~PlayerBase()
10-22 10:25:26.089 10163 10176 D         : TrackPlayerBase::~TrackPlayerBase()
10-22 10:25:26.089 10163 10176 D         : PlayerBase::~PlayerBase()
10-22 10:25:26.089 10163 10572 D         : TrackPlayerBase::~TrackPlayerBase()
10-22 10:25:26.089 10163 10572 D         : PlayerBase::~PlayerBase()
10-22 10:25:26.089 10163 10572 D         : TrackPlayerBase::~TrackPlayerBase()
10-22 10:25:26.089 10163 10572 D         : PlayerBase::~PlayerBase()
10-22 10:25:26.089 10163 10572 D         : TrackPlayerBase::~TrackPlayerBase()
10-22 10:25:26.089 10163 10572 D         : PlayerBase::~PlayerBase()
10-22 10:25:26.089 10163 10572 D         : TrackPlayerBase::~TrackPlayerBase()
10-22 10:25:26.089 10163 10572 D         : PlayerBase::~PlayerBase()
10-22 10:25:26.089 10163 10177 D         : TrackPlayerBase::~TrackPlayerBase()
10-22 10:25:26.089 10163 10572 D         : TrackPlayerBase::~TrackPlayerBase()
10-22 10:25:26.089 10163 10572 D         : PlayerBase::~PlayerBase()
10-22 10:25:26.089 10163 10177 D         : PlayerBase::~PlayerBase()
10-22 10:25:26.089 10163 10572 D         : TrackPlayerBase::~TrackPlayerBase()
10-22 10:25:26.089 10163 10177 D         : TrackPlayerBase::~TrackPlayerBase()
10-22 10:25:26.089 10163 10572 D         : PlayerBase::~PlayerBase()
10-22 10:25:26.089 10163 10177 D         : PlayerBase::~PlayerBase()
10-22 10:25:26.089 10163 10572 D         : TrackPlayerBase::~TrackPlayerBase()
10-22 10:25:26.089 10163 10177 D         : TrackPlayerBase::~TrackPlayerBase()
10-22 10:25:26.089 10163 10572 D         : PlayerBase::~PlayerBase()
10-22 10:25:26.089 10163 10177 D         : PlayerBase::~PlayerBase()
10-22 10:25:26.089 10163 10572 D         : TrackPlayerBase::~TrackPlayerBase()
10-22 10:25:26.090 10163 10177 D         : TrackPlayerBase::~TrackPlayerBase()
10-22 10:25:26.090 10163 10572 D         : PlayerBase::~PlayerBase()
10-22 10:25:26.090 10163 10177 D         : PlayerBase::~PlayerBase()
10-22 10:25:26.090 10163 10572 D         : TrackPlayerBase::~TrackPlayerBase()
10-22 10:25:26.090 10163 10572 D         : PlayerBase::~PlayerBase()
10-22 10:25:26.090 10163 10177 D         : TrackPlayerBase::~TrackPlayerBase()
10-22 10:25:26.090 10163 10177 D         : PlayerBase::~PlayerBase()
10-22 10:25:26.090 10163 10572 D         : TrackPlayerBase::~TrackPlayerBase()
10-22 10:25:26.090 10163 10572 D         : PlayerBase::~PlayerBase()
10-22 10:25:26.090 10163 10177 D         : TrackPlayerBase::~TrackPlayerBase()
10-22 10:25:26.090 10163 10177 D         : PlayerBase::~PlayerBase()
10-22 10:25:26.090 10163 10177 D         : TrackPlayerBase::~TrackPlayerBase()
10-22 10:25:26.090 10163 10177 D         : PlayerBase::~PlayerBase()
10-22 10:25:26.090 10163 10177 D         : TrackPlayerBase::~TrackPlayerBase()
10-22 10:25:26.090 10163 10177 D         : PlayerBase::~PlayerBase()
10-22 10:25:26.090 10163 10572 D         : TrackPlayerBase::~TrackPlayerBase()
10-22 10:25:26.090 10163 10177 D         : TrackPlayerBase::~TrackPlayerBase()
10-22 10:25:26.090 10163 10572 D         : PlayerBase::~PlayerBase()
10-22 10:25:26.090 10163 10177 D         : PlayerBase::~PlayerBase()
10-22 10:25:26.090 10163 10177 D         : TrackPlayerBase::~TrackPlayerBase()
10-22 10:25:26.090 10163 10177 D         : PlayerBase::~PlayerBase()
10-22 10:25:26.090 10163 10572 D         : TrackPlayerBase::~TrackPlayerBase()
10-22 10:25:26.090 10163 10177 D         : TrackPlayerBase::~TrackPlayerBase()
10-22 10:25:26.090 10163 10572 D         : PlayerBase::~PlayerBase()
10-22 10:25:26.090 10163 10177 D         : PlayerBase::~PlayerBase()
10-22 10:25:26.090 10163 10572 D         : TrackPlayerBase::~TrackPlayerBase()
10-22 10:25:26.090 10163 10177 D         : TrackPlayerBase::~TrackPlayerBase()
10-22 10:25:26.090 10163 10572 D         : PlayerBase::~PlayerBase()
10-22 10:25:26.090 10163 10177 D         : PlayerBase::~PlayerBase()
10-22 10:25:26.090 10163 10572 D         : TrackPlayerBase::~TrackPlayerBase()
10-22 10:25:26.090 10163 10572 D         : PlayerBase::~PlayerBase()
10-22 10:25:26.463 10163 10822 D         : PlayerBase::stop() from IPlayer
10-22 10:25:26.463 10163 10822 D AudioTrack: stop() called with 90112 frames delivered
10-22 10:25:26.464  1109  3144 W MediaRouterService: A2DP is enable in AudioService, Skip restoreBluetoothA2dp(false)
10-22 10:25:26.475 10163 10239 D         : PlayerBase::stop() from IPlayer
10-22 10:25:26.543 10163 10823 D         : PlayerBase::stop() from IPlayer
10-22 10:25:26.543 10163 10823 D AudioTrack: stop() called with 90112 frames delivered
10-22 10:25:26.560 10163 10239 D         : PlayerBase::stop() from IPlayer
10-22 10:25:26.583 10163 10826 D         : PlayerBase::stop() from IPlayer
10-22 10:25:26.583 10163 10826 D AudioTrack: stop() called with 90112 frames delivered
10-22 10:25:26.583  1109  3144 I chatty  : uid=1000(system) Binder:1109_6 identical 2 lines
10-22 10:25:26.589  1109  2891 D WifiTrafficPoller: packet count Tx=10465738 Rx=21303722
10-22 10:25:26.593  1109  2672 D HalDeviceManager: onDebugRingBufferDataAvailable
10-22 10:25:26.594 10163 10239 D         : PlayerBase::stop() from IPlayer
10-22 10:25:26.594  1109  2672 D HalDeviceManager: onDebugRingBufferDataAvailable
10-22 10:25:26.595  1109  2672 I chatty  : uid=1000(system) HwBinder:1109_1 identical 2 lines
10-22 10:25:26.596  1109  2672 D HalDeviceManager: onDebugRingBufferDataAvailable
10-22 10:25:26.623 10163 10827 D         : PlayerBase::stop() from IPlayer
10-22 10:25:26.623 10163 10827 D AudioTrack: stop() called with 90112 frames delivered
10-22 10:25:26.624  1109  3144 W MediaRouterService: A2DP is enable in AudioService, Skip restoreBluetoothA2dp(false)
10-22 10:25:26.625 10163 10239 D         : PlayerBase::stop() from IPlayer
10-22 10:25:26.748 10163 10239 D         : PlayerBase::PlayerBase()
10-22 10:25:26.749 10163 10239 D         : TrackPlayerBase::TrackPlayerBase()
10-22 10:25:26.749 10163 10239 I libOpenSLES: Emulating old channel mask behavior (ignoring positional mask 0x3, using default mask 0x3 based on channel count of 2)
10-22 10:25:26.749   788   788 D compress_voip: voice_extn_compress_voip_out_get_parameters: enter
10-22 10:25:26.750 10163 10239 W AudioTrack: AUDIO_OUTPUT_FLAG_FAST denied, rates do not match 44100 Hz, require 48000 Hz
10-22 10:25:26.750   955   955 W AudioFlinger: createTrack_l(): mismatch between requested flags (00000100) and output flags (00000006)
10-22 10:25:26.750 10163 10239 D AudioTrack: Client defaulted notificationFrames to 590 for frameCount 1772
10-22 10:25:26.751  1109  3531 W MediaRouterService: A2DP is enable in AudioService, Skip restoreBluetoothA2dp(false)
10-22 10:25:26.813 10163 10239 D         : PlayerBase::PlayerBase()
10-22 10:25:26.813 10163 10239 D         : TrackPlayerBase::TrackPlayerBase()
10-22 10:25:26.813 10163 10239 I libOpenSLES: Emulating old channel mask behavior (ignoring positional mask 0x3, using default mask 0x3 based on channel count of 2)
10-22 10:25:26.814   788   788 D compress_voip: voice_extn_compress_voip_out_get_parameters: enter
10-22 10:25:26.814 10163 10239 W AudioTrack: AUDIO_OUTPUT_FLAG_FAST denied, rates do not match 44100 Hz, require 48000 Hz
10-22 10:25:26.814   955   955 W AudioFlinger: createTrack_l(): mismatch between requested flags (00000100) and output flags (00000006)
10-22 10:25:26.815 10163 10239 D AudioTrack: Client defaulted notificationFrames to 590 for frameCount 1772
10-22 10:25:26.816  1109  3531 W MediaRouterService: A2DP is enable in AudioService, Skip restoreBluetoothA2dp(false)
10-22 10:25:26.861 10163 10239 D         : PlayerBase::PlayerBase()
10-22 10:25:26.862 10163 10239 D         : TrackPlayerBase::TrackPlayerBase()
10-22 10:25:26.862 10163 10239 I libOpenSLES: Emulating old channel mask behavior (ignoring positional mask 0x3, using default mask 0x3 based on channel count of 2)
10-22 10:25:26.863   788   788 D compress_voip: voice_extn_compress_voip_out_get_parameters: enter
10-22 10:25:26.863 10163 10239 W AudioTrack: AUDIO_OUTPUT_FLAG_FAST denied, rates do not match 44100 Hz, require 48000 Hz
10-22 10:25:26.864   955 11845 W AudioFlinger: createTrack_l(): mismatch between requested flags (00000100) and output flags (00000006)
10-22 10:25:26.864 10163 10239 D AudioTrack: Client defaulted notificationFrames to 590 for frameCount 1772
10-22 10:25:26.866  1109  3144 W MediaRouterService: A2DP is enable in AudioService, Skip restoreBluetoothA2dp(false)
10-22 10:25:26.911 10163 10239 D         : PlayerBase::PlayerBase()
10-22 10:25:26.911 10163 10239 D         : TrackPlayerBase::TrackPlayerBase()
10-22 10:25:26.911 10163 10239 I libOpenSLES: Emulating old channel mask behavior (ignoring positional mask 0x3, using default mask 0x3 based on channel count of 2)
10-22 10:25:26.912   788   788 D compress_voip: voice_extn_compress_voip_out_get_parameters: enter
10-22 10:25:26.912 10163 10239 W AudioTrack: AUDIO_OUTPUT_FLAG_FAST denied, rates do not match 44100 Hz, require 48000 Hz
10-22 10:25:26.912   955   955 W AudioFlinger: createTrack_l(): mismatch between requested flags (00000100) and output flags (00000006)
10-22 10:25:26.913 10163 10239 D AudioTrack: Client defaulted notificationFrames to 590 for frameCount 1772
10-22 10:25:26.914  1109  3144 W MediaRouterService: A2DP is enable in AudioService, Skip restoreBluetoothA2dp(false)
10-22 10:25:27.166  1109  3736 D HalDeviceManager: onDebugRingBufferDataAvailable
10-22 10:25:27.168  1109  3736 I chatty  : uid=1000(system) HwBinder:1109_5 identical 3 lines
10-22 10:25:27.168  1109  3736 D HalDeviceManager: onDebugRingBufferDataAvailable
10-22 10:25:27.592  1109  2891 D WifiTrafficPoller: packet count Tx=10465740 Rx=21303724
10-22 10:25:27.600  1109  3736 D HalDeviceManager: onDebugRingBufferDataAvailable
10-22 10:25:27.613  1109  3736 I chatty  : uid=1000(system) HwBinder:1109_5 identical 3 lines
10-22 10:25:27.613  1109  3736 D HalDeviceManager: onDebugRingBufferDataAvailable
10-22 10:25:27.632 10163 10239 D         : PlayerBase::PlayerBase()
10-22 10:25:27.632 10163 10239 D         : TrackPlayerBase::TrackPlayerBase()
10-22 10:25:27.632 10163 10239 I libOpenSLES: Emulating old channel mask behavior (ignoring positional mask 0x3, using default mask 0x3 based on channel count of 2)
10-22 10:25:27.633   788   788 D compress_voip: voice_extn_compress_voip_out_get_parameters: enter
10-22 10:25:27.633 10163 10239 W AudioTrack: AUDIO_OUTPUT_FLAG_FAST denied, rates do not match 44100 Hz, require 48000 Hz
10-22 10:25:27.633   955 11845 W AudioFlinger: createTrack_l(): mismatch between requested flags (00000100) and output flags (00000006)
10-22 10:25:27.634 10163 10239 D AudioTrack: Client defaulted notificationFrames to 590 for frameCount 1772
10-22 10:25:27.635  1109  3531 W MediaRouterService: A2DP is enable in AudioService, Skip restoreBluetoothA2dp(false)
10-22 10:25:27.700 10163 10840 D         : PlayerBase::stop() from IPlayer
10-22 10:25:27.700 10163 10840 D AudioTrack: stop() called with 90112 frames delivered
10-22 10:25:27.701  1109  3531 W MediaRouterService: A2DP is enable in AudioService, Skip restoreBluetoothA2dp(false)
10-22 10:25:27.707 10163 10239 D         : PlayerBase::stop() from IPlayer
10-22 10:25:27.707 10163 10239 D         : PlayerBase::PlayerBase()
10-22 10:25:27.708 10163 10239 D         : TrackPlayerBase::TrackPlayerBase()
10-22 10:25:27.708 10163 10239 I libOpenSLES: Emulating old channel mask behavior (ignoring positional mask 0x3, using default mask 0x3 based on channel count of 2)
10-22 10:25:27.708   788 19651 D compress_voip: voice_extn_compress_voip_out_get_parameters: enter
10-22 10:25:27.709 10163 10239 W AudioTrack: AUDIO_OUTPUT_FLAG_FAST denied, rates do not match 44100 Hz, require 48000 Hz
10-22 10:25:27.709   955 11845 W AudioFlinger: createTrack_l(): mismatch between requested flags (00000100) and output flags (00000006)
10-22 10:25:27.709 10163 10239 D AudioTrack: Client defaulted notificationFrames to 590 for frameCount 1772
10-22 10:25:27.710  1109  3144 W MediaRouterService: A2DP is enable in AudioService, Skip restoreBluetoothA2dp(false)
10-22 10:25:27.809 10163 10841 D         : PlayerBase::stop() from IPlayer
10-22 10:25:27.809 10163 10841 D AudioTrack: stop() called with 90112 frames delivered
10-22 10:25:27.815 10163 10239 D         : PlayerBase::stop() from IPlayer
10-22 10:25:27.824  1109  3736 D HalDeviceManager: onDebugRingBufferDataAvailable
10-22 10:25:27.829  1109  3736 I chatty  : uid=1000(system) HwBinder:1109_5 identical 3 lines
10-22 10:25:27.829  1109  3736 D HalDeviceManager: onDebugRingBufferDataAvailable
10-22 10:25:27.866 10163 10845 D         : PlayerBase::stop() from IPlayer
10-22 10:25:27.866 10163 10845 D AudioTrack: stop() called with 90112 frames delivered
10-22 10:25:27.866 10163 10844 D         : PlayerBase::stop() from IPlayer
10-22 10:25:27.866 10163 10844 D AudioTrack: stop() called with 90112 frames delivered
10-22 10:25:27.867  1109  3144 I chatty  : uid=1000(system) Binder:1109_6 identical 3 lines
10-22 10:25:27.883 10163 10239 D         : PlayerBase::stop() from IPlayer
10-22 10:25:27.884 10163 10239 D         : PlayerBase::stop() from IPlayer
10-22 10:25:27.886 10163 10239 D         : PlayerBase::PlayerBase()
10-22 10:25:27.886 10163 10239 D         : TrackPlayerBase::TrackPlayerBase()
10-22 10:25:27.886 10163 10239 I libOpenSLES: Emulating old channel mask behavior (ignoring positional mask 0x3, using default mask 0x3 based on channel count of 2)
10-22 10:25:27.887   788 19651 D compress_voip: voice_extn_compress_voip_out_get_parameters: enter
10-22 10:25:27.887 10163 10239 W AudioTrack: AUDIO_OUTPUT_FLAG_FAST denied, rates do not match 44100 Hz, require 48000 Hz
10-22 10:25:27.887   955  1512 W AudioFlinger: createTrack_l(): mismatch between requested flags (00000100) and output flags (00000006)
10-22 10:25:27.888 10163 10239 D AudioTrack: Client defaulted notificationFrames to 590 for frameCount 1772
10-22 10:25:27.890  1109  3144 W MediaRouterService: A2DP is enable in AudioService, Skip restoreBluetoothA2dp(false)
10-22 10:25:27.900 10163 10239 D         : PlayerBase::PlayerBase()
10-22 10:25:27.901 10163 10239 D         : TrackPlayerBase::TrackPlayerBase()
10-22 10:25:27.901 10163 10239 I libOpenSLES: Emulating old channel mask behavior (ignoring positional mask 0x3, using default mask 0x3 based on channel count of 2)
10-22 10:25:27.901  1109  3144 D BatteryService: Processing new values: chargerAcOnline=false, chargerUsbOnline=true, chargerWirelessOnline=false, maxChargingCurrent900000, maxChargingVoltage5000000, batteryStatus=2, batteryHealth=2, batteryPresent=true, batteryLevel=73, batteryTechnology=Li-ion, batteryVoltage=4060, batteryChargeCounter=124880, batteryFullCharge=0, batteryCurrent=-38 mA, batteryCycleCount= 0, batteryTemperature=280, mBatteryLevelCritical=false, mPlugType=2
10-22 10:25:27.901  1109  3144 I BatteryService: shutdownIfLowCurrentLocked mBatteryMinVoltage = -1 , isNegativeCurrent = false , batteryVoltage = 4060 , isSystemReady = true
10-22 10:25:27.901   788 19651 D compress_voip: voice_extn_compress_voip_out_get_parameters: enter
10-22 10:25:27.901  1109  3144 D BatteryService: Sending ACTION_BATTERY_CHANGED.  level:73, scale:100, status:2, health:2, present:true, voltage: 4060, temperature: 280, technology: Li-ion, Current: 38mA, CycleCount= 0, AC powered:false, USB powered:true, Wireless powered:false, icon:17303454, invalid charger:0, maxChargingCurrent:900000, maxChargingVoltage:5000000, chargeCounter:124880 EXTRA_WIRELESS_CHARGER_DISABLE = false
10-22 10:25:27.901 10163 10239 W AudioTrack: AUDIO_OUTPUT_FLAG_FAST denied, rates do not match 44100 Hz, require 48000 Hz
10-22 10:25:27.901  1109  1385 D BatteryStatsImpl: resetWhenChargingLongTime resetTime=25200000 ,mchargingUPTime=716535839 , (resetTime-(uptime-mchargingUPTime))=24060074 ,onBattery=false
10-22 10:25:27.902   955 23714 W AudioFlinger: createTrack_l(): mismatch between requested flags (00000100) and output flags (00000006)
10-22 10:25:27.902  1109  2891 D WifiController: DeviceActiveState : processMessage => 155652
10-22 10:25:27.902  1109  2891 D WifiController: StaEnabledState : processMessage => 155652
10-22 10:25:27.902  1109  2891 D WifiController: DefaultState : processMessage => 155652
10-22 10:25:27.902  1109  2891 D WifiController: DefaultState : CMD_BATTERY_CHANGED
10-22 10:25:27.903  2951  2951 D KeyguardUpdateMonitor: received broadcast android.intent.action.BATTERY_CHANGED
10-22 10:25:27.903  2951  2951 D KeyguardUpdateMonitor: ACTION_BATTERY_CHANGED...maxChargingMicroAmp: 900000 maxChargingMicroVolt: 5000000 current: 38000 isDisableWireless: false
10-22 10:25:27.903  2951  2951 D BatteryController: mPluggedIn = true;mCharging =true; status=2; level=73
10-22 10:25:27.903 10163 10239 D AudioTrack: Client defaulted notificationFrames to 590 for frameCount 1772
10-22 10:25:27.905 23462 23462 I [BatteryProtectApp]: DetectBatteryService: ACTION_BATTERY_CHANGED -> mTemprature : 28.0
10-22 10:25:27.905 23462 23462 I [BatteryProtectApp]: DetectBatteryService: mMaxTempShutDown : false
10-22 10:25:27.906 23462 23462 I [BatteryProtectApp]: DetectBatteryService: mLowTempShutDown : false
10-22 10:25:27.906 10163 10163 D UE4     : Battery: status = 2, rawlevel = 73, scale = 100
10-22 10:25:27.906  4199  4199 D FileOperator: Mode change to WRITE_MODE!
10-22 10:25:27.906 13644 25835 D HeadsetStateMachine: Disconnected process message: 10, size: 0
10-22 10:25:27.906 13644 25835 D HeadsetStateMachine: Enter processIntentBatteryChanged()
10-22 10:25:27.906 13644 25835 D HeadsetStateMachine: Exit processIntentBatteryChanged()
10-22 10:25:27.906 13644 25835 D HeadsetStateMachine: Exit Disconnected processMessage() 
10-22 10:25:27.907  2951  2951 I BatteryView: updateShowPercent showPercent: 1 mUseSmallBatteryLevel: false mAllowShowPercentage: true
10-22 10:25:27.907 23462 23462 I [BatteryProtectApp]: DetectBatteryService:IS_SUPPORT_DECREASE_CHARGING : true
10-22 10:25:27.907  2951  2951 I BatteryMeterDrawableBase: isHideWaring mHideWaring: false
10-22 10:25:27.907 23462 23462 I [BatteryProtectApp]: DetectBatteryService:phone not in any mode now,and health is Good  [mTemprature = 28.0 ]
10-22 10:25:27.907 23462 23462 I [BatteryProtectApp]: DetectBatteryService:-Not need to display
10-22 10:25:27.908  2951  2951 I BatteryView: updateShowPercent showPercent: 1 mUseSmallBatteryLevel: false mAllowShowPercentage: true
10-22 10:25:27.908  2951  2951 I BatteryMeterDrawableBase: isHideWaring mHideWaring: false
10-22 10:25:27.908  1109  3144 W MediaRouterService: A2DP is enable in AudioService, Skip restoreBluetoothA2dp(false)
10-22 10:25:27.910  2951  2951 D CustomizeUtils: getConfig() : srsId = F_REMOVE_LOW_BATTERY_NOTIFY result = false type = bool pkg = com.android.systemui
10-22 10:25:27.912  2951  2951 D KeyguardUpdateMonitor: handleBatteryUpdate
10-22 10:25:28.079  1109  2672 D HalDeviceManager: onDebugRingBufferDataAvailable
10-22 10:25:28.081  1109  3736 D HalDeviceManager: onDebugRingBufferDataAvailable
10-22 10:25:28.082  1109  3736 I chatty  : uid=1000(system) HwBinder:1109_5 identical 2 lines
10-22 10:25:28.082  1109  3736 D HalDeviceManager: onDebugRingBufferDataAvailable
10-22 10:25:28.594  1109  2891 D WifiTrafficPoller: packet count Tx=10465742 Rx=21303727
10-22 10:25:28.603  1109  2672 D HalDeviceManager: onDebugRingBufferDataAvailable
10-22 10:25:28.604  1109  2672 I chatty  : uid=1000(system) HwBinder:1109_1 identical 3 lines
10-22 10:25:28.605  1109  2672 D HalDeviceManager: onDebugRingBufferDataAvailable
10-22 10:25:28.780 10163 10857 D         : PlayerBase::stop() from IPlayer
10-22 10:25:28.780 10163 10857 D AudioTrack: stop() called with 90112 frames delivered
10-22 10:25:28.788 10163 10239 D         : PlayerBase::stop() from IPlayer
10-22 10:25:28.789 10163 10239 D         : PlayerBase::PlayerBase()
10-22 10:25:28.789 10163 10239 D         : TrackPlayerBase::TrackPlayerBase()
10-22 10:25:28.789 10163 10239 I libOpenSLES: Emulating old channel mask behavior (ignoring positional mask 0x3, using default mask 0x3 based on channel count of 2)
10-22 10:25:28.790   788   788 D compress_voip: voice_extn_compress_voip_out_get_parameters: enter
10-22 10:25:28.790 10163 10239 W AudioTrack: AUDIO_OUTPUT_FLAG_FAST denied, rates do not match 44100 Hz, require 48000 Hz
10-22 10:25:28.790   955  1512 W AudioFlinger: createTrack_l(): mismatch between requested flags (00000100) and output flags (00000006)
10-22 10:25:28.791 10163 10239 D AudioTrack: Client defaulted notificationFrames to 590 for frameCount 1772
10-22 10:25:28.792  1109  3144 I chatty  : uid=1000(system) Binder:1109_6 identical 2 lines
10-22 10:25:28.845 10163 10858 D         : PlayerBase::stop() from IPlayer
10-22 10:25:28.845 10163 10858 D AudioTrack: stop() called with 90112 frames delivered
10-22 10:25:28.846  1109  3144 W MediaRouterService: A2DP is enable in AudioService, Skip restoreBluetoothA2dp(false)
10-22 10:25:28.856 10163 10239 D         : PlayerBase::stop() from IPlayer
10-22 10:25:28.906 10163 10859 D         : PlayerBase::stop() from IPlayer
10-22 10:25:28.906 10163 10859 D AudioTrack: stop() called with 90112 frames delivered
10-22 10:25:28.906  1109  3531 W MediaRouterService: A2DP is enable in AudioService, Skip restoreBluetoothA2dp(false)
10-22 10:25:28.922 10163 10239 D         : PlayerBase::stop() from IPlayer
10-22 10:25:28.945 10163 10863 D         : PlayerBase::stop() from IPlayer
10-22 10:25:28.945 10163 10863 D AudioTrack: stop() called with 90112 frames delivered
10-22 10:25:28.947  1109  3531 W MediaRouterService: A2DP is enable in AudioService, Skip restoreBluetoothA2dp(false)
10-22 10:25:28.956 10163 10239 D         : PlayerBase::stop() from IPlayer
10-22 10:25:29.321  1109  3736 D HalDeviceManager: onDebugRingBufferDataAvailable
10-22 10:25:29.323  1109  3736 I chatty  : uid=1000(system) HwBinder:1109_5 identical 3 lines
10-22 10:25:29.323  1109  3736 D HalDeviceManager: onDebugRingBufferDataAvailable
10-22 10:25:29.596  1109  2891 D WifiTrafficPoller: packet count Tx=10465744 Rx=21303728
10-22 10:25:29.598  1109  2672 D HalDeviceManager: onDebugRingBufferDataAvailable
10-22 10:25:29.660  1109  2672 I chatty  : uid=1000(system) HwBinder:1109_1 identical 5 lines
10-22 10:25:29.662  1109  2672 D HalDeviceManager: onDebugRingBufferDataAvailable
10-22 10:25:29.664 10163 10870 D         : PlayerBase::stop() from IPlayer
10-22 10:25:29.664 10163 10870 D AudioTrack: stop() called with 90112 frames delivered
10-22 10:25:29.664  1109  2672 D HalDeviceManager: onDebugRingBufferDataAvailable
10-22 10:25:29.665  1109  2672 I chatty  : uid=1000(system) HwBinder:1109_1 identical 1 line
10-22 10:25:29.665  1109  2672 D HalDeviceManager: onDebugRingBufferDataAvailable
10-22 10:25:29.667  1109  3144 W MediaRouterService: A2DP is enable in AudioService, Skip restoreBluetoothA2dp(false)
10-22 10:25:29.677 10163 10239 D         : PlayerBase::stop() from IPlayer
10-22 10:25:29.723 10163 10873 D         : PlayerBase::stop() from IPlayer
10-22 10:25:29.723 10163 10873 D AudioTrack: stop() called with 90112 frames delivered
10-22 10:25:29.724  1109  3144 W MediaRouterService: A2DP is enable in AudioService, Skip restoreBluetoothA2dp(false)
10-22 10:25:29.728 10163 10239 D         : PlayerBase::stop() from IPlayer
10-22 10:25:29.904 10163 10876 D         : PlayerBase::stop() from IPlayer
10-22 10:25:29.904 10163 10876 D AudioTrack: stop() called with 90112 frames delivered
10-22 10:25:29.904  1109  3531 W MediaRouterService: A2DP is enable in AudioService, Skip restoreBluetoothA2dp(false)
10-22 10:25:29.915 10163 10239 D         : PlayerBase::stop() from IPlayer
10-22 10:25:29.944 10163 10877 D         : PlayerBase::stop() from IPlayer
10-22 10:25:29.944 10163 10877 D AudioTrack: stop() called with 90112 frames delivered
10-22 10:25:29.944  1109  3531 W MediaRouterService: A2DP is enable in AudioService, Skip restoreBluetoothA2dp(false)
10-22 10:25:29.948 10163 10239 D         : PlayerBase::stop() from IPlayer
10-22 10:25:30.486 10163 10239 D         : PlayerBase::PlayerBase()
10-22 10:25:30.487 10163 10239 D         : TrackPlayerBase::TrackPlayerBase()
10-22 10:25:30.487 10163 10239 I libOpenSLES: Emulating old channel mask behavior (ignoring positional mask 0x3, using default mask 0x3 based on channel count of 2)
10-22 10:25:30.487   788 19651 D compress_voip: voice_extn_compress_voip_out_get_parameters: enter
10-22 10:25:30.488 10163 10239 W AudioTrack: AUDIO_OUTPUT_FLAG_FAST denied, rates do not match 44100 Hz, require 48000 Hz
10-22 10:25:30.488   955   955 W AudioFlinger: createTrack_l(): mismatch between requested flags (00000100) and output flags (00000006)
10-22 10:25:30.489 10163 10239 D AudioTrack: Client defaulted notificationFrames to 590 for frameCount 1772
10-22 10:25:30.490  1109  3144 W MediaRouterService: A2DP is enable in AudioService, Skip restoreBluetoothA2dp(false)
10-22 10:25:30.597  1109  3736 D HalDeviceManager: onDebugRingBufferDataAvailable
10-22 10:25:30.598  1109  3736 I chatty  : uid=1000(system) HwBinder:1109_5 identical 3 lines
10-22 10:25:30.598  1109  3736 D HalDeviceManager: onDebugRingBufferDataAvailable
10-22 10:25:30.599  1109  2891 D WifiTrafficPoller: packet count Tx=10465746 Rx=21303729
10-22 10:25:30.602 10163 10239 D         : PlayerBase::PlayerBase()
10-22 10:25:30.602 10163 10239 D         : TrackPlayerBase::TrackPlayerBase()
10-22 10:25:30.602 10163 10239 I libOpenSLES: Emulating old channel mask behavior (ignoring positional mask 0x3, using default mask 0x3 based on channel count of 2)
10-22 10:25:30.603   788   788 D compress_voip: voice_extn_compress_voip_out_get_parameters: enter
10-22 10:25:30.603 10163 10239 W AudioTrack: AUDIO_OUTPUT_FLAG_FAST denied, rates do not match 44100 Hz, require 48000 Hz
10-22 10:25:30.603   955   955 W AudioFlinger: createTrack_l(): mismatch between requested flags (00000100) and output flags (00000006)
10-22 10:25:30.604 10163 10239 D AudioTrack: Client defaulted notificationFrames to 590 for frameCount 1772
10-22 10:25:30.605  1109  3531 W MediaRouterService: A2DP is enable in AudioService, Skip restoreBluetoothA2dp(false)
10-22 10:25:30.684  1109  3531 I WifiService: getWifiEnabledState uid=10084
10-22 10:25:30.685  1109  3531 I WifiService: getConnectionInfo uid=10084
10-22 10:25:30.805 10163 10888 D         : PlayerBase::stop() from IPlayer
10-22 10:25:30.805 10163 10888 D AudioTrack: stop() called with 90112 frames delivered
10-22 10:25:30.806  1109  3144 W MediaRouterService: A2DP is enable in AudioService, Skip restoreBluetoothA2dp(false)
10-22 10:25:30.809  1109  3736 D HalDeviceManager: onDebugRingBufferDataAvailable
10-22 10:25:30.810  1109  3736 I chatty  : uid=1000(system) HwBinder:1109_5 identical 3 lines
10-22 10:25:30.810  1109  3736 D HalDeviceManager: onDebugRingBufferDataAvailable
10-22 10:25:30.820 10163 10239 D         : PlayerBase::stop() from IPlayer
10-22 10:25:31.179   802   802 W android.hardwar: type=1400 audit(0.0:151860): avc: denied { connectto } for path="/dev/socket/bbsys" scontext=u:r:hal_sensors_default:s0 tcontext=u:r:pandoraservice:s0 tclass=unix_stream_socket permissive=0
10-22 10:25:31.195   802  1139 I qti_sensors_hal: processReportInd: X: 0.402222 Y: 8.820236 Z: 4.220978
10-22 10:25:31.195   802  1139 I GSENSOR::UPD: 77::name: BMI160 Accelerometer, vendor: BOSCH
10-22 10:25:31.600  1109  2891 D WifiTrafficPoller: packet count Tx=10465748 Rx=21303730
10-22 10:25:31.604  1109  3736 D HalDeviceManager: onDebugRingBufferDataAvailable
10-22 10:25:31.731  1109  3736 I chatty  : uid=1000(system) HwBinder:1109_5 identical 8 lines
10-22 10:25:31.731  1109  3736 D HalDeviceManager: onDebugRingBufferDataAvailable
10-22 10:25:32.364 10163 10239 D         : PlayerBase::PlayerBase()
10-22 10:25:32.364 10163 10239 D         : TrackPlayerBase::TrackPlayerBase()
10-22 10:25:32.364 10163 10239 I libOpenSLES: Emulating old channel mask behavior (ignoring positional mask 0x3, using default mask 0x3 based on channel count of 2)
10-22 10:25:32.365   788   788 D compress_voip: voice_extn_compress_voip_out_get_parameters: enter
10-22 10:25:32.365 10163 10239 W AudioTrack: AUDIO_OUTPUT_FLAG_FAST denied, rates do not match 44100 Hz, require 48000 Hz
10-22 10:25:32.366   955 11845 W AudioFlinger: createTrack_l(): mismatch between requested flags (00000100) and output flags (00000006)
10-22 10:25:32.367 10163 10239 D AudioTrack: Client defaulted notificationFrames to 590 for frameCount 1772
10-22 10:25:32.369  1109  3144 W MediaRouterService: A2DP is enable in AudioService, Skip restoreBluetoothA2dp(false)
10-22 10:25:32.393  1109  3736 D HalDeviceManager: onDebugRingBufferDataAvailable
10-22 10:25:32.397  1109  3736 I chatty  : uid=1000(system) HwBinder:1109_5 identical 3 lines
10-22 10:25:32.397  1109  3736 D HalDeviceManager: onDebugRingBufferDataAvailable
10-22 10:25:32.414 10163 10239 D         : PlayerBase::PlayerBase()
10-22 10:25:32.414 10163 10239 D         : TrackPlayerBase::TrackPlayerBase()
10-22 10:25:32.414 10163 10239 I libOpenSLES: Emulating old channel mask behavior (ignoring positional mask 0x3, using default mask 0x3 based on channel count of 2)
10-22 10:25:32.415   788 19651 D compress_voip: voice_extn_compress_voip_out_get_parameters: enter
10-22 10:25:32.415 10163 10239 W AudioTrack: AUDIO_OUTPUT_FLAG_FAST denied, rates do not match 44100 Hz, require 48000 Hz
10-22 10:25:32.415   955 11845 W AudioFlinger: createTrack_l(): mismatch between requested flags (00000100) and output flags (00000006)
10-22 10:25:32.416 10163 10239 D AudioTrack: Client defaulted notificationFrames to 590 for frameCount 1772
10-22 10:25:32.417  1109  3531 W MediaRouterService: A2DP is enable in AudioService, Skip restoreBluetoothA2dp(false)
10-22 10:25:32.511 10163 10907 D         : PlayerBase::stop() from IPlayer
10-22 10:25:32.511 10163 10907 D AudioTrack: stop() called with 90112 frames delivered
10-22 10:25:32.512  1109  3531 I chatty  : uid=1000(system) Binder:1109_C identical 1 line
10-22 10:25:32.513 10163 10239 D         : PlayerBase::stop() from IPlayer
10-22 10:25:32.602  1109  2891 D WifiTrafficPoller: packet count Tx=10465750 Rx=21303731
10-22 10:25:32.630 10163 10912 D         : PlayerBase::stop() from IPlayer
10-22 10:25:32.630 10163 10912 D AudioTrack: stop() called with 90112 frames delivered
10-22 10:25:32.630  1109  3531 W MediaRouterService: A2DP is enable in AudioService, Skip restoreBluetoothA2dp(false)
10-22 10:25:32.631 10163 10239 D         : PlayerBase::stop() from IPlayer
10-22 10:25:32.665  1109  2672 D HalDeviceManager: onDebugRingBufferDataAvailable
10-22 10:25:33.553  1109  2672 I chatty  : uid=1000(system) HwBinder:1109_1 identical 18 lines
10-22 10:25:33.553  1109  2672 D HalDeviceManager: onDebugRingBufferDataAvailable
10-22 10:25:33.588 10163 10239 D         : PlayerBase::PlayerBase()
10-22 10:25:33.588 10163 10239 D         : TrackPlayerBase::TrackPlayerBase()
10-22 10:25:33.588 10163 10239 I libOpenSLES: Emulating old channel mask behavior (ignoring positional mask 0x3, using default mask 0x3 based on channel count of 2)
10-22 10:25:33.589   788 19651 D compress_voip: voice_extn_compress_voip_out_get_parameters: enter
10-22 10:25:33.590 10163 10239 W AudioTrack: AUDIO_OUTPUT_FLAG_FAST denied, rates do not match 44100 Hz, require 48000 Hz
10-22 10:25:33.590   955 23714 W AudioFlinger: createTrack_l(): mismatch between requested flags (00000100) and output flags (00000006)
10-22 10:25:33.591 10163 10239 D AudioTrack: Client defaulted notificationFrames to 590 for frameCount 1772
10-22 10:25:33.593  1109  3144 W MediaRouterService: A2DP is enable in AudioService, Skip restoreBluetoothA2dp(false)
10-22 10:25:33.604  1109  2891 D WifiTrafficPoller: packet count Tx=10465754 Rx=21303733
10-22 10:25:33.622  1109  2672 D HalDeviceManager: onDebugRingBufferDataAvailable
10-22 10:25:33.638  1109  2672 I chatty  : uid=1000(system) HwBinder:1109_1 identical 8 lines
10-22 10:25:33.638  1109  2672 D HalDeviceManager: onDebugRingBufferDataAvailable
10-22 10:25:34.006 10163 10239 D         : PlayerBase::PlayerBase()
10-22 10:25:34.006 10163 10239 D         : TrackPlayerBase::TrackPlayerBase()
10-22 10:25:34.006 10163 10239 I libOpenSLES: Emulating old channel mask behavior (ignoring positional mask 0x3, using default mask 0x3 based on channel count of 2)
10-22 10:25:34.007   788 19651 D compress_voip: voice_extn_compress_voip_out_get_parameters: enter
10-22 10:25:34.007 10163 10239 W AudioTrack: AUDIO_OUTPUT_FLAG_FAST denied, rates do not match 44100 Hz, require 48000 Hz
10-22 10:25:34.008   955 23714 W AudioFlinger: createTrack_l(): mismatch between requested flags (00000100) and output flags (00000006)
10-22 10:25:34.008 10163 10239 D AudioTrack: Client defaulted notificationFrames to 590 for frameCount 1772
10-22 10:25:34.010  1109  3144 I chatty  : uid=1000(system) Binder:1109_6 identical 1 line
10-22 10:25:34.041 10163 10239 D         : PlayerBase::PlayerBase()
10-22 10:25:34.041 10163 10239 D         : TrackPlayerBase::TrackPlayerBase()
10-22 10:25:34.041 10163 10239 I libOpenSLES: Emulating old channel mask behavior (ignoring positional mask 0x3, using default mask 0x3 based on channel count of 2)
10-22 10:25:34.042   788 19651 D compress_voip: voice_extn_compress_voip_out_get_parameters: enter
10-22 10:25:34.042 10163 10239 W AudioTrack: AUDIO_OUTPUT_FLAG_FAST denied, rates do not match 44100 Hz, require 48000 Hz
10-22 10:25:34.042   955 11845 W AudioFlinger: createTrack_l(): mismatch between requested flags (00000100) and output flags (00000006)
10-22 10:25:34.042 10163 10239 D AudioTrack: Client defaulted notificationFrames to 590 for frameCount 1772
10-22 10:25:34.044  1109  3144 W MediaRouterService: A2DP is enable in AudioService, Skip restoreBluetoothA2dp(false)
10-22 10:25:34.123 10163 10239 D         : PlayerBase::PlayerBase()
10-22 10:25:34.124 10163 10239 D         : TrackPlayerBase::TrackPlayerBase()
10-22 10:25:34.124 10163 10239 I libOpenSLES: Emulating old channel mask behavior (ignoring positional mask 0x3, using default mask 0x3 based on channel count of 2)
10-22 10:25:34.124   788   788 D compress_voip: voice_extn_compress_voip_out_get_parameters: enter
10-22 10:25:34.125 10163 10239 W AudioTrack: AUDIO_OUTPUT_FLAG_FAST denied, rates do not match 44100 Hz, require 48000 Hz
10-22 10:25:34.125   955 23714 W AudioFlinger: createTrack_l(): mismatch between requested flags (00000100) and output flags (00000006)
10-22 10:25:34.126 10163 10239 D AudioTrack: Client defaulted notificationFrames to 590 for frameCount 1772
10-22 10:25:34.128  1109  3531 W MediaRouterService: A2DP is enable in AudioService, Skip restoreBluetoothA2dp(false)
10-22 10:25:34.407 10163 10932 D         : PlayerBase::stop() from IPlayer
10-22 10:25:34.407 10163 10932 D AudioTrack: stop() called with 90112 frames delivered
10-22 10:25:34.407  1109  3531 I chatty  : uid=1000(system) Binder:1109_C identical 1 line
10-22 10:25:34.410 10163 10239 D         : PlayerBase::stop() from IPlayer
10-22 10:25:34.447 10163 10935 D         : PlayerBase::stop() from IPlayer
10-22 10:25:34.447 10163 10935 D AudioTrack: stop() called with 90112 frames delivered
10-22 10:25:34.448  1109  3531 W MediaRouterService: A2DP is enable in AudioService, Skip restoreBluetoothA2dp(false)
10-22 10:25:34.458 10163 10239 D         : PlayerBase::stop() from IPlayer
10-22 10:25:34.521  1109  3531 D BatteryService: Processing new values: chargerAcOnline=false, chargerUsbOnline=true, chargerWirelessOnline=false, maxChargingCurrent900000, maxChargingVoltage5000000, batteryStatus=2, batteryHealth=2, batteryPresent=true, batteryLevel=73, batteryTechnology=Li-ion, batteryVoltage=4057, batteryChargeCounter=124879, batteryFullCharge=0, batteryCurrent=-23 mA, batteryCycleCount= 0, batteryTemperature=290, mBatteryLevelCritical=false, mPlugType=2
10-22 10:25:34.521  1109  3531 I BatteryService: shutdownIfLowCurrentLocked mBatteryMinVoltage = -1 , isNegativeCurrent = false , batteryVoltage = 4057 , isSystemReady = true
10-22 10:25:34.521  1109  1385 D BatteryStatsImpl: resetWhenChargingLongTime resetTime=25200000 ,mchargingUPTime=716535839 , (resetTime-(uptime-mchargingUPTime))=24053455 ,onBattery=false
10-22 10:25:34.521  1109  3531 D BatteryService: Sending ACTION_BATTERY_CHANGED.  level:73, scale:100, status:2, health:2, present:true, voltage: 4057, temperature: 290, technology: Li-ion, Current: 23mA, CycleCount= 0, AC powered:false, USB powered:true, Wireless powered:false, icon:17303454, invalid charger:0, maxChargingCurrent:900000, maxChargingVoltage:5000000, chargeCounter:124879 EXTRA_WIRELESS_CHARGER_DISABLE = false
10-22 10:25:34.522  2951  2951 D KeyguardUpdateMonitor: received broadcast android.intent.action.BATTERY_CHANGED
10-22 10:25:34.522  2951  2951 D KeyguardUpdateMonitor: ACTION_BATTERY_CHANGED...maxChargingMicroAmp: 900000 maxChargingMicroVolt: 5000000 current: 23000 isDisableWireless: false
10-22 10:25:34.522  2951  2951 D BatteryController: mPluggedIn = true;mCharging =true; status=2; level=73
10-22 10:25:34.523  2951  2951 I BatteryView: updateShowPercent showPercent: 1 mUseSmallBatteryLevel: false mAllowShowPercentage: true
10-22 10:25:34.523  2951  2951 I BatteryMeterDrawableBase: isHideWaring mHideWaring: false
10-22 10:25:34.524  2951  2951 I BatteryView: updateShowPercent showPercent: 1 mUseSmallBatteryLevel: false mAllowShowPercentage: true
10-22 10:25:34.524  2951  2951 I BatteryMeterDrawableBase: isHideWaring mHideWaring: false
10-22 10:25:34.524 23462 23462 I [BatteryProtectApp]: DetectBatteryService: ACTION_BATTERY_CHANGED -> mTemprature : 29.0
10-22 10:25:34.524 23462 23462 I [BatteryProtectApp]: DetectBatteryService: mMaxTempShutDown : false
10-22 10:25:34.524 23462 23462 I [BatteryProtectApp]: DetectBatteryService: mLowTempShutDown : false
10-22 10:25:34.524 23462 23462 I [BatteryProtectApp]: DetectBatteryService:IS_SUPPORT_DECREASE_CHARGING : true
10-22 10:25:34.525 23462 23462 I [BatteryProtectApp]: DetectBatteryService:phone not in any mode now,and health is Good  [mTemprature = 29.0 ]
10-22 10:25:34.525 23462 23462 I [BatteryProtectApp]: DetectBatteryService:-Not need to display
10-22 10:25:34.525  1109  2891 D WifiController: DeviceActiveState : processMessage => 155652
10-22 10:25:34.525  1109  2891 D WifiController: StaEnabledState : processMessage => 155652
10-22 10:25:34.526  1109  2891 D WifiController: DefaultState : processMessage => 155652
10-22 10:25:34.526  1109  2891 D WifiController: DefaultState : CMD_BATTERY_CHANGED
10-22 10:25:34.526  2951  2951 D CustomizeUtils: getConfig() : srsId = F_REMOVE_LOW_BATTERY_NOTIFY result = false type = bool pkg = com.android.systemui
10-22 10:25:34.527 13644 25835 D HeadsetStateMachine: Disconnected process message: 10, size: 0
10-22 10:25:34.527 13644 25835 D HeadsetStateMachine: Enter processIntentBatteryChanged()
10-22 10:25:34.527 13644 25835 D HeadsetStateMachine: Exit processIntentBatteryChanged()
10-22 10:25:34.527 13644 25835 D HeadsetStateMachine: Exit Disconnected processMessage() 
10-22 10:25:34.527 10163 10163 D UE4     : Battery: status = 2, rawlevel = 73, scale = 100
10-22 10:25:34.527 10163 10163 D UE4     : nativeBatteryEvent(stat = 2, lvl = 73, t = 29.00)
10-22 10:25:34.529  2951  2951 D KeyguardUpdateMonitor: handleBatteryUpdate
10-22 10:25:34.545  1109  3736 D HalDeviceManager: onDebugRingBufferDataAvailable
10-22 10:25:34.550  1109  3736 I chatty  : uid=1000(system) HwBinder:1109_5 identical 3 lines
10-22 10:25:34.551  1109  3736 D HalDeviceManager: onDebugRingBufferDataAvailable
10-22 10:25:34.606  1109  2891 D WifiTrafficPoller: packet count Tx=10465756 Rx=21303735
10-22 10:25:34.668  1109  3736 D HalDeviceManager: onDebugRingBufferDataAvailable
10-22 10:25:35.272  1109  3736 I chatty  : uid=1000(system) HwBinder:1109_5 identical 8 lines
10-22 10:25:35.273  1109  3736 D HalDeviceManager: onDebugRingBufferDataAvailable
10-22 10:25:35.281 10163 10239 D         : PlayerBase::PlayerBase()
10-22 10:25:35.281 10163 10239 D         : TrackPlayerBase::TrackPlayerBase()
10-22 10:25:35.281 10163 10239 I libOpenSLES: Emulating old channel mask behavior (ignoring positional mask 0x3, using default mask 0x3 based on channel count of 2)
10-22 10:25:35.282   788  1505 D compress_voip: voice_extn_compress_voip_out_get_parameters: enter
10-22 10:25:35.282 10163 10239 W AudioTrack: AUDIO_OUTPUT_FLAG_FAST denied, rates do not match 44100 Hz, require 48000 Hz
10-22 10:25:35.282   955  1512 W AudioFlinger: createTrack_l(): mismatch between requested flags (00000100) and output flags (00000006)
10-22 10:25:35.283 10163 10239 D AudioTrack: Client defaulted notificationFrames to 590 for frameCount 1772
10-22 10:25:35.284  1109  3144 W MediaRouterService: A2DP is enable in AudioService, Skip restoreBluetoothA2dp(false)
10-22 10:25:35.533 10163 10239 D         : PlayerBase::PlayerBase()
10-22 10:25:35.533 10163 10239 D         : TrackPlayerBase::TrackPlayerBase()
10-22 10:25:35.533 10163 10239 I libOpenSLES: Emulating old channel mask behavior (ignoring positional mask 0x3, using default mask 0x3 based on channel count of 2)
10-22 10:25:35.534   788  1505 D compress_voip: voice_extn_compress_voip_out_get_parameters: enter
10-22 10:25:35.534 10163 10239 W AudioTrack: AUDIO_OUTPUT_FLAG_FAST denied, rates do not match 44100 Hz, require 48000 Hz
10-22 10:25:35.534   955 11845 W AudioFlinger: createTrack_l(): mismatch between requested flags (00000100) and output flags (00000006)
10-22 10:25:35.535 10163 10239 D AudioTrack: Client defaulted notificationFrames to 590 for frameCount 1772
