--------- beginning of system
10-22 10:24:40.773  1109  3144 D ActivityManager: userId2 =0
10-22 10:24:40.773  1109  3144 D ActivityManager: resolveActivity - rInfo =ResolveInfo{84b9cce com.BioGAME/com.epicgames.ue4.SplashActivity m=0x0}
10-22 10:24:40.773  1109  3144 I ActivityManager: START u0 {flg=0x10000000 cmp=com.BioGAME/com.epicgames.ue4.SplashActivity} from uid 2000
--------- beginning of main
10-22 10:24:40.780  1109  3144 D ActivityTrigger: activityStartTrigger: Activity is Triggerred in full screen ApplicationInfo{708b7da com.BioGAME}
10-22 10:24:40.780  1109  3144 E ActivityTrigger: activityStartTrigger: not whiteListedcom.BioGAME/com.epicgames.ue4.SplashActivity/1
10-22 10:24:40.780  1109  3144 D CompatibilityInfo: mCompatibilityFlags - 14
10-22 10:24:40.780  1109  3144 D CompatibilityInfo: applicationDensity - 476
10-22 10:24:40.780  1109  3144 D CompatibilityInfo: applicationScale - 1.0
10-22 10:24:40.780  1109  3144 D ActivityTrigger: activityResumeTrigger: The activity in ApplicationInfo{708b7da com.BioGAME} is now in focus and seems to be in full-screen mode
10-22 10:24:40.780  1109  3144 E ActivityTrigger: activityResumeTrigger: not whiteListedcom.BioGAME/com.epicgames.ue4.SplashActivity/1
10-22 10:24:40.780  1109  3144 D ActivityTrigger: ActivityTrigger activityPauseTrigger 
10-22 10:24:40.784  1109  3491 D ActivityTrigger: activityResumeTrigger: The activity in ApplicationInfo{708b7da com.BioGAME} is now in focus and seems to be in full-screen mode
10-22 10:24:40.784  1109  3491 E ActivityTrigger: activityResumeTrigger: not whiteListedcom.BioGAME/com.epicgames.ue4.SplashActivity/1
10-22 10:24:40.792 10163 10163 I chatty  : uid=10136(com.BioGAME) expire 66 lines
10-22 10:24:40.796  1109  3491 I ActivityManager: Start proc 10163:com.BioGAME/u0a136 for activity com.BioGAME/com.epicgames.ue4.SplashActivity
10-22 10:24:40.797  1109  2923 V ActivityManager: notifyProcessStart: com.BioGAME for: activity from: null packageName: com.BioGAME className: com.epicgames.ue4.SplashActivity
10-22 10:24:40.797  1109  3491 D ActivityManager: Package [com.BioGAME] have process
10-22 10:24:40.804  6038  7122 D [PowerSavingAppG3]ProcessMonitorService: calleePackageName = com.BioGAME,callerPacageName = null,hostingType = activity,screenOn = true,cmp = com.epicgames.ue4.SplashActivity,cat = ,action = null,isExceptionalActivitiy = false
10-22 10:24:40.804  1109  2630 I PhoneWindow: isNeedChangeStatusBarColor taskInfo: [android.app.ActivityManager$RunningTaskInfo@d6d0594] size: 1
10-22 10:24:40.804  1109  2630 I PhoneWindow: isAPPNeedChangeSBColor pkgName: com.BioGAME needKeep: false
10-22 10:24:40.804  1109  2630 I PhoneWindow: isNeedChangeStatusBarColor false
10-22 10:24:40.804  1109  2630 I PhoneWindow: isNeedChangeNaviBarColor taskInfo: [android.app.ActivityManager$RunningTaskInfo@396a83d] size: 1
10-22 10:24:40.804  1109  2630 I PhoneWindow: isAPPNeedChange pkgName: com.BioGAME needKeep: false
10-22 10:24:40.804  1109  2630 I PhoneWindow: isNeedChangeNaviBarColor false
10-22 10:24:40.804  1109  2630 I PhoneWindow: generateLayout mNavigationBarColor: ff000000
10-22 10:24:40.804  6038  7122 D [PowerSavingAppG3]ProcessMonitorService: Ignore package com.BioGAME,component = com.epicgames.ue4.SplashActivity
10-22 10:24:40.804  1109  2630 I PhoneWindow: generateLayout isLightNavi false, Visibility: 0
10-22 10:24:40.821  1109  3491 D CompatibilityInfo: mCompatibilityFlags - 14
10-22 10:24:40.821  1109  3491 D CompatibilityInfo: applicationDensity - 476
10-22 10:24:40.821  1109  3491 D CompatibilityInfo: applicationScale - 1.0
10-22 10:24:40.826  1109  3491 D CompatibilityInfo: mCompatibilityFlags - 14
10-22 10:24:40.826  1109  3491 D CompatibilityInfo: applicationDensity - 476
10-22 10:24:40.826  1109  3491 D CompatibilityInfo: applicationScale - 1.0
10-22 10:24:40.829  6038 19310 I [PowerSavingAppG3]ProcessMonitorService: pid: 10163, calleeApp: com.BioGAME
10-22 10:24:40.829  6038 14190 I [PowerSavingAppG3]BackgroundCleanService: pid: 10163, calleeApp: com.BioGAME
10-22 10:24:40.830  6038 14190 I PowerSavingAppG3: [PowerSavingUtils] isLauncherAP = com.BioGAME,true
10-22 10:24:40.830  6038 14190 I [PowerSavingAppG3]BackgroundCleanService: com.BioGAME add to mTopApList.
10-22 10:24:40.830  6038 19310 I PowerSavingAppG3: [PowerSavingUtils] isLauncherAP = com.BioGAME,true
10-22 10:24:40.830  6038 19310 I [PowerSavingAppG3]ProcessMonitorService: com.BioGAME add to mTopApList.
10-22 10:24:40.867  1109  3144 D ActivityManager: userId2 =0
10-22 10:24:40.867  1109  3144 D ActivityManager: resolveActivity - rInfo =ResolveInfo{e417adf com.BioGAME/com.epicgames.ue4.GameActivity m=0x0}
10-22 10:24:40.867  1109  3144 I ActivityManager: START u0 {flg=0x10000 cmp=com.BioGAME/com.epicgames.ue4.GameActivity (has extras)} from uid 10136
10-22 10:24:40.870  1109  3144 D ActivityTrigger: activityStartTrigger: Activity is Triggerred in full screen ApplicationInfo{6ecb8a com.BioGAME}
10-22 10:24:40.870  1109  3144 E ActivityTrigger: activityStartTrigger: not whiteListedcom.BioGAME/com.epicgames.ue4.GameActivity/1
10-22 10:24:40.870  1109  3144 D CompatibilityInfo: mCompatibilityFlags - 14
10-22 10:24:40.870  1109  3144 D CompatibilityInfo: applicationDensity - 476
10-22 10:24:40.870  1109  3144 D CompatibilityInfo: applicationScale - 1.0
10-22 10:24:40.871  1109  3144 D ActivityTrigger: activityResumeTrigger: The activity in ApplicationInfo{6ecb8a com.BioGAME} is now in focus and seems to be in full-screen mode
10-22 10:24:40.871  1109  3144 E ActivityTrigger: activityResumeTrigger: not whiteListedcom.BioGAME/com.epicgames.ue4.GameActivity/1
10-22 10:24:40.871  1109  3144 D ActivityTrigger: ActivityTrigger activityPauseTrigger 
10-22 10:24:40.916  1109  3144 D ActivityTrigger: activityResumeTrigger: The activity in ApplicationInfo{6ecb8a com.BioGAME} is now in focus and seems to be in full-screen mode
10-22 10:24:40.916  1109  3144 E ActivityTrigger: activityResumeTrigger: not whiteListedcom.BioGAME/com.epicgames.ue4.GameActivity/1
10-22 10:24:40.917  1109  3144 D CompatibilityInfo: mCompatibilityFlags - 14
10-22 10:24:40.917  1109  3144 D CompatibilityInfo: applicationDensity - 476
10-22 10:24:40.917  1109  3144 D CompatibilityInfo: applicationScale - 1.0
10-22 10:24:40.922  2951  2951 D PanelBar: collapsePanel() :  animate = false pv.isFullyCollapsed() = true
10-22 10:24:41.025  2951  2965 D CustomizeUtils: getConfig() : srsId = F_FORCE_STOP_PROCESS result = false type = bool pkg = com.android.systemui
10-22 10:24:41.033 10163 10187 I chatty  : uid=10136(com.BioGAME) expire 167 lines
10-22 10:24:41.033 10163 10188 I chatty  : uid=10136(com.BioGAME) expire 13 lines
10-22 10:24:41.045 10163 10189 I chatty  : uid=10136(com.BioGAME) expire 9 lines
10-22 10:24:41.054  1109  5554 D ActivityManager: userId2 =0
10-22 10:24:41.055  1109  5554 D ActivityManager: resolveActivity - rInfo =ResolveInfo{dac1973 com.google.android.packageinstaller/com.android.packageinstaller.permission.ui.GrantPermissionsActivity p=1 m=0x108000}
10-22 10:24:41.055  1109  5554 I ActivityManager: START u0 {act=android.content.pm.action.REQUEST_PERMISSIONS pkg=com.google.android.packageinstaller cmp=com.google.android.packageinstaller/com.android.packageinstaller.permission.ui.GrantPermissionsActivity (has extras)} from uid 10136
10-22 10:24:41.057  1109  5554 D ActivityTrigger: activityStartTrigger: Activity is Triggerred in full screen ApplicationInfo{15ec64c com.google.android.packageinstaller}
10-22 10:24:41.057  1109  5554 E ActivityTrigger: activityStartTrigger: not whiteListedcom.google.android.packageinstaller/com.android.packageinstaller.permission.ui.GrantPermissionsActivity/27
10-22 10:24:41.057  1109  5554 D CompatibilityInfo: mCompatibilityFlags - 4
10-22 10:24:41.057  1109  5554 D CompatibilityInfo: applicationDensity - 476
10-22 10:24:41.057  1109  5554 D CompatibilityInfo: applicationScale - 1.0
10-22 10:24:41.057  1109  5554 D ActivityTrigger: activityResumeTrigger: The activity in ApplicationInfo{15ec64c com.google.android.packageinstaller} is now in focus and seems to be in full-screen mode
10-22 10:24:41.057  1109  5554 E ActivityTrigger: activityResumeTrigger: not whiteListedcom.google.android.packageinstaller/com.android.packageinstaller.permission.ui.GrantPermissionsActivity/27
10-22 10:24:41.057  1109  5554 D ActivityTrigger: ActivityTrigger activityPauseTrigger 
10-22 10:24:41.063  1109  2677 I InputDispatcher: Dropping event because there is no touchable window at (1277, 2067).
10-22 10:24:41.159   828   828 D SurfaceFlinger: duplicate layer name: changing com.BioGAME/com.epicgames.ue4.GameActivity to com.BioGAME/com.epicgames.ue4.GameActivity#1
10-22 10:24:41.184  1109  3531 D ActivityTrigger: activityResumeTrigger: The activity in ApplicationInfo{15ec64c com.google.android.packageinstaller} is now in focus and seems to be in full-screen mode
10-22 10:24:41.184  1109  3531 E ActivityTrigger: activityResumeTrigger: not whiteListedcom.google.android.packageinstaller/com.android.packageinstaller.permission.ui.GrantPermissionsActivity/27
10-22 10:24:41.188  1109  3531 D CompatibilityInfo: mCompatibilityFlags - 4
10-22 10:24:41.188  1109  3531 D CompatibilityInfo: applicationDensity - 476
10-22 10:24:41.188  1109  3531 D CompatibilityInfo: applicationScale - 1.0
10-22 10:24:41.192  6038 14190 I [PowerSavingAppG3]BackgroundCleanService: pid: 9726, calleeApp: com.google.android.packageinstaller
10-22 10:24:41.193  6038 14190 I PowerSavingAppG3: [PowerSavingUtils] isLauncherAP = com.google.android.packageinstaller,false
10-22 10:24:41.193  6038 14190 I [PowerSavingAppG3]BackgroundCleanService: com.google.android.packageinstaller is not launcher app.
10-22 10:24:41.197  6038 19310 I [PowerSavingAppG3]ProcessMonitorService: pid: 9726, calleeApp: com.google.android.packageinstaller
10-22 10:24:41.198  6038 19310 I PowerSavingAppG3: [PowerSavingUtils] isLauncherAP = com.google.android.packageinstaller,false
10-22 10:24:41.198  6038 19310 I [PowerSavingAppG3]ProcessMonitorService: com.google.android.packageinstaller is not launcher app.
10-22 10:24:41.201  1109  3144 D ActivityTrigger: ActivityTrigger activityPauseTrigger 
10-22 10:24:41.204  9726  9726 I PhoneWindow: isNeedChangeStatusBarColor taskInfo: [android.app.ActivityManager$RunningTaskInfo@b0bffad] size: 1
10-22 10:24:41.205  9726  9726 I PhoneWindow: isAPPNeedChangeSBColor pkgName: com.android.launcher3 needKeep: false
10-22 10:24:41.205  9726  9726 I PhoneWindow: isNeedChangeStatusBarColor false
10-22 10:24:41.205  9726  9726 I PhoneWindow: isNeedChangeNaviBarColor taskInfo: [android.app.ActivityManager$RunningTaskInfo@8d0c2e2] size: 1
10-22 10:24:41.205  9726  9726 I PhoneWindow: isAPPNeedChange pkgName: com.android.launcher3 needKeep: false
10-22 10:24:41.205  9726  9726 I PhoneWindow: isNeedChangeNaviBarColor false
10-22 10:24:41.205  9726  9726 I PhoneWindow: generateLayout mNavigationBarColor: ff000000
10-22 10:24:41.205  9726  9726 I PhoneWindow: generateLayout isLightNavi false, Visibility: 0
10-22 10:24:41.207  1109  3144 D ActivityTrigger: activityResumeTrigger: The activity in ApplicationInfo{6ecb8a com.BioGAME} is now in focus and seems to be in full-screen mode
10-22 10:24:41.208  1109  3144 E ActivityTrigger: activityResumeTrigger: not whiteListedcom.BioGAME/com.epicgames.ue4.GameActivity/1
10-22 10:24:41.234  5860  5860 E adbd    : failed to connect to socket 'tcp:6666': Connection refused
10-22 10:24:41.276  1109  3531 D ActivityTrigger: ActivityTrigger activityStopTrigger 
10-22 10:24:41.299  2951  2951 D PanelBar: collapsePanel() :  animate = false pv.isFullyCollapsed() = true
10-22 10:24:41.324  2951  2965 D CustomizeUtils: getConfig() : srsId = F_FORCE_STOP_PROCESS result = false type = bool pkg = com.android.systemui
10-22 10:24:41.396  4199 11056 D FileOperator: Mode change to WRITE_MODE!
10-22 10:24:41.424 15187  9375 I EventLogSendingHelper: Sending log events.
10-22 10:24:41.428 15187 10090 I PBSessionCacheImpl: Deleted sessionId[10941798767744] from persistence.
10-22 10:24:41.431  1109  3531 I WifiService: getConnectionInfo uid=10111
10-22 10:24:41.432  1109  3531 I WifiService: getWifiEnabledState uid=10111
10-22 10:24:41.433 15187 15187 W SearchServiceCore: Abort, client detached.
10-22 10:24:41.434 15187 15187 I StreamController: cleanUpControllerScope(nowcards-7637275c-3ab9)
10-22 10:24:41.486  1109  2891 D WifiTrafficPoller: packet count Tx=10465631 Rx=21303658
10-22 10:24:41.487  2951  2951 D NetworkController.WifiSignalController: Change in state from: connected=true,enabled=true,level=4,inetCondition=1,iconGroup=IconGroup(Wi-Fi Icons),activityIn=true,activityOut=false,rssi=-52,lastModified=10-22 10:24:40,ssid="WLAN_98FR",isTransient=false
10-22 10:24:41.487  2951  2951 D NetworkController.WifiSignalController: 	to: connected=true,enabled=true,level=4,inetCondition=1,iconGroup=IconGroup(Wi-Fi Icons),activityIn=false,activityOut=false,rssi=-52,lastModified=10-22 10:24:40,ssid="WLAN_98FR",isTransient=false
10-22 10:24:42.127  1109  3531 D AppOps  : startOperation: code = 40, packageName = audioserver, op.nesting = 1
10-22 10:24:42.127  1109  3531 D AppOps  : startOperation: code = 40, packageName = audioserver, op.nesting = 2
10-22 10:24:42.127  1109  3531 D AppOps  : startOperation: code = 40, packageName = audioserver, op.nesting = 3
10-22 10:24:42.135 10163 10187 I chatty  : uid=10136(com.BioGAME) expire 255 lines
10-22 10:24:42.148   939  1075 D         : DpmQmiMgr installListenFilters
10-22 10:24:42.148   939  1075 D         : DpmQmiUtils::getListenFilters: WWAN is not connected, current state 5 for iface : rmnet_data1 
10-22 10:24:42.148   939  1075 D         : DpmQmiMgr::installListenFilters:: Failed to get listen filters for ifaceName rmnet_data1
10-22 10:24:42.148   939  1075 D         : DpmQmiMgr installListenFilters
10-22 10:24:42.148   939  1075 D         : DpmQmiUtils::getListenFilters: WWAN is not connected, current state 5 for iface : rmnet_data1 
10-22 10:24:42.148   939  1075 D         : DpmQmiMgr::installListenFilters:: Failed to get listen filters for ifaceName rmnet_data1
10-22 10:24:42.158  1109  3736 D HalDeviceManager: onDebugRingBufferDataAvailable
10-22 10:24:42.159  1109  3736 I chatty  : uid=1000(system) HwBinder:1109_5 identical 9 lines
10-22 10:24:42.159  1109  3736 D HalDeviceManager: onDebugRingBufferDataAvailable
10-22 10:24:42.168  1109  2672 D HalDeviceManager: onDebugRingBufferDataAvailable
10-22 10:24:42.169  1109  2672 I chatty  : uid=1000(system) HwBinder:1109_1 identical 6 lines
10-22 10:24:42.169  1109  2672 D HalDeviceManager: onDebugRingBufferDataAvailable
10-22 10:24:42.177  1109  3736 D HalDeviceManager: onDebugRingBufferDataAvailable
10-22 10:24:42.178  1109  3736 D HalDeviceManager: onDebugRingBufferDataAvailable
10-22 10:24:42.363  1109  2672 D HalDeviceManager: onDebugRingBufferDataAvailable
10-22 10:24:42.364  1109  2672 D HalDeviceManager: onDebugRingBufferDataAvailable
10-22 10:24:42.415  1109  3736 D HalDeviceManager: onDebugRingBufferDataAvailable
10-22 10:24:42.422  1109  3736 D HalDeviceManager: onDebugRingBufferDataAvailable
10-22 10:24:42.423 10163 10187 D UE4     : [2018.10.22-08.24.42:423][  0]LogMemory: Virtual Memory: 512.00 MB used,  885.37 MB free, 512.00 MB total
10-22 10:24:42.423 10163 10187 D UE4     : [2018.10.22-08.24.42:423][  0]LogMemory: 
10-22 10:24:42.424 10163 10187 D UE4     : [2018.10.22-08.24.42:424][  0]LogMemory: Allocator Stats for binned:
10-22 10:24:42.424 10163 10187 D UE4     : [2018.10.22-08.24.42:424][  0]LogMemory: Current Memory 65.41 MB used, plus 2.42 MB waste
10-22 10:24:42.424 10163 10187 D UE4     : [2018.10.22-08.24.42:424][  0]LogMemory: Peak Memory 129.20 MB used, plus 1.68 MB waste
10-22 10:24:42.424 10163 10187 D UE4     : [2018.10.22-08.24.42:424][  0]LogMemory: Current OS Memory 67.83 MB, peak 130.88 MB
10-22 10:24:42.424 10163 10187 D UE4     : [2018.10.22-08.24.42:424][  0]LogMemory: Current Waste 0.69 MB, peak 0.81 MB
10-22 10:24:42.424 10163 10187 D UE4     : [2018.10.22-08.24.42:424][  0]LogMemory: Current Used 65.41 MB, peak 129.20 MB
10-22 10:24:42.424 10163 10187 D UE4     : [2018.10.22-08.24.42:424][  0]LogMemory: Current Slack 0.24 MB
10-22 10:24:42.424 10163 10187 D UE4     : [2018.10.22-08.24.42:424][  0]LogMemory: Allocs        135579 Current /   681641 Total
10-22 10:24:42.424 10163 10187 D UE4     : [2018.10.22-08.24.42:424][  0]LogMemory: 
10-22 10:24:42.424 10163 10187 D UE4     : [2018.10.22-08.24.42:424][  0]LogMemory: Block Size Num Pools Max Pools Cur Allocs Total Allocs Min Req Max Req Mem Used Mem Slack Mem Waste Efficiency
10-22 10:24:42.424 10163 10187 D UE4     : [2018.10.22-08.24.42:424][  0]LogMemory: ---------- --------- --------- ---------- ------------ ------- ------- -------- --------- --------- ----------
10-22 10:24:42.424 10163 10187 D UE4     : [2018.10.22-08.24.42:424][  0]LogMemory:           8          2          2        9377         17204        8        8       73K        55K         0K     100.00%
10-22 10:24:42.425 10163 10187 D UE4     : [2018.10.22-08.24.42:424][  0]LogMemory:          16          4          4       14533         91234        9       16      227K        29K         4K      98.44%
10-22 10:24:42.425 10163 10187 D UE4     : [2018.10.22-08.24.42:425][  0]LogMemory:          32          7          7       12352         33724       17       32      386K        62K        86K      80.80%
10-22 10:24:42.425 10163 10187 D UE4     : [2018.10.22-08.24.42:425][  0]LogMemory:          48          8          8        9750         26595       33       48      457K        55K        42K      91.80%
10-22 10:24:42.425 10163 10187 D UE4     : [2018.10.22-08.24.42:425][  0]LogMemory:          64         14         14       13246         40273       49       64      827K        69K        49K      94.53%
10-22 10:24:42.425 10163 10187 D UE4     : [2018.10.22-08.24.42:425][  0]LogMemory:          80          9          9        6907         28407       68       80      539K        37K        30K      94.79%
10-22 10:24:42.425 10163 10187 D UE4     : [2018.10.22-08.24.42:425][  0]LogMemory:          96         16         16       10814         44071       84       96     1013K        10K        55K      94.63%
10-22 10:24:42.425 10163 10187 D UE4     : [2018.10.22-08.24.42:425][  0]LogMemory:         112         34         34       19855         53189       97      112     2171K         5K        56K      97.43%
10-22 10:24:42.425 10163 10187 D UE4     : [2018.10.22-08.24.42:425][  0]LogMemory:         128         16         16        7868         47702      116      128      983K        41K        57K      94.43%
10-22 10:24:42.425 10163 10187 D UE4     : [2018.10.22-08.24.42:425][  0]LogMemory:         160         12         14        4660        102027      129      160      728K        39K        54K      92.97%
10-22 10:24:42.425 10163 10187 D UE4     : [2018.10.22-08.24.42:425][  0]LogMemory:         192          7          8        2235         40696      164      192      419K        29K        27K      93.97%
10-22 10:24:42.425 10163 10187 D UE4     : [2018.10.22-08.24.42:425][  0]LogMemory:         224          5          8        1241         27622      196      224      271K        49K        20K      93.75%
10-22 10:24:42.425 10163 10187 D UE4     : [2018.10.22-08.24.42:425][  0]LogMemory:         256         26         47        6466         41653      225      256     1616K        48K        84K      94.95%
10-22 10:24:42.425 10163 10187 D UE4     : [2018.10.22-08.24.42:425][  0]LogMemory:         288         11         11        2397         12358      258      288      674K        29K        39K      94.46%
10-22 10:24:42.425 10163 10187 D UE4     : [2018.10.22-08.24.42:425][  0]LogMemory:         320          4          4         786         10492      290      320      245K        10K        11K      95.70%
10-22 10:24:42.425 10163 10187 D UE4     : [2018.10.22-08.24.42:425][  0]LogMemory:         384         16         16        2606         17674      322      384      977K        43K        92K      91.02%
10-22 10:24:42.425 10163 10187 D UE4     : [2018.10.22-08.24.42:425][  0]LogMemory:         448         22         22        3179         10758      385      448     1390K        16K       107K      92.40%
10-22 10:24:42.425 10163 10187 D UE4     : [2018.10.22-08.24.42:425][  0]LogMemory:         512          8          8         916          5611      452      512      458K        54K        27K      94.73%
10-22 10:24:42.426 10163 10187 D UE4     : [2018.10.22-08.24.42:425][  0]LogMemory:         576         16         16        1701          6724      516      576      956K        61K        60K      94.14%
10-22 10:24:42.426 10163 10187 D UE4     : [2018.10.22-08.24.42:426][  0]LogMemory:         640          4          4         369          2448      579      640      230K        25K        13K      94.92%
10-22 10:24:42.426 10163 10187 D UE4     : [2018.10.22-08.24.42:426][  0]LogMemory:         704         15         15        1306          3052      641      704      897K        63K        42K      95.62%
10-22 10:24:42.426 10163 10187 D UE4     : [2018.10.22-08.24.42:426][  0]LogMemory:         768          4          4         309          1157      708      768      231K        24K        10K      96.09%
10-22 10:24:42.426 10163 10187 D UE4     : [2018.10.22-08.24.42:426][  0]LogMemory:         896          7          7         471          2732      771      896      412K        36K        28K      93.75%
10-22 10:24:42.426 10163 10187 D UE4     : [2018.10.22-08.24.42:426][  0]LogMemory:        1024          4          4         201          2218      899     1024      201K        55K         2K      99.22%
10-22 10:24:42.426 10163 10187 D UE4     : [2018.10.22-08.24.42:426][  0]LogMemory:        1168          4          4         189          1015     1027     1168      215K        41K         7K      97.27%
10-22 10:24:42.426 10163 10187 D UE4     : [2018.10.22-08.24.42:426][  0]LogMemory:        1360         10         10         475           651     1178     1360      630K         8K        26K      95.94%
10-22 10:24:42.426 10163 10187 D UE4     : [2018.10.22-08.24.42:426][  0]LogMemory:        1632          5          5         161           553     1361     1632      256K        63K        21K      93.44%
10-22 10:24:42.426 10163 10187 D UE4     : [2018.10.22-08.24.42:426][  0]LogMemory:        2048         11         11         255           783     1633     2048      510K       194K        54K      92.33%
10-22 10:24:42.426 10163 10187 D UE4     : [2018.10.22-08.24.42:426][  0]LogMemory:        2336          6          8         155           430     2060     2336      353K        31K        23K      94.01%
10-22 10:24:42.426 10163 10187 D UE4     : [2018.10.22-08.24.42:426][  0]LogMemory:        2720          5          5         102           655     2340     2716      270K        49K        16K      95.00%
10-22 10:24:42.426 10163 10187 D UE4     : [2018.10.22-08.24.42:426][  0]LogMemory:        3264          8          9         150          1287     2722     3264      478K        32K        32K      93.75%
10-22 10:24:42.426 10163 10187 D UE4     : [2018.10.22-08.24.42:426][  0]LogMemory:        4096         13         18         205           825     3268     4096      820K        12K        67K      91.95%
10-22 10:24:42.426 10163 10187 D UE4     : [2018.10.22-08.24.42:426][  0]LogMemory:        4672          8          9          98          3352     4100     4648      447K        64K        53K      89.65%
10-22 10:24:42.426 10163 10187 D UE4     : [2018.10.22-08.24.42:426][  0]LogMemory:        5456          7          9          74           228     4680     5456      394K        54K        35K      92.19%
10-22 10:24:42.426 10163 10187 D UE4     : [2018.10.22-08.24.42:426][  0]LogMemory:        6544          2          2          12           255     5472     6528       76K        52K         8K      93.75%
10-22 10:24:42.427 10163 10187 D UE4     : [2018.10.22-08.24.42:427][  0]LogMemory:        8192          6          6          40           919     6560     8192      320K        64K        22K      94.27%
10-22 10:24:42.427 10163 10187 D UE4     : [2018.10.22-08.24.42:427][  0]LogMemory:        9360          3          4          19            54     8200     9360      173K        19K        11K      94.27%
10-22 10:24:42.427 10163 10187 D UE4     : [2018.10.22-08.24.42:427][  0]LogMemory:       10912          2          2           9            53     9571    10901       95K        33K         7K      94.53%
10-22 10:24:42.427 10163 10187 D UE4     : [2018.10.22-08.24.42:427][  0]LogMemory:       13104          1          2           4            65    10966    13068       51K        13K         4K      93.75%
10-22 10:24:42.427 10163 10187 D UE4     : [2018.10.22-08.24.42:427][  0]LogMemory:       16384          3          5          11           170    13120    16384      176K        16K        13K      93.23%
10-22 10:24:42.427 10163 10187 D UE4     : [2018.10.22-08.24.42:427][  0]LogMemory:       21840          7          7          17           102    16392    21320      362K        86K        61K      86.38%
10-22 10:24:42.427 10163 10187 D UE4     : [2018.10.22-08.24.42:427][  0]LogMemory:       32768          4          6           8           104    21884    32640      256K         0K        43K      83.20%
10-22 10:24:42.427 10163 10187 D UE4     : [2018.10.22-08.24.42:427][  0]LogMemory: 
10-22 10:24:42.427 10163 10187 D UE4     : [2018.10.22-08.24.42:427][  0]LogMemory: 24064K allocated in pools (with 1775K slack and 1498K waste). Efficiency 93.77%
10-22 10:24:42.427 10163 10187 D UE4     : [2018.10.22-08.24.42:427][  0]LogMemory: Allocations 135530 Current / 681123 Total (in 376 pools)
10-22 10:24:42.427 10163 10187 D UE4     : [2018.10.22-08.24.42:427][  0]LogMemory: 
10-22 10:24:42.457  1109  3736 D HalDeviceManager: onDebugRingBufferDataAvailable
10-22 10:24:42.458  1109  3736 I chatty  : uid=1000(system) HwBinder:1109_5 identical 3 lines
10-22 10:24:42.458  1109  3736 D HalDeviceManager: onDebugRingBufferDataAvailable
10-22 10:24:42.488  1109  2891 D WifiTrafficPoller: packet count Tx=10465634 Rx=21303659
10-22 10:24:42.489  2951  2951 D NetworkController.WifiSignalController: Change in state from: connected=true,enabled=true,level=4,inetCondition=1,iconGroup=IconGroup(Wi-Fi Icons),activityIn=false,activityOut=false,rssi=-52,lastModified=10-22 10:24:41,ssid="WLAN_98FR",isTransient=false
10-22 10:24:42.489  2951  2951 D NetworkController.WifiSignalController: 	to: connected=true,enabled=true,level=4,inetCondition=1,iconGroup=IconGroup(Wi-Fi Icons),activityIn=true,activityOut=true,rssi=-52,lastModified=10-22 10:24:41,ssid="WLAN_98FR",isTransient=false
10-22 10:24:42.497  1109  2672 D HalDeviceManager: onDebugRingBufferDataAvailable
10-22 10:24:42.498  1109  2672 I chatty  : uid=1000(system) HwBinder:1109_1 identical 3 lines
10-22 10:24:42.498  1109  2672 D HalDeviceManager: onDebugRingBufferDataAvailable
10-22 10:24:42.505  1109  3736 D HalDeviceManager: onDebugRingBufferDataAvailable
10-22 10:24:42.505  1109  3736 I chatty  : uid=1000(system) HwBinder:1109_5 identical 3 lines
10-22 10:24:42.506  1109  3736 D HalDeviceManager: onDebugRingBufferDataAvailable
10-22 10:24:42.626  1109  2672 D HalDeviceManager: onDebugRingBufferDataAvailable
10-22 10:24:42.627  1109  2672 I chatty  : uid=1000(system) HwBinder:1109_1 identical 3 lines
10-22 10:24:42.627  1109  2672 D HalDeviceManager: onDebugRingBufferDataAvailable
10-22 10:24:42.634 10163 10187 D UE4     : [2018.10.22-08.24.42:634][  0]LogAIModule: Creating AISystem for world TempleRun
10-22 10:24:42.634 10163 10187 D UE4     : [2018.10.22-08.24.42:634][  0]LogLoad: Game class is 'ThirdPersonGameMode_C'
10-22 10:24:42.638 10163 10187 D UE4     : [2018.10.22-08.24.42:638][  0]LogWorld: Bringing World /Game/Levels/TempleRun/TempleRun.TempleRun up for play (max tick rate 0) at 2018.10.22-10.24.42
10-22 10:24:42.639 10163 10187 D UE4     : [2018.10.22-08.24.42:639][  0]LogWorld: Bringing up level for play took: 0.001321
10-22 10:24:42.639 10163 10187 D UE4     : FOnlineSubsystemGooglePlay::IsEnabled 0
10-22 10:24:42.639 10163 10187 D UE4     : LogOnline:Warning: FOnlineSubsystemGooglePlayModule was disabled
10-22 10:24:42.639 10163 10187 D UE4     : 
10-22 10:24:42.639 10163 10187 D UE4     : [2018.10.22-08.24.42:639][  0]LogOnline:Warning: FOnlineSubsystemGooglePlayModule was disabled
10-22 10:24:42.645 10163 10187 D UE4     : LogUMG:Warning: Widget Class RunHUD_C - Using Slow CreateWidget Path.
10-22 10:24:42.645 10163 10187 D UE4     : 
10-22 10:24:42.645 10163 10187 D UE4     : [2018.10.22-08.24.42:645][  0]LogUMG:Warning: Widget Class RunHUD_C - Using Slow CreateWidget Path.
10-22 10:24:42.681 10163 10187 D UE4     : [2018.10.22-08.24.42:681][  0]LogLoad: Took 0.298156 seconds to LoadMap(/Game/Levels/TempleRun/TempleRun)
10-22 10:24:42.682 10163 10187 D UE4     : [2018.10.22-08.24.42:682][  0]LogSlate: Took 0.000248 seconds to synchronously load lazily loaded font '../../../Engine/Content/EngineFonts/Faces/RobotoBold.ufont' (160K)
10-22 10:24:42.689 10163 10225 D UE4     : AndroidEGL::ResetDisplay()
10-22 10:24:42.692 10163 10187 D UE4     : [2018.10.22-08.24.42:692][  0]LogAndroid: Passed GEngineLoop.Init()
10-22 10:24:42.692 10163 10187 D UE4     : LogModuleManager:Warning: ModuleManager: Module 'FunctionalTesting' not found - its StaticallyLinkedModuleInitializers function is null.
10-22 10:24:42.692 10163 10187 D UE4     : 
10-22 10:24:42.692 10163 10187 D UE4     : [2018.10.22-08.24.42:692][  0]LogModuleManager:Warning: ModuleManager: Module 'FunctionalTesting' not found - its StaticallyLinkedModuleInitializers function is null.
10-22 10:24:42.692 10163 10187 D UE4     : LogAndroidEvents:Display: DequeueAppEvent : 9, 0
10-22 10:24:42.692 10163 10187 D UE4     : 
10-22 10:24:42.692 10163 10187 D UE4     : [2018.10.22-08.24.42:692][  0]LogAndroidEvents:Display: DequeueAppEvent : 9, 0
10-22 10:24:42.692 10163 10187 D UE4     : LogAndroidEvents:Display: DequeueAppEvent : 7, 0
10-22 10:24:42.692 10163 10187 D UE4     : 
10-22 10:24:42.692 10163 10187 D UE4     : [2018.10.22-08.24.42:692][  0]LogAndroidEvents:Display: DequeueAppEvent : 7, 0
10-22 10:24:42.692 10163 10187 D UE4     : LogAndroidEvents:Display: DequeueAppEvent : 0, 3532650504
10-22 10:24:42.692 10163 10187 D UE4     : 
10-22 10:24:42.692 10163 10187 D UE4     : [2018.10.22-08.24.42:692][  0]LogAndroidEvents:Display: DequeueAppEvent : 0, 3532650504
10-22 10:24:42.692 10163 10187 D UE4     : APP_EVENT_STATE_WINDOW_CREATED, 0, 0, 1
10-22 10:24:42.692 10163 10187 D UE4     : LogAndroidEvents:Display: ExecWindowCreated
10-22 10:24:42.692 10163 10187 D UE4     : 
10-22 10:24:42.693 10163 10187 D UE4     : [2018.10.22-08.24.42:693][  0]LogAndroidEvents:Display: ExecWindowCreated
10-22 10:24:42.693 10163 10187 D UE4     : AndroidEGL::ReInitWindow()
10-22 10:24:42.693 10163 10187 D UE4     : AndroidEGL::ReInit()
10-22 10:24:42.693 10163 10187 D UE4     : AndroidEGL::ResetDisplay()
10-22 10:24:42.693 10163 10187 D UE4     : AndroidEGL::InitSurface 0, 1
10-22 10:24:42.693 10163 10187 D UE4     : AndroidEGL::CreateEGLSurface() Already initialized: 0xe5a96108
10-22 10:24:42.693 10163 10187 D UE4     : ExecWindowCreated, 0, 1, 1
10-22 10:24:42.702 10163 10188 D UE4     : LogAndroidEvents: EnqueueAppEvent : 11, 0, tid = 10188
10-22 10:24:42.703   802  2634 I qti_sensors_hal: Accelerometer sample_rate=5
10-22 10:24:42.704   802  2634 I qti_sensors_hal: Accelerometer sample_rate=400
10-22 10:24:43.058   814   851 E ANDR-PERF-OPTSHANDLER: perf_lock_rel: updated /sys/class/scsi_host/host0/../../../clkscale_enable with 1
10-22 10:24:43.058   814   851 E ANDR-PERF-OPTSHANDLER:  return value 2
10-22 10:24:43.169  1109  3736 D HalDeviceManager: onDebugRingBufferDataAvailable
10-22 10:24:43.180  1109  3736 I chatty  : uid=1000(system) HwBinder:1109_5 identical 8 lines
10-22 10:24:43.182  1109  3736 D HalDeviceManager: onDebugRingBufferDataAvailable
10-22 10:24:43.252 10163 10187 D UE4     : [2018.10.22-08.24.43:252][  0]LogRenderer: Reallocating scene render targets to support 720x1280 NumSamples 1 (Frame:1).
10-22 10:24:43.252 10163 10187 D UE4     : [2018.10.22-08.24.43:252][  0]LogAndroid: Case APP_CMD_GAINED_FOCUS
10-22 10:24:43.252 10163 10187 D UE4     : [2018.10.22-08.24.43:252][  0]LogUdpMessaging: Initializing bridge on interface 0.0.0.0:0 to multicast group 230.0.0.1:6666.
10-22 10:24:43.252   939  1075 D         : DpmQmiMgr installListenFilters
10-22 10:24:43.253   939  1075 D         : DpmQmiUtils::getListenFilters: WWAN is not connected, current state 5 for iface : rmnet_data1 
10-22 10:24:43.253   939  1075 D         : DpmQmiMgr::installListenFilters:: Failed to get listen filters for ifaceName rmnet_data1
10-22 10:24:43.354 10163 10187 D UE4     : [2018.10.22-08.24.43:354][  0]LogTcpMessaging: Initializing TcpMessaging bridge, listening on 127.0.0.1:6666
10-22 10:24:43.355   939  1075 D         : DpmQmiMgr installListenFilters
10-22 10:24:43.355   939  1075 D         : DpmQmiUtils::getListenFilters: WWAN is not connected, current state 5 for iface : rmnet_data1 
10-22 10:24:43.355   939  1075 D         : DpmQmiMgr::installListenFilters:: Failed to get listen filters for ifaceName rmnet_data1
10-22 10:24:43.362 10163 10187 D UE4     : Execution has been resumed!
10-22 10:24:43.363 10163 10187 D UE4     : LogAndroidEvents:Display: DequeueAppEvent : 6, 0
10-22 10:24:43.363 10163 10187 D UE4     : 
10-22 10:24:43.363 10163 10187 D UE4     : [2018.10.22-08.24.43:363][  0]LogAndroidEvents:Display: DequeueAppEvent : 6, 0
10-22 10:24:43.469  1109  3736 D HalDeviceManager: onDebugRingBufferDataAvailable
10-22 10:24:43.471  1109  3736 I chatty  : uid=1000(system) HwBinder:1109_5 identical 3 lines
10-22 10:24:43.471  1109  3736 D HalDeviceManager: onDebugRingBufferDataAvailable
10-22 10:24:43.490  1109  2891 D WifiTrafficPoller: packet count Tx=10465641 Rx=21303661
10-22 10:24:44.085  1109  2672 D HalDeviceManager: onDebugRingBufferDataAvailable
10-22 10:24:44.277  1109  2672 I chatty  : uid=1000(system) HwBinder:1109_1 identical 13 lines
10-22 10:24:44.278  1109  2672 D HalDeviceManager: onDebugRingBufferDataAvailable
10-22 10:24:44.425 12198  9367 D BluetoothAdapter: isLeEnabled(): ON
10-22 10:24:44.431 13644 13684 I bt_stack: [INFO:gatt_api.cc(1006)] GATT_Register
10-22 10:24:44.432 13644 13684 I bt_stack: [INFO:gatt_api.cc(1029)] allocated gatt_if=8
10-22 10:24:44.432 12198 28995 D BluetoothLeScanner: onScannerRegistered() - status=0 scannerId=8 mScannerId=0
10-22 10:24:44.441   789   789 I vendor.qti.bluetooth@1.0-ibs_handler: SerialClockVote: vote for UART CLK ON
10-22 10:24:44.443   789   789 D vendor.qti.bluetooth@1.0-wake_lock: Acquire wakelock is acquired 
10-22 10:24:44.443   789   789 I vendor.qti.bluetooth@1.0-ibs_handler: DeviceWakeUp: Writing IBS_WAKE_IND
10-22 10:24:44.447   789 13681 I vendor.qti.bluetooth@1.0-ibs_handler: ProcessIbsCmd: Received IBS_WAKE_ACK: 0xFC
10-22 10:24:44.447   789 13681 I vendor.qti.bluetooth@1.0-ibs_handler: ProcessIbsCmd: Received IBS_WAKE_IND: 0xFD
10-22 10:24:44.447   789 13681 I vendor.qti.bluetooth@1.0-ibs_handler: ProcessIbsCmd: Writing IBS_WAKE_ACK
10-22 10:24:44.469 10163 10195 D UE4     : LogStats:Warning: MetaData mismatch. Did you assign a stat to two groups? New //STATGROUP_Threads//FUdpMessageBeacon///Thread_280f_0///####STATCAT_Advanced#### old //STATGROUP_Threads//FUdpMessageBeacon///Thread_27f7_0///####STATCAT_Advanced####
10-22 10:24:44.471 10163 10195 D UE4     : 
10-22 10:24:44.471 10163 10195 D UE4     : LogStats:Warning: MetaData mismatch. Did you assign a stat to two groups? New //STATGROUP_Threads//FUdpMessageProcessor.Sender///Thread_2810_0///####STATCAT_Advanced#### old //STATGROUP_Threads//FUdpMessageProcessor.Sender///Thread_27f8_0///####STATCAT_Advanced####
10-22 10:24:44.471 10163 10195 D UE4     : 
10-22 10:24:44.471 10163 10245 D UE4     : AndroidEGL::ResetDisplay()
10-22 10:24:44.472 10163 10195 D UE4     : LogStats:Warning: MetaData mismatch. Did you assign a stat to two groups? New //STATGROUP_Threads//FUdpMessageProcessor///Thread_280e_0///####STATCAT_Advanced#### old //STATGROUP_Threads//FUdpMessageProcessor///Thread_27f6_0///####STATCAT_Advanced####
10-22 10:24:44.472 10163 10195 D UE4     : 
10-22 10:24:44.472 10163 10195 D UE4     : LogStats:Warning: MetaData mismatch. Did you assign a stat to two groups? New //STATGROUP_Threads//UdpMessageMulticastReceiver///Thread_2811_0///####STATCAT_Advanced#### old //STATGROUP_Threads//UdpMessageMulticastReceiver///Thread_27f9_0///####STATCAT_Advanced####
10-22 10:24:44.472 10163 10195 D UE4     : 
10-22 10:24:44.472 10163 10195 D UE4     : LogStats:Warning: MetaData mismatch. Did you assign a stat to two groups? New //STATGROUP_Threads//FTcpMessageTransport///Thread_2812_0///####STATCAT_Advanced#### old //STATGROUP_Threads//FTcpMessageTransport///Thread_27f4_0///####STATCAT_Advanced####
10-22 10:24:44.472 10163 10195 D UE4     : 
10-22 10:24:44.472 10163 10195 D UE4     : LogStats:Warning: MetaData mismatch. Did you assign a stat to two groups? New //STATGROUP_Threads//FTcpListener///Thread_2813_0///####STATCAT_Advanced#### old //STATGROUP_Threads//FTcpListener///Thread_27f5_0///####STATCAT_Advanced####
10-22 10:24:44.472 10163 10195 D UE4     : 
10-22 10:24:44.481 10163 10187 D UE4     : Execution has been paused...
10-22 10:24:44.481 10163 10187 D UE4     : LogAndroidEvents:Display: DequeueAppEvent : 7, 0
10-22 10:24:44.481 10163 10187 D UE4     : 
10-22 10:24:44.481 10163 10187 D UE4     : [2018.10.22-08.24.44:481][  0]LogStats:Warning: MetaData mismatch. Did you assign a stat to two groups? New //STATGROUP_Threads//FUdpMessageBeacon///Thread_280f_0///####STATCAT_Advanced#### old //STATGROUP_Threads//FUdpMessageBeacon///Thread_27f7_0///####STATCAT_Advanced####
10-22 10:24:44.482 10163 10187 D UE4     : [2018.10.22-08.24.44:481][  0]LogStats:Warning: MetaData mismatch. Did you assign a stat to two groups? New //STATGROUP_Threads//FUdpMessageProcessor.Sender///Thread_2810_0///####STATCAT_Advanced#### old //STATGROUP_Threads//FUdpMessageProcessor.Sender///Thread_27f8_0///####STATCAT_Advanced####
10-22 10:24:44.482 10163 10187 D UE4     : [2018.10.22-08.24.44:482][  0]LogStats:Warning: MetaData mismatch. Did you assign a stat to two groups? New //STATGROUP_Threads//FUdpMessageProcessor///Thread_280e_0///####STATCAT_Advanced#### old //STATGROUP_Threads//FUdpMessageProcessor///Thread_27f6_0///####STATCAT_Advanced####
10-22 10:24:44.482 10163 10187 D UE4     : [2018.10.22-08.24.44:482][  0]LogStats:Warning: MetaData mismatch. Did you assign a stat to two groups? New //STATGROUP_Threads//UdpMessageMulticastReceiver///Thread_2811_0///####STATCAT_Advanced#### old //STATGROUP_Threads//UdpMessageMulticastReceiver///Thread_27f9_0///####STATCAT_Advanced####
10-22 10:24:44.482 10163 10187 D UE4     : [2018.10.22-08.24.44:482][  0]LogStats:Warning: MetaData mismatch. Did you assign a stat to two groups? New //STATGROUP_Threads//FTcpMessageTransport///Thread_2812_0///####STATCAT_Advanced#### old //STATGROUP_Threads//FTcpMessageTransport///Thread_27f4_0///####STATCAT_Advanced####
10-22 10:24:44.482 10163 10187 D UE4     : [2018.10.22-08.24.44:482][  0]LogStats:Warning: MetaData mismatch. Did you assign a stat to two groups? New //STATGROUP_Threads//FTcpListener///Thread_2813_0///####STATCAT_Advanced#### old //STATGROUP_Threads//FTcpListener///Thread_27f5_0///####STATCAT_Advanced####
10-22 10:24:44.482 10163 10187 D UE4     : [2018.10.22-08.24.44:482][  0]LogAndroidEvents:Display: DequeueAppEvent : 7, 0
10-22 10:24:44.485 10163 10187 D UE4     : [2018.10.22-08.24.44:485][  0]LogUdpMessaging: Initializing bridge on interface 0.0.0.0:0 to multicast group 230.0.0.1:6666.
10-22 10:24:44.487   939  1075 D         : DpmQmiMgr installListenFilters
10-22 10:24:44.487   939  1075 D         : DpmQmiUtils::getListenFilters: WWAN is not connected, current state 5 for iface : rmnet_data1 
10-22 10:24:44.487   939  1075 D         : DpmQmiMgr::installListenFilters:: Failed to get listen filters for ifaceName rmnet_data1
10-22 10:24:44.488 10163 10187 D UE4     : [2018.10.22-08.24.44:488][  0]LogTcpMessaging: Initializing TcpMessaging bridge, listening on 127.0.0.1:6666
10-22 10:24:44.489  1109  2672 D HalDeviceManager: onDebugRingBufferDataAvailable
10-22 10:24:44.491 10163 10187 D UE4     : Execution has been resumed!
10-22 10:24:44.491 10163 10187 D UE4     : LogAndroidEvents:Display: DequeueAppEvent : 11, 0
10-22 10:24:44.491 10163 10187 D UE4     : 
10-22 10:24:44.492 10163 10187 D UE4     : [2018.10.22-08.24.44:492][  0]LogAndroidEvents:Display: DequeueAppEvent : 11, 0
10-22 10:24:44.492 10163 10187 D UE4     : [2018.10.22-08.24.44:492][  0]LogExternalProfiler: No external profilers were discovered.  External profiling features will not be available.
10-22 10:24:44.492  1109  2672 D HalDeviceManager: onDebugRingBufferDataAvailable
10-22 10:24:44.492  1109  2891 D WifiTrafficPoller: packet count Tx=10465648 Rx=21303664
10-22 10:24:44.493  1109  2672 D HalDeviceManager: onDebugRingBufferDataAvailable
10-22 10:24:44.493   789 13681 I vendor.qti.bluetooth@1.0-ibs_handler: ProcessIbsCmd: Received IBS_SLEEP_IND: 0xFE
10-22 10:24:44.493   939  1075 D         : DpmQmiMgr installListenFilters
10-22 10:24:44.493   939  1075 D         : DpmQmiUtils::getListenFilters: WWAN is not connected, current state 5 for iface : rmnet_data1 
10-22 10:24:44.493   939  1075 D         : DpmQmiMgr::installListenFilters:: Failed to get listen filters for ifaceName rmnet_data1
10-22 10:24:44.493  1109  2672 D HalDeviceManager: onDebugRingBufferDataAvailable
10-22 10:24:44.494  1109  2672 D HalDeviceManager: onDebugRingBufferDataAvailable
10-22 10:24:44.509 10163 10195 D UE4     : LogStats:Warning: MetaData mismatch. Did you assign a stat to two groups? New //STATGROUP_Threads//FUdpMessageBeacon///Thread_2825_0///####STATCAT_Advanced#### old //STATGROUP_Threads//FUdpMessageBeacon///Thread_27f7_0///####STATCAT_Advanced####
10-22 10:24:44.509 10163 10195 D UE4     : 
10-22 10:24:44.509 10163 10195 D UE4     : LogStats:Warning: MetaData mismatch. Did you assign a stat to two groups? New //STATGROUP_Threads//FUdpMessageProcessor.Sender///Thread_2826_0///####STATCAT_Advanced#### old //STATGROUP_Threads//FUdpMessageProcessor.Sender///Thread_27f8_0///####STATCAT_Advanced####
10-22 10:24:44.509 10163 10195 D UE4     : 
10-22 10:24:44.510 10163 10195 D UE4     : LogStats:Warning: MetaData mismatch. Did you assign a stat to two groups? New //STATGROUP_Threads//FUdpMessageProcessor///Thread_2824_0///####STATCAT_Advanced#### old //STATGROUP_Threads//FUdpMessageProcessor///Thread_27f6_0///####STATCAT_Advanced####
10-22 10:24:44.510 10163 10195 D UE4     : 
10-22 10:24:44.510 10163 10195 D UE4     : LogStats:Warning: MetaData mismatch. Did you assign a stat to two groups? New //STATGROUP_Threads//UdpMessageMulticastReceiver///Thread_2827_0///####STATCAT_Advanced#### old //STATGROUP_Threads//UdpMessageMulticastReceiver///Thread_27f9_0///####STATCAT_Advanced####
10-22 10:24:44.510 10163 10195 D UE4     : 
10-22 10:24:44.510 10163 10195 D UE4     : LogStats:Warning: MetaData mismatch. Did you assign a stat to two groups? New //STATGROUP_Threads//FTcpMessageTransport///Thread_2828_0///####STATCAT_Advanced#### old //STATGROUP_Threads//FTcpMessageTransport///Thread_27f4_0///####STATCAT_Advanced####
10-22 10:24:44.510 10163 10195 D UE4     : 
10-22 10:24:44.510 10163 10195 D UE4     : LogStats:Warning: MetaData mismatch. Did you assign a stat to two groups? New //STATGROUP_Threads//FTcpListener///Thread_2829_0///####STATCAT_Advanced#### old //STATGROUP_Threads//FTcpListener///Thread_27f5_0///####STATCAT_Advanced####
10-22 10:24:44.510 10163 10195 D UE4     : 
10-22 10:24:44.511 10163 10187 D UE4     : [2018.10.22-08.24.44:511][  0]LogStats:Warning: MetaData mismatch. Did you assign a stat to two groups? New //STATGROUP_Threads//FUdpMessageBeacon///Thread_2825_0///####STATCAT_Advanced#### old //STATGROUP_Threads//FUdpMessageBeacon///Thread_27f7_0///####STATCAT_Advanced####
10-22 10:24:44.511 10163 10187 D UE4     : [2018.10.22-08.24.44:511][  0]LogStats:Warning: MetaData mismatch. Did you assign a stat to two groups? New //STATGROUP_Threads//FUdpMessageProcessor.Sender///Thread_2826_0///####STATCAT_Advanced#### old //STATGROUP_Threads//FUdpMessageProcessor.Sender///Thread_27f8_0///####STATCAT_Advanced####
10-22 10:24:44.511 10163 10187 D UE4     : [2018.10.22-08.24.44:511][  0]LogStats:Warning: MetaData mismatch. Did you assign a stat to two groups? New //STATGROUP_Threads//FUdpMessageProcessor///Thread_2824_0///####STATCAT_Advanced#### old //STATGROUP_Threads//FUdpMessageProcessor///Thread_27f6_0///####STATCAT_Advanced####
10-22 10:24:44.511 10163 10187 D UE4     : [2018.10.22-08.24.44:511][  0]LogStats:Warning: MetaData mismatch. Did you assign a stat to two groups? New //STATGROUP_Threads//UdpMessageMulticastReceiver///Thread_2827_0///####STATCAT_Advanced#### old //STATGROUP_Threads//UdpMessageMulticastReceiver///Thread_27f9_0///####STATCAT_Advanced####
10-22 10:24:44.511 10163 10187 D UE4     : [2018.10.22-08.24.44:511][  0]LogStats:Warning: MetaData mismatch. Did you assign a stat to two groups? New //STATGROUP_Threads//FTcpMessageTransport///Thread_2828_0///####STATCAT_Advanced#### old //STATGROUP_Threads//FTcpMessageTransport///Thread_27f4_0///####STATCAT_Advanced####
10-22 10:24:44.511 10163 10187 D UE4     : [2018.10.22-08.24.44:511][  0]LogStats:Warning: MetaData mismatch. Did you assign a stat to two groups? New //STATGROUP_Threads//FTcpListener///Thread_2829_0///####STATCAT_Advanced#### old //STATGROUP_Threads//FTcpListener///Thread_27f5_0///####STATCAT_Advanced####
10-22 10:24:44.511 10163 10187 D UE4     : [2018.10.22-08.24.44:511][  0]LogHMD: Starting GearVRController plugin
10-22 10:24:44.521 10163 10239 D UE4     : LogAudio:Warning: Detected orphaned looping sound 'Starter_Music_Cue'.
10-22 10:24:44.521 10163 10239 D UE4     : 
10-22 10:24:44.523 10163 10239 D         : PlayerBase::PlayerBase()
10-22 10:24:44.523 10163 10239 D         : TrackPlayerBase::TrackPlayerBase()
10-22 10:24:44.523 10163 10239 I libOpenSLES: Emulating old channel mask behavior (ignoring positional mask 0x3, using default mask 0x3 based on channel count of 2)
10-22 10:24:44.524   788  2908 D compress_voip: voice_extn_compress_voip_out_get_parameters: enter
10-22 10:24:44.525 10163 10239 W AudioTrack: AUDIO_OUTPUT_FLAG_FAST denied, rates do not match 44100 Hz, require 48000 Hz
10-22 10:24:44.526   955 23714 W AudioFlinger: createTrack_l(): mismatch between requested flags (00000100) and output flags (00000006)
10-22 10:24:44.527 10163 10239 D AudioTrack: Client defaulted notificationFrames to 590 for frameCount 1772
10-22 10:24:44.528 10163 10187 D UE4     : [2018.10.22-08.24.44:528][  0]LogAudio:Warning: Detected orphaned looping sound 'Starter_Music_Cue'.
10-22 10:24:44.528  1109  3144 W MediaRouterService: A2DP is enable in AudioService, Skip restoreBluetoothA2dp(false)
10-22 10:24:44.533  1109  3144 D AppOps  : finishOperation: uid = 1041, packageName = audioserver, op.nesting = 3, code = 40
10-22 10:24:44.533   788  3178 D audio_hw_primary: start_output_stream: enter: stream(0xe6297000)usecase(1: low-latency-playback) devices(0x2)
10-22 10:24:44.533   788  3178 D audio_hw_primary: select_devices for use case (low-latency-playback)
10-22 10:24:44.533   788  3178 D audio_hw_primary: select_devices: out_snd_device(2: speaker) in_snd_device(0: )
10-22 10:24:44.533   788  3178 I msm8974_platform: platform_check_and_set_codec_backend_cfg:becf: afe: bitwidth 16, samplerate 48000 channels 2, backend_idx 0 usecase = 1 device (speaker)
10-22 10:24:44.533   788  3178 D msm8974_platform: platform_split_snd_device: snd_device(2) num devices(1) new_snd_devices(0)
10-22 10:24:44.533   788  3178 I msm8974_platform: platform_check_and_set_codec_backend_cfg: new_snd_devices[0] is 2
10-22 10:24:44.533   788  3178 I msm8974_platform: platform_check_codec_backend_cfg:becf: afe: bitwidth 16, samplerate 48000 channels 2, backend_idx 0 usecase = 1 device (speaker)
10-22 10:24:44.533   788  3178 D msm8974_platform: platform_check_codec_backend_cfg:becf: afe: playback on codec device not supporting native playback set default Sample Rate(48k)
10-22 10:24:44.533   788  3178 I msm8974_platform: platform_check_codec_backend_cfg:becf: afe: Codec selected backend: 0 updated bit width: 16 and sample rate: 48000
10-22 10:24:44.533   788  3178 D audio_hw_primary: check_usecases_codec_backend:becf: force routing 0
10-22 10:24:44.533   788  3178 E msm8974_platform: platform_check_backends_match: Invalid snd_device = 
10-22 10:24:44.533   788  3178 D audio_hw_primary: check_usecases_codec_backend:becf: (59) check_usecases curr device: speaker, usecase device: backends match 0
10-22 10:24:44.533   788  3178 D audio_hw_primary: check_usecases_codec_backend:becf: check_usecases num.of Usecases to switch 0
10-22 10:24:44.533   788  3178 D hardware_info: hw_info_append_hw_type : device_name = speaker
10-22 10:24:44.534   788  3178 D msm8974_platform: platform_split_snd_device: snd_device(2) num devices(0) new_snd_devices(0)
10-22 10:24:44.534   788  3178 D audio_hw_primary: enable_snd_device: snd_device(2: speaker)
10-22 10:24:44.534   788  3178 I soundtrigger: audio_extn_sound_trigger_update_device_status: device 0x2 of type 0 for Event 1, with Raise=0
10-22 10:24:44.534   788  3178 D audio_route: Apply path: speaker
10-22 10:24:44.534   788  3178 D soundtrigger: audio_extn_sound_trigger_update_stream_status: uc_id 1 of type 0 for Event 3, with Raise=0
10-22 10:24:44.534   788  3178 D audio_hw_utils: audio_extn_utils_send_app_type_cfg: usecase->out_snd_device speaker
