10-22 10:25:52.833  1109  2677 D WindowManager: interceptKeyTi keyCode=3 down=true repeatCount=0 keyguardOn=false mHomePressed=false canceled=false
10-22 10:25:52.837   954  1489 D FingerGoodix: [gx_ta_send_command  ]Send requestCmd[19] success, Rsp.data[0] = 0x0, data[1] = 0x0
10-22 10:25:52.837   954  1489 D FingerGoodix: [gx_ta_send_command  ]gx_ta_send_command, requestCmd = 19 Leave &&&&&&&&&&&&&&
10-22 10:25:52.837   954  1489 D FingerGoodix: [mutex_get_unlock    ]mutex_get_unlock
10-22 10:25:52.842  1109  1109 D AppOps  : finishOperation: uid = 1000, packageName = android, op.nesting = 1, code = 3
10-22 10:25:52.860  1109  3736 D HalDeviceManager: onDebugRingBufferDataAvailable
10-22 10:25:52.862  1109  3736 I chatty  : uid=1000(system) HwBinder:1109_5 identical 3 lines
10-22 10:25:52.862  1109  3736 D HalDeviceManager: onDebugRingBufferDataAvailable
10-22 10:25:52.910   954   954 D FingerGoodix: [sig_handler         ]SIGIO: sem_value == 0
10-22 10:25:52.911   954   954 D FingerGoodix: [sig_handler         ]g_mode = 0x1(GF_KEY_MODE); g_state = 0x0(GF_HAL_IDLE)
10-22 10:25:52.911   954  1489 D FingerGoodix: [sig_handler_loop    ]value == 0
10-22 10:25:52.911   954  1489 D FingerGoodix: [sig_handler_loop    ]g_sensor_status = 1 , prescreenStatus = 0 
10-22 10:25:52.911   954  1489 D FingerGoodix: [sig_handler_loop    ]sig_handler_loop::pmStatus=0, g_mode=1(GF_KEY_MODE)
10-22 10:25:52.911   954  1489 D FingerGoodix: [sig_handler_loop    ]prescreenStatus == 0
10-22 10:25:52.911   954  1489 D FingerGoodix: [sig_handler_loop    ]#####################handler called.7  g_mode = 1(GF_KEY_MODE)  g_state = 0(GF_HAL_IDLE)
10-22 10:25:52.911   954  1489 D FingerGoodix: [mutex_get_lock      ]mutex_get_lock
10-22 10:25:52.911   954  1489 D FingerGoodix: [sig_in_key          ]sig_in_key
10-22 10:25:52.928   954  1489 D FingerGoodix: [gx_ta_send_command  ]Send requestCmd[18] success, Rsp.data[0] = 0x0, data[1] = 0xb0
10-22 10:25:52.928   954  1489 D FingerGoodix: [gx_ta_send_command  ]gx_ta_send_command, requestCmd = 18 Leave &&&&&&&&&&&&&&
10-22 10:25:52.928   954  1489 D FingerGoodix: [sig_in_key          ]status = 0xb0(GF_INT_KEY),key=0x02, Temperature=0x08 
10-22 10:25:52.928   954  1489 D FingerGoodix: [sig_in_key          ]--------HOME KEY UP----------
10-22 10:25:52.928   954  1489 D FingerGoodix: [sig_in_key          ]g_enable_key = 0
10-22 10:25:52.929   954  1489 D FingerGoodix: [device_send_key     ]key = 172,value = 0, g_send_key_flag = 1,send_key_flag = 1
10-22 10:25:52.929   954  1489 D FingerGoodix: [device_send_key     ]g_send_key_flag & send_key_flag = 1
10-22 10:25:52.929   954  1489 D FingerGoodix: [device_send_key     ]send key : key = 172 , value = 0 (up)
10-22 10:25:52.929   954  1489 D FingerGoodix: [sig_in_key          ]@Hank ======HOME UP reprot  KEY_HOMEPAGE, value = 172 ======
10-22 10:25:52.929   954  1489 D FingerGoodix: [sig_in_key          ]@@@@@@@ done device_send_key(KEY_HOMEPAGE, 0), ret2 = 1
10-22 10:25:52.930  1109  2678 D WindowManager: interceptKeyTq keycode=3 interactive=true keyguardActive=false policyFlags=22000000
10-22 10:25:52.930  1109  2677 D WindowManager: interceptKeyTi keyCode=3 down=false repeatCount=0 keyguardOn=false mHomePressed=true canceled=false
10-22 10:25:52.937  1109  2677 D ActivityManager: userId2 =0
10-22 10:25:52.938  1109  2677 D ActivityManager: resolveActivity - rInfo =ResolveInfo{a9a98f9 com.android.launcher3/com.android.searchlauncher.SearchLauncher m=0x108000}
10-22 10:25:52.938  2951  2951 D StatusBar: animateCollapsePanels() :  mStatusBarWindow = com.android.systemui.statusbar.phone.StatusBarWindowView{1cab517 V.ED..... ........ 0,0-1440,71} mNotificationPanel.canPanelBeCollapsed() = false
10-22 10:25:52.938  1109  2677 I ActivityManager: START u0 {act=android.intent.action.MAIN cat=[android.intent.category.HOME] flg=0x10200000 cmp=com.android.launcher3/com.android.searchlauncher.SearchLauncher (has extras)} from uid 1000
10-22 10:25:52.938   954  1489 D FingerGoodix: [gx_ta_send_command  ]Send requestCmd[19] success, Rsp.data[0] = 0x0, data[1] = 0x0
10-22 10:25:52.939   954  1489 D FingerGoodix: [gx_ta_send_command  ]gx_ta_send_command, requestCmd = 19 Leave &&&&&&&&&&&&&&
10-22 10:25:52.945   954  1489 D FingerGoodix: [gx_ta_send_command  ]Send requestCmd[60] success, Rsp.data[0] = 0x0, data[1] = 0x0
10-22 10:25:52.945   954  1489 D FingerGoodix: [gx_ta_send_command  ]gx_ta_send_command, requestCmd = 60 Leave &&&&&&&&&&&&&&
10-22 10:25:52.945   954  1489 D FingerGoodix: [mutex_get_unlock    ]mutex_get_unlock
10-22 10:25:52.948  1109  2677 D ActivityTrigger: activityResumeTrigger: The activity in ApplicationInfo{c6f2c3a com.android.launcher3} is now in focus and seems to be in full-screen mode
10-22 10:25:52.948  1109  2677 E ActivityTrigger: activityResumeTrigger: not whiteListedcom.android.launcher3/com.android.searchlauncher.SearchLauncher/8102044
10-22 10:25:52.948  1109  2677 D ActivityTrigger: ActivityTrigger activityPauseTrigger 
10-22 10:25:52.949 10163 10188 D UE4     : Case APP_CMD_PAUSE
10-22 10:25:52.949 10163 10188 D UE4     : LogAndroidEvents: EnqueueAppEvent : 6, 0, tid = 10188
10-22 10:25:52.950 10163 10163 D UE4     : ==============> GameActive.onPause complete!
10-22 10:25:52.952 10163 10187 D UE4     : [2018.10.22-08.25.52:952][  0]LogAndroid: Case APP_CMD_PAUSE
10-22 10:25:52.963 10163 10187 D UE4     : LogAndroidEvents:Display: DequeueAppEvent : 6, 0
10-22 10:25:52.963 10163 10187 D UE4     : 
10-22 10:25:52.963 10163 10187 D UE4     : [2018.10.22-08.25.52:963][  0]LogAndroidEvents:Display: DequeueAppEvent : 6, 0
10-22 10:25:52.981  1109  2677 D CompatibilityInfo: mCompatibilityFlags - 4
10-22 10:25:52.981  1109  2677 D CompatibilityInfo: applicationDensity - 476
10-22 10:25:52.981  1109  2677 D CompatibilityInfo: applicationScale - 1.0
10-22 10:25:52.987  1109  1372 D ActivityTrigger: ActivityTrigger activityStopTrigger 
10-22 10:25:53.005  6038 14190 I [PowerSavingAppG3]BackgroundCleanService: pid: 4268, calleeApp: com.android.launcher3
10-22 10:25:53.007  6038 19310 I [PowerSavingAppG3]ProcessMonitorService: pid: 4268, calleeApp: com.android.launcher3
10-22 10:25:53.008  1109  2672 D HalDeviceManager: onDebugRingBufferDataAvailable
10-22 10:25:53.008  6038 14190 I PowerSavingAppG3: [PowerSavingUtils] isLauncherAP = com.android.launcher3,false
10-22 10:25:53.008  6038 14190 I [PowerSavingAppG3]BackgroundCleanService: com.android.launcher3 is not launcher app.
10-22 10:25:53.008  1109  2672 D HalDeviceManager: onDebugRingBufferDataAvailable
10-22 10:25:53.009  6038 19310 I PowerSavingAppG3: [PowerSavingUtils] isLauncherAP = com.android.launcher3,false
10-22 10:25:53.010  6038 19310 I [PowerSavingAppG3]ProcessMonitorService: com.android.launcher3 is not launcher app.
10-22 10:25:53.011  1109  2672 D HalDeviceManager: onDebugRingBufferDataAvailable
10-22 10:25:53.012  1109  2672 I chatty  : uid=1000(system) HwBinder:1109_1 identical 1 line
10-22 10:25:53.013  1109  2672 D HalDeviceManager: onDebugRingBufferDataAvailable
10-22 10:25:53.022  1109  3531 D CompatibilityInfo: mCompatibilityFlags - 4
10-22 10:25:53.022  1109  3531 D CompatibilityInfo: applicationDensity - 476
10-22 10:25:53.022  1109  3531 D CompatibilityInfo: applicationScale - 1.0
10-22 10:25:53.026  4268  4268 D Launcher: Broadcasting Home Idle Screen Intent ...
10-22 10:25:53.031  1109  3491 D CompatibilityInfo: mCompatibilityFlags - 4
10-22 10:25:53.031  1109  3491 D CompatibilityInfo: applicationDensity - 476
10-22 10:25:53.031  1109  3491 D CompatibilityInfo: applicationScale - 1.0
10-22 10:25:53.034  1109  3531 D CompatibilityInfo: mCompatibilityFlags - 4
10-22 10:25:53.034  1109  3531 D CompatibilityInfo: applicationDensity - 476
10-22 10:25:53.034  1109  3531 D CompatibilityInfo: applicationScale - 1.0
10-22 10:25:53.040   828   828 D SurfaceFlinger: duplicate layer name: changing com.android.launcher3/com.android.searchlauncher.SearchLauncher to com.android.launcher3/com.android.searchlauncher.SearchLauncher#1
10-22 10:25:53.042 15187 15187 I SearchServiceCore: Event Bus thread is disabled; marking main thread as EventBus
10-22 10:25:53.055 15187 15187 W SessionLifecycleManager: Handover failed. Creating new session controller.
10-22 10:25:53.078 15187 15187 I StreamController: registerScope: nowcards-7637275c-3ab9
10-22 10:25:53.092 15187 15187 W TemplatedStringEvaluato: Got templated string with no display string
10-22 10:25:53.093 15187 15187 I ClusterController: Found empty cluster, or no children successfully created.
10-22 10:25:53.098  1109  5554 I WifiService: getConnectionInfo uid=10111
10-22 10:25:53.100  1109  5554 I WifiService: getWifiEnabledState uid=10111
10-22 10:25:53.105  1109  5554 I WifiService: getConnectionInfo uid=10111
10-22 10:25:53.105 15187  9375 W LocationOracle: No location history returned by ContextManager
10-22 10:25:53.106  1109  3491 I WifiService: getWifiEnabledState uid=10111
10-22 10:25:53.108   828   828 E SurfaceFlinger: CaptureScreen: layer name = Background for - SurfaceView - com.BioGAME/com.epicgames.ue4.GameActivity#0
10-22 10:25:53.109   828   828 E SurfaceFlinger: CaptureScreen: layer name = SurfaceView - com.BioGAME/com.epicgames.ue4.GameActivity#0
10-22 10:25:53.109   828   828 E SurfaceFlinger: CaptureScreen: layer name = com.BioGAME/com.epicgames.ue4.GameActivity#1
10-22 10:25:53.126 15187 15187 I MicroDetectionState: Keep running DSP hotword
10-22 10:25:53.150 15187 15187 W StaticLayout: maxLineHeight should not be -1.  maxLines:2 lineCount:2
10-22 10:25:53.158 15187 15187 I chatty  : uid=10111 com.google.android.googlequicksearchbox:search identical 10 lines
10-22 10:25:53.158 15187 15187 W StaticLayout: maxLineHeight should not be -1.  maxLines:2 lineCount:2
10-22 10:25:53.161 15187 15187 W ServiceUpdateReceiver: Ignoring update for non-existing controller.
10-22 10:25:53.170  2951  3380 D CustomizeUtils: getConfig() : srsId = F_FORCE_STOP_PROCESS result = false type = bool pkg = com.android.systemui
10-22 10:25:53.178  2951  3380 W ResourceType: No package identifier when getting value for resource number 0x00000000
10-22 10:25:53.187  1109  3144 D AppOps  : startOperation: code = 41, packageName = com.google.android.googlequicksearchbox, op.nesting = 2
10-22 10:25:53.273  1109  3533 D AppOps  : startOperation: code = 41, packageName = com.google.android.gms, op.nesting = 11
10-22 10:25:53.300  1109  1372 D CompatibilityInfo: mCompatibilityFlags - 4
10-22 10:25:53.300  1109  1372 D CompatibilityInfo: applicationDensity - 476
10-22 10:25:53.300  1109  1372 D CompatibilityInfo: applicationScale - 1.0
10-22 10:25:53.302  1109  3491 D AppOps  : startOperation: code = 41, packageName = com.google.android.gms, op.nesting = 12
10-22 10:25:53.319  1109  3144 D AppOps  : startOperation: code = 40, packageName = com.google.android.gms, op.nesting = 1
10-22 10:25:53.320 12177 12856 I PlaceInferenceEngine: [anon] Changed inference mode: 0
10-22 10:25:53.323  1109  5554 D AppOps  : finishOperation: uid = 10084, packageName = com.google.android.gms, op.nesting = 1, code = 40
10-22 10:25:53.331  1109  5554 D AppOps  : startOperation: code = 40, packageName = com.google.android.gms, op.nesting = 1
10-22 10:25:53.342  1109  3491 D AppOps  : finishOperation: uid = 10084, packageName = com.google.android.gms, op.nesting = 1, code = 40
10-22 10:25:53.383  1109  3533 D AppOps  : startOperation: code = 40, packageName = com.google.android.gms, op.nesting = 1
10-22 10:25:53.383  1109  3533 D AppOps  : finishOperation: uid = 10084, packageName = com.google.android.gms, op.nesting = 1, code = 40
10-22 10:25:53.385  1109  3392 D AppOps  : finishOperation: uid = 10084, packageName = com.google.android.gms, op.nesting = 12, code = 41
10-22 10:25:53.387  1109  3144 D AppOps  : startOperation: code = 40, packageName = com.google.android.gms, op.nesting = 1
10-22 10:25:53.388  1109  3491 D CompatibilityInfo: mCompatibilityFlags - 4
10-22 10:25:53.388  1109  3491 D CompatibilityInfo: applicationDensity - 476
10-22 10:25:53.388  1109  3491 D CompatibilityInfo: applicationScale - 1.0
10-22 10:25:53.388  1109  3144 D AppOps  : startOperation: code = 41, packageName = com.google.android.gms, op.nesting = 12
10-22 10:25:53.404 12177 12856 I Places  : ?: PlacesBleScanner start() with priority 2
10-22 10:25:53.405 12177 12856 I PlaceInferenceEngine: [anon] Changed inference mode: 1
10-22 10:25:53.405  1109  3533 D AppOps  : finishOperation: uid = 10084, packageName = com.google.android.gms, op.nesting = 1, code = 40
10-22 10:25:53.427 12177 12856 D WifiManager: [WSCAN] getScanResults: CallingPackage = com.google.android.gms
10-22 10:25:53.429 12177 12856 I Places  : Converted 0 out of 2 WiFi scans
10-22 10:25:53.430  1109  3491 I WifiService: getConnectionInfo uid=10084
10-22 10:25:53.436 12177 12856 I PlaceInferenceEngine: [anon] Changed inference mode: 1
10-22 10:25:53.441 12177 11201 I PlaceInferenceEngine: No beacon scan available - ignoring candidates.
10-22 10:25:53.450 12177 12177 I BeaconBle: Client requested scan, settings=BleSettings [scanMode=ZERO_POWER, callbackType=ALL_MATCHES, reportDelayMillis=0, 1 filters, 0 clients, callingClientName=Places]
10-22 10:25:53.469  1109  3491 D CompatibilityInfo: mCompatibilityFlags - 4
10-22 10:25:53.469  1109  3491 D CompatibilityInfo: applicationDensity - 476
10-22 10:25:53.469  1109  3491 D CompatibilityInfo: applicationScale - 1.0
10-22 10:25:53.474  1109  5554 D CompatibilityInfo: mCompatibilityFlags - 14
10-22 10:25:53.474  1109  5554 D CompatibilityInfo: applicationDensity - 476
10-22 10:25:53.474  1109  5554 D CompatibilityInfo: applicationScale - 1.0
10-22 10:25:53.480  1109  3491 D AppOps  : startOperation: code = 40, packageName = com.google.android.gms, op.nesting = 1
10-22 10:25:53.480  1109  3144 D AppOps  : startOperation: code = 40, packageName = com.google.android.gms, op.nesting = 2
10-22 10:25:53.483  1109  3144 D AppOps  : finishOperation: uid = 10084, packageName = com.google.android.gms, op.nesting = 2, code = 40
10-22 10:25:53.485  1109  3491 D AppOps  : finishOperation: uid = 10084, packageName = com.google.android.gms, op.nesting = 1, code = 40
10-22 10:25:53.545  1109  5497 I OpenGLRenderer: Initialized EGL, version 1.4
10-22 10:25:53.545  1109  5497 D OpenGLRenderer: Swap behavior 2
10-22 10:25:53.592  4268  4412 W OpenGLRenderer: Incorrectly called buildLayer on View: ShortcutAndWidgetContainer, destroying layer...
10-22 10:25:53.592  4268  4412 W OpenGLRenderer: Incorrectly called buildLayer on View: ShortcutAndWidgetContainer, destroying layer...
10-22 10:25:53.643  1109  2891 D WifiTrafficPoller: packet count Tx=10465808 Rx=21303768
10-22 10:25:53.657  1109  2672 D HalDeviceManager: onDebugRingBufferDataAvailable
10-22 10:25:53.659  1109  2672 I chatty  : uid=1000(system) HwBinder:1109_1 identical 3 lines
10-22 10:25:53.659  1109  2672 D HalDeviceManager: onDebugRingBufferDataAvailable
10-22 10:25:53.751  1109  1131 I zygote64: NativeAlloc concurrent copying GC freed 32050(15MB) AllocSpace objects, 0(0B) LOS objects, 25% free, 69MB/93MB, paused 74us total 125.947ms
10-22 10:25:53.754 10163 11102 D         : TrackPlayerBase::~TrackPlayerBase()
10-22 10:25:53.754 10163 11101 D         : TrackPlayerBase::~TrackPlayerBase()
10-22 10:25:53.754 10163 10848 D         : TrackPlayerBase::~TrackPlayerBase()
10-22 10:25:53.755 10163 11102 D         : PlayerBase::~PlayerBase()
10-22 10:25:53.755 10163 10848 D         : PlayerBase::~PlayerBase()
10-22 10:25:53.755 10163 11101 D         : PlayerBase::~PlayerBase()
10-22 10:25:53.755 10163 10848 D         : TrackPlayerBase::~TrackPlayerBase()
10-22 10:25:53.755 10163 10848 D         : PlayerBase::~PlayerBase()
10-22 10:25:53.755 10163 11102 D         : TrackPlayerBase::~TrackPlayerBase()
10-22 10:25:53.755 10163 11102 D         : PlayerBase::~PlayerBase()
10-22 10:25:53.755 10163 11102 D         : TrackPlayerBase::~TrackPlayerBase()
10-22 10:25:53.755 10163 11102 D         : PlayerBase::~PlayerBase()
10-22 10:25:53.755 10163 11101 D         : TrackPlayerBase::~TrackPlayerBase()
10-22 10:25:53.755 10163 11101 D         : PlayerBase::~PlayerBase()
10-22 10:25:53.755 10163 11101 D         : TrackPlayerBase::~TrackPlayerBase()
10-22 10:25:53.755 10163 11101 D         : PlayerBase::~PlayerBase()
10-22 10:25:53.897  1109  2672 D HalDeviceManager: onDebugRingBufferDataAvailable
10-22 10:25:54.351  1109  2672 I chatty  : uid=1000(system) HwBinder:1109_1 identical 8 lines
10-22 10:25:54.352  1109  2672 D HalDeviceManager: onDebugRingBufferDataAvailable
10-22 10:25:54.645  1109  2891 D WifiTrafficPoller: packet count Tx=10465810 Rx=21303768
10-22 10:25:54.648  2951  2951 D NetworkController.WifiSignalController: Change in state from: connected=true,enabled=true,level=4,inetCondition=1,iconGroup=IconGroup(Wi-Fi Icons),activityIn=true,activityOut=true,rssi=-52,lastModified=10-22 10:24:42,ssid="WLAN_98FR",isTransient=false
10-22 10:25:54.648  2951  2951 D NetworkController.WifiSignalController: 	to: connected=true,enabled=true,level=4,inetCondition=1,iconGroup=IconGroup(Wi-Fi Icons),activityIn=false,activityOut=true,rssi=-52,lastModified=10-22 10:24:42,ssid="WLAN_98FR",isTransient=false
10-22 10:25:54.659  1109  3736 D HalDeviceManager: onDebugRingBufferDataAvailable
10-22 10:25:54.661  1109  3736 I chatty  : uid=1000(system) HwBinder:1109_5 identical 3 lines
10-22 10:25:54.661  1109  3736 D HalDeviceManager: onDebugRingBufferDataAvailable
10-22 10:25:54.695  1109  2672 D HalDeviceManager: onDebugRingBufferDataAvailable
10-22 10:25:54.698  1109  2672 I chatty  : uid=1000(system) HwBinder:1109_1 identical 3 lines
10-22 10:25:54.699  1109  2672 D HalDeviceManager: onDebugRingBufferDataAvailable
10-22 10:25:55.150  3130  3130 W ResourceType: No package identifier when getting value for resource number 0x00000000
10-22 10:25:55.151  2951  3088 D NetworkController.MobileSignalController(1): updateTelephony: hasService=true ss=SignalStrength: 99 0 -120 -160 -120 -1 -1 20 -99 -7 126 2147483647 0 2147483647 gsm|lte 99 99
10-22 10:25:55.151  2951  3088 I NetworkController.MobileSignalController(1): updateVoiceNetworkType voiceNetType: 13 mCurrentState.connected: true
10-22 10:25:55.152 13644 13644 D HeadsetPhoneState: Enter onSignalStrengthsChanged
10-22 10:25:55.152 13644 13644 D HeadsetPhoneState: Exit onSignalStrengthsChanged
10-22 10:25:55.153  2951  3088 I NetworkController.MobileSignalController(1): isShowSXLTEStyle: false isRoaming: false
10-22 10:25:55.537 10163 10274 D UE4     : AndroidEGL::ResetDisplay()
10-22 10:25:55.540 10163 10187 D UE4     : Execution has been paused...
10-22 10:25:55.540 10163 10239 D         : PlayerBase::pause() from IPlayer
10-22 10:25:55.541  1109  3491 W MediaRouterService: A2DP is enable in AudioService, Skip restoreBluetoothA2dp(false)
10-22 10:25:55.543 10163 10188 D UE4     : LogAndroidEvents: EnqueueAppEvent : 10, 0, tid = 10188
10-22 10:25:55.544   802  2634 I qti_sensors_hal: Accelerometer sample_rate=5
10-22 10:25:55.554 10163 10188 D UE4     : LogAndroidEvents: EnqueueAppEvent : 12, 0, tid = 10188
10-22 10:25:55.558 10163 10188 D UE4     : Case APP_CMD_TERM_WINDOW, tid = 10188
10-22 10:25:55.558 10163 10188 D UE4     : LogAndroidEvents: EnqueueAppEvent : 3, 0, tid = 10188
10-22 10:25:55.631  1109  5554 D AppOps  : startOperation: code = 40, packageName = audioserver, op.nesting = 1
10-22 10:25:55.649  1109  2891 D WifiTrafficPoller: packet count Tx=10465810 Rx=21303770
10-22 10:25:55.652  2951  2951 D NetworkController.WifiSignalController: Change in state from: connected=true,enabled=true,level=4,inetCondition=1,iconGroup=IconGroup(Wi-Fi Icons),activityIn=false,activityOut=true,rssi=-52,lastModified=10-22 10:25:54,ssid="WLAN_98FR",isTransient=false
10-22 10:25:55.652  2951  2951 D NetworkController.WifiSignalController: 	to: connected=true,enabled=true,level=4,inetCondition=1,iconGroup=IconGroup(Wi-Fi Icons),activityIn=true,activityOut=false,rssi=-52,lastModified=10-22 10:25:54,ssid="WLAN_98FR",isTransient=false
10-22 10:25:55.654 10163 10187 D UE4     : LogAndroidEvents:Display: DequeueAppEvent : 10, 0
10-22 10:25:55.654 10163 10187 D UE4     : 
10-22 10:25:55.655 10163 10187 D UE4     : [2018.10.22-08.25.55:655][  0]LogAndroid: Case APP_CMD_LOST_FOCUS
10-22 10:25:55.655 10163 10187 D UE4     : [2018.10.22-08.25.55:655][  0]LogAndroid: Case APP_CMD_SAVE_STATE
10-22 10:25:55.656 10163 10187 D UE4     : [2018.10.22-08.25.55:656][  0]LogAndroid: Case APP_CMD_TERM_WINDOW
10-22 10:25:55.656 10163 10187 D UE4     : [2018.10.22-08.25.55:656][  0]LogAndroidEvents:Display: DequeueAppEvent : 10, 0
10-22 10:25:55.656 10163 10187 D UE4     : LogAndroidEvents:Display: DequeueAppEvent : 12, 0
10-22 10:25:55.657 10163 10187 D UE4     : 
10-22 10:25:55.657 10163 10187 D UE4     : [2018.10.22-08.25.55:657][  0]LogAndroidEvents:Display: DequeueAppEvent : 12, 0
10-22 10:25:55.657 10163 10187 D UE4     : LogAndroidEvents:Display: DequeueAppEvent : 3, 0
10-22 10:25:55.657 10163 10187 D UE4     : 
10-22 10:25:55.657 10163 10187 D UE4     : [2018.10.22-08.25.55:657][  0]LogAndroidEvents:Display: DequeueAppEvent : 3, 0
10-22 10:25:55.657 10163 10187 D UE4     : AndroidEGL::DestroyWindow()
10-22 10:25:55.658 10163 10187 D UE4     : AndroidEGL::UnBind()
10-22 10:25:55.658 10163 10187 D UE4     : AndroidEGL::ResetDisplay()
10-22 10:25:55.658 10163 10187 D UE4     : AndroidEGL::DestroySurface()
10-22 10:25:55.667 10163 10187 D UE4     : APP_EVENT_STATE_WINDOW_DESTROYED, 0, 0, 0
10-22 10:25:55.670 10163 10188 D UE4     : LogAndroidEvents: EnqueueAppEvent : 8, 0, tid = 10188
10-22 10:25:55.674 10163 10163 D UE4     : ==============> GameActive.onStop complete!
10-22 10:25:55.713   954   954 D FingerGoodix: [sig_handler         ]SIGIO: sem_value == 0
10-22 10:25:55.713   954   954 D FingerGoodix: [sig_handler         ]g_mode = 0x1(GF_KEY_MODE); g_state = 0x0(GF_HAL_IDLE)
10-22 10:25:55.713   954  1489 D FingerGoodix: [sig_handler_loop    ]value == 0
10-22 10:25:55.713   954  1489 D FingerGoodix: [sig_handler_loop    ]g_sensor_status = 0 , prescreenStatus = 0 
10-22 10:25:55.713   954  1489 D FingerGoodix: [sig_handler_loop    ]sig_handler_loop::pmStatus=0, g_mode=1(GF_KEY_MODE)
10-22 10:25:55.713   954  1489 D FingerGoodix: [mutex_get_lock      ]mutex_get_lock
10-22 10:25:55.713   954  1489 D FingerGoodix: [mutex_get_unlock    ]mutex_get_unlock
10-22 10:25:55.713   954  1489 D FingerGoodix: [sig_handler_loop    ]prescreenStatus == 0
10-22 10:25:55.713   954  1489 D FingerGoodix: [sig_handler_loop    ]#####################handler called.7  g_mode = 1(GF_KEY_MODE)  g_state = 0(GF_HAL_IDLE)
10-22 10:25:55.713   954  1489 D FingerGoodix: [mutex_get_lock      ]mutex_get_lock
10-22 10:25:55.713   954  1489 D FingerGoodix: [sig_in_key          ]sig_in_key
10-22 10:25:55.737   954  1489 D FingerGoodix: [gx_ta_send_command  ]Send requestCmd[18] success, Rsp.data[0] = 0x0, data[1] = 0xb0
10-22 10:25:55.737   954  1489 D FingerGoodix: [gx_ta_send_command  ]gx_ta_send_command, requestCmd = 18 Leave &&&&&&&&&&&&&&
10-22 10:25:55.737   954  1489 D FingerGoodix: [sig_in_key          ]status = 0xb0(GF_INT_KEY),key=0x30, Temperature=0x08 
10-22 10:25:55.737   954  1489 D FingerGoodix: [sig_in_key          ]--------BACK KEY DOWN--------
10-22 10:25:55.737   954  1489 D FingerGoodix: [sig_in_key          ]g_enable_key = 0
10-22 10:25:55.737   954  1489 D FingerGoodix: [sig_in_key          ]Johnny : In the Key Mode with BACK KEY DOWN now
10-22 10:25:55.737   954  1489 D FingerGoodix: [device_send_key     ]key = 158,value = 1, g_send_key_flag = 0,send_key_flag = 2
10-22 10:25:55.737   954  1489 D FingerGoodix: [device_send_key     ]g_send_key_flag & send_key_flag = 0
10-22 10:25:55.737   954  1489 D FingerGoodix: [sig_in_key          ]@@@@@@@ done gf_send_key(KEY_BACK, 1), ret1 = 0
10-22 10:25:55.738  1109  2678 D WindowManager: interceptKeyTq keycode=187 interactive=true keyguardActive=false policyFlags=22000000
10-22 10:25:55.738  1109  2678 D WindowManager: Turn on Navi Key Light, useHapticFeedback:true
10-22 10:25:55.740  1109  2678 D AppOps  : startOperation: code = 3, packageName = android, op.nesting = 1
10-22 10:25:55.741  1109  2677 D WindowManager: interceptKeyTi keyCode=187 down=true repeatCount=0 keyguardOn=false mHomePressed=false canceled=false
10-22 10:25:55.743   954  1489 D FingerGoodix: [gx_ta_send_command  ]Send requestCmd[19] success, Rsp.data[0] = 0x0, data[1] = 0x0
10-22 10:25:55.743   954  1489 D FingerGoodix: [gx_ta_send_command  ]gx_ta_send_command, requestCmd = 19 Leave &&&&&&&&&&&&&&
10-22 10:25:55.743   954  1489 D FingerGoodix: [mutex_get_unlock    ]mutex_get_unlock
10-22 10:25:55.750  1109  1109 D AppOps  : finishOperation: uid = 1000, packageName = android, op.nesting = 1, code = 3
10-22 10:25:55.764  2951  2951 D CustomizeUtils: getConfig() : srsId = F_FORCE_STOP_PROCESS result = false type = bool pkg = com.android.systemui
10-22 10:25:55.766  2951  2951 D CustomizeUtils: getConfig() : srsId = F_FORCE_STOP_PROCESS result = false type = bool pkg = com.android.systemui
10-22 10:25:55.768 10163 10187 D UE4     : LogAndroidEvents:Display: DequeueAppEvent : 8, 0
10-22 10:25:55.768 10163 10187 D UE4     : 
10-22 10:25:55.769 10163 10187 D UE4     : [2018.10.22-08.25.55:769][  0]LogAndroid: Case APP_CMD_STOP
10-22 10:25:55.769 10163 10187 D UE4     : [2018.10.22-08.25.55:769][  0]LogAndroidEvents:Display: DequeueAppEvent : 8, 0
10-22 10:25:55.904   954   954 D FingerGoodix: [sig_handler         ]SIGIO: sem_value == 0
10-22 10:25:55.904   954   954 D FingerGoodix: [sig_handler         ]g_mode = 0x1(GF_KEY_MODE); g_state = 0x0(GF_HAL_IDLE)
10-22 10:25:55.904   954  1489 D FingerGoodix: [sig_handler_loop    ]value == 0
10-22 10:25:55.904   954  1489 D FingerGoodix: [sig_handler_loop    ]g_sensor_status = 0 , prescreenStatus = 0 
10-22 10:25:55.904   954  1489 D FingerGoodix: [sig_handler_loop    ]sig_handler_loop::pmStatus=0, g_mode=1(GF_KEY_MODE)
10-22 10:25:55.904   954  1489 D FingerGoodix: [mutex_get_lock      ]mutex_get_lock
10-22 10:25:55.904   954  1489 D FingerGoodix: [mutex_get_unlock    ]mutex_get_unlock
10-22 10:25:55.904   954  1489 D FingerGoodix: [sig_handler_loop    ]prescreenStatus == 0
10-22 10:25:55.904   954  1489 D FingerGoodix: [sig_handler_loop    ]#####################handler called.7  g_mode = 1(GF_KEY_MODE)  g_state = 0(GF_HAL_IDLE)
10-22 10:25:55.904   954  1489 D FingerGoodix: [mutex_get_lock      ]mutex_get_lock
10-22 10:25:55.904   954  1489 D FingerGoodix: [sig_in_key          ]sig_in_key
10-22 10:25:55.924   954  1489 D FingerGoodix: [gx_ta_send_command  ]Send requestCmd[18] success, Rsp.data[0] = 0x0, data[1] = 0xb0
10-22 10:25:55.924   954  1489 D FingerGoodix: [gx_ta_send_command  ]gx_ta_send_command, requestCmd = 18 Leave &&&&&&&&&&&&&&
10-22 10:25:55.924   954  1489 D FingerGoodix: [sig_in_key          ]status = 0xb0(GF_INT_KEY),key=0x20, Temperature=0x08 
10-22 10:25:55.924   954  1489 D FingerGoodix: [sig_in_key          ]--------BACK KEY UP--------
10-22 10:25:55.924   954  1489 D FingerGoodix: [sig_in_key          ]g_enable_key = 0
10-22 10:25:55.924   954  1489 D FingerGoodix: [device_send_key     ]key = 158,value = 0, g_send_key_flag = 2,send_key_flag = 2
10-22 10:25:55.924   954  1489 D FingerGoodix: [device_send_key     ]g_send_key_flag & send_key_flag = 2
10-22 10:25:55.924   954  1489 D FingerGoodix: [device_send_key     ]send key : key = 158 , value = 0 (up)
10-22 10:25:55.924  1109  2678 D WindowManager: interceptKeyTq keycode=187 interactive=true keyguardActive=false policyFlags=22000000
10-22 10:25:55.924   954  1489 D FingerGoodix: [sig_in_key          ]@Hank ======Back UP reprot  KEY_BACK, value = 158 ======
10-22 10:25:55.924   954  1489 D FingerGoodix: [sig_in_key          ]@@@@@@@ done device_send_key(KEY_BACK, 0), ret2 = 2
10-22 10:25:55.926  1109  2677 D WindowManager: interceptKeyTi keyCode=187 down=false repeatCount=0 keyguardOn=false mHomePressed=false canceled=false
10-22 10:25:55.933  2951  2951 D CustomizeUtils: getConfig() : srsId = F_FORCE_STOP_PROCESS result = false type = bool pkg = com.android.systemui
10-22 10:25:55.935  1109  3491 D ActivityManager: userId2 =0
10-22 10:25:55.935  1109  3491 D ActivityManager: resolveActivity - rInfo =ResolveInfo{abc5903 com.android.systemui/.recents.RecentsActivity m=0x0}
10-22 10:25:55.936  1109  3491 I ActivityManager: START u0 {flg=0x10804000 cmp=com.android.systemui/.recents.RecentsActivity} from uid 10110
10-22 10:25:55.937   954  1489 D FingerGoodix: [gx_ta_send_command  ]Send requestCmd[19] success, Rsp.data[0] = 0x0, data[1] = 0x0
10-22 10:25:55.937   954  1489 D FingerGoodix: [gx_ta_send_command  ]gx_ta_send_command, requestCmd = 19 Leave &&&&&&&&&&&&&&
10-22 10:25:55.937   954  1489 D FingerGoodix: [mutex_get_unlock    ]mutex_get_unlock
10-22 10:25:55.949  1109  3491 D ActivityTrigger: activityResumeTrigger: The activity in ApplicationInfo{d5e78b1 com.android.systemui} is now in focus and seems to be in full-screen mode
10-22 10:25:55.949  1109  3491 E ActivityTrigger: activityResumeTrigger: not whiteListedcom.android.systemui/com.android.systemui.recents.RecentsActivity/27
10-22 10:25:55.949  1109  3491 D ActivityTrigger: ActivityTrigger activityPauseTrigger 
10-22 10:25:55.966  1109  3491 D CompatibilityInfo: mCompatibilityFlags - 4
10-22 10:25:55.966  1109  3491 D CompatibilityInfo: applicationDensity - 476
10-22 10:25:55.966  1109  3491 D CompatibilityInfo: applicationScale - 1.0
10-22 10:25:55.971  2951  2951 I TaskViewHeader: resetNoUserInteractionState() : set mScaleButton.setVisibility View.INVISIBLE this = com.android.systemui.recents.views.TaskViewHeader{85a51c V.ED..... ......ID 0,0-1344,167 #7f0a02a9 app:id/task_view_bar}
10-22 10:25:55.971  2951  2951 I TaskViewHeader: setScaleButtonVisibility() : START isShow = false mPkg = org.floens.chan mShowScaleButton = false this = com.android.systemui.recents.views.TaskViewHeader{85a51c V.ED..... ......ID 0,0-1344,167 #7f0a02a9 app:id/task_view_bar}
10-22 10:25:55.971  2951  2951 I TaskViewHeader: setScaleButtonVisibility() : mShowScaleButton = false this = com.android.systemui.recents.views.TaskViewHeader{85a51c V.ED..... ......ID 0,0-1344,167 #7f0a02a9 app:id/task_view_bar}
10-22 10:25:55.971  2951  2951 I TaskViewHeader: onTaskViewSizeChanged() : set mScaleButton.setVisibility false mShowScaleButton = false this = com.android.systemui.recents.views.TaskViewHeader{85a51c V.ED..... ......ID 0,0-1344,167 #7f0a02a9 app:id/task_view_bar}
10-22 10:25:55.971  2951  2951 I TaskViewHeader: onTaskViewSizeChanged() : set mScaleButton.setVisibility false mShowScaleButton = false this = com.android.systemui.recents.views.TaskViewHeader{85a51c V.ED..... ......ID 0,0-1344,167 #7f0a02a9 app:id/task_view_bar}
10-22 10:25:55.971  2951  2951 I TaskViewHeader: setScaleButtonVisibility() : End mShowScaleButton = false isShow = false this = com.android.systemui.recents.views.TaskViewHeader{85a51c V.ED..... ......ID 0,0-1344,167 #7f0a02a9 app:id/task_view_bar}
10-22 10:25:55.971  2951  2951 I TaskViewHeader: resetNoUserInteractionState() : set mScaleButton.setVisibility View.INVISIBLE this = com.android.systemui.recents.views.TaskViewHeader{300fb15 V.ED..... ......ID 0,0-1344,167 #7f0a02a9 app:id/task_view_bar}
10-22 10:25:55.971  2951  2951 I TaskViewHeader: setScaleButtonVisibility() : START isShow = false mPkg = com.android.vending mShowScaleButton = false this = com.android.systemui.recents.views.TaskViewHeader{300fb15 V.ED..... ......ID 0,0-1344,167 #7f0a02a9 app:id/task_view_bar}
10-22 10:25:55.972  2951  2951 I TaskViewHeader: setScaleButtonVisibility() : mShowScaleButton = false this = com.android.systemui.recents.views.TaskViewHeader{300fb15 V.ED..... ......ID 0,0-1344,167 #7f0a02a9 app:id/task_view_bar}
10-22 10:25:55.972  2951  2951 I TaskViewHeader: onTaskViewSizeChanged() : set mScaleButton.setVisibility false mShowScaleButton = false this = com.android.systemui.recents.views.TaskViewHeader{300fb15 V.ED..... ......ID 0,0-1344,167 #7f0a02a9 app:id/task_view_bar}
10-22 10:25:55.972  2951  2951 I TaskViewHeader: onTaskViewSizeChanged() : set mScaleButton.setVisibility false mShowScaleButton = false this = com.android.systemui.recents.views.TaskViewHeader{300fb15 V.ED..... ......ID 0,0-1344,167 #7f0a02a9 app:id/task_view_bar}
10-22 10:25:55.972  2951  2951 I TaskViewHeader: setScaleButtonVisibility() : End mShowScaleButton = false isShow = false this = com.android.systemui.recents.views.TaskViewHeader{300fb15 V.ED..... ......ID 0,0-1344,167 #7f0a02a9 app:id/task_view_bar}
10-22 10:25:55.972  2951  2951 I TaskViewHeader: resetNoUserInteractionState() : set mScaleButton.setVisibility View.INVISIBLE this = com.android.systemui.recents.views.TaskViewHeader{d2f1e16 V.ED..... ......ID 0,0-1344,167 #7f0a02a9 app:id/task_view_bar}
10-22 10:25:55.972  2951  2951 I TaskViewHeader: setScaleButtonVisibility() : START isShow = false mPkg = com.instagram.android mShowScaleButton = false this = com.android.systemui.recents.views.TaskViewHeader{d2f1e16 V.ED..... ......ID 0,0-1344,167 #7f0a02a9 app:id/task_view_bar}
10-22 10:25:55.972  2951  2951 I TaskViewHeader: setScaleButtonVisibility() : mShowScaleButton = false this = com.android.systemui.recents.views.TaskViewHeader{d2f1e16 V.ED..... ......ID 0,0-1344,167 #7f0a02a9 app:id/task_view_bar}
10-22 10:25:55.972  2951  2951 I TaskViewHeader: onTaskViewSizeChanged() : set mScaleButton.setVisibility false mShowScaleButton = false this = com.android.systemui.recents.views.TaskViewHeader{d2f1e16 V.ED..... ......ID 0,0-1344,167 #7f0a02a9 app:id/task_view_bar}
10-22 10:25:55.972  2951  2951 I TaskViewHeader: onTaskViewSizeChanged() : set mScaleButton.setVisibility false mShowScaleButton = false this = com.android.systemui.recents.views.TaskViewHeader{d2f1e16 V.ED..... ......ID 0,0-1344,167 #7f0a02a9 app:id/task_view_bar}
10-22 10:25:55.972  2951  2951 I TaskViewHeader: setScaleButtonVisibility() : End mShowScaleButton = false isShow = false this = com.android.systemui.recents.views.TaskViewHeader{d2f1e16 V.ED..... ......ID 0,0-1344,167 #7f0a02a9 app:id/task_view_bar}
10-22 10:25:55.972  2951  2951 I TaskViewHeader: resetNoUserInteractionState() : set mScaleButton.setVisibility View.INVISIBLE this = com.android.systemui.recents.views.TaskViewHeader{e63d9ee V.ED..... ......ID 0,0-1344,167 #7f0a02a9 app:id/task_view_bar}
10-22 10:25:55.972  2951  2951 I TaskViewHeader: setScaleButtonVisibility() : START isShow = false mPkg = com.BioGAME mShowScaleButton = false this = com.android.systemui.recents.views.TaskViewHeader{e63d9ee V.ED..... ......ID 0,0-1344,167 #7f0a02a9 app:id/task_view_bar}
10-22 10:25:55.972  2951  2951 I TaskViewHeader: setScaleButtonVisibility() : mShowScaleButton = false this = com.android.systemui.recents.views.TaskViewHeader{e63d9ee V.ED..... ......ID 0,0-1344,167 #7f0a02a9 app:id/task_view_bar}
10-22 10:25:55.972  2951  2951 I TaskViewHeader: onTaskViewSizeChanged() : set mScaleButton.setVisibility false mShowScaleButton = false this = com.android.systemui.recents.views.TaskViewHeader{e63d9ee V.ED..... ......ID 0,0-1344,167 #7f0a02a9 app:id/task_view_bar}
10-22 10:25:55.972  2951  2951 I TaskViewHeader: onTaskViewSizeChanged() : set mScaleButton.setVisibility false mShowScaleButton = false this = com.android.systemui.recents.views.TaskViewHeader{e63d9ee V.ED..... ......ID 0,0-1344,167 #7f0a02a9 app:id/task_view_bar}
10-22 10:25:55.972  2951  2951 I TaskViewHeader: setScaleButtonVisibility() : End mShowScaleButton = false isShow = false this = com.android.systemui.recents.views.TaskViewHeader{e63d9ee V.ED..... ......ID 0,0-1344,167 #7f0a02a9 app:id/task_view_bar}
10-22 10:25:55.972  2951  2951 I TaskViewHeader: resetNoUserInteractionState() : set mScaleButton.setVisibility View.INVISIBLE this = com.android.systemui.recents.views.TaskViewHeader{de0525 V.ED..... ......ID 0,0-1344,167 #7f0a02a9 app:id/task_view_bar}
10-22 10:25:55.972  2951  2951 I TaskViewHeader: setScaleButtonVisibility() : START isShow = false mPkg = com.whatsapp mShowScaleButton = false this = com.android.systemui.recents.views.TaskViewHeader{de0525 V.ED..... ......ID 0,0-1344,167 #7f0a02a9 app:id/task_view_bar}
10-22 10:25:55.972  2951  2951 I TaskViewHeader: setScaleButtonVisibility() : mShowScaleButton = false this = com.android.systemui.recents.views.TaskViewHeader{de0525 V.ED..... ......ID 0,0-1344,167 #7f0a02a9 app:id/task_view_bar}
10-22 10:25:55.972  2951  2951 I TaskViewHeader: onTaskViewSizeChanged() : set mScaleButton.setVisibility false mShowScaleButton = false this = com.android.systemui.recents.views.TaskViewHeader{de0525 V.ED..... ......ID 0,0-1344,167 #7f0a02a9 app:id/task_view_bar}
10-22 10:25:55.972  2951  2951 I TaskViewHeader: onTaskViewSizeChanged() : set mScaleButton.setVisibility false mShowScaleButton = false this = com.android.systemui.recents.views.TaskViewHeader{de0525 V.ED..... ......ID 0,0-1344,167 #7f0a02a9 app:id/task_view_bar}
10-22 10:25:55.973  2951  2951 I TaskViewHeader: setScaleButtonVisibility() : End mShowScaleButton = false isShow = false this = com.android.systemui.recents.views.TaskViewHeader{de0525 V.ED..... ......ID 0,0-1344,167 #7f0a02a9 app:id/task_view_bar}
10-22 10:25:55.973  2951  2951 I TaskViewHeader: resetNoUserInteractionState() : set mScaleButton.setVisibility View.INVISIBLE this = com.android.systemui.recents.views.TaskViewHeader{fca8544 V.ED..... ......ID 0,0-1344,167 #7f0a02a9 app:id/task_view_bar}
10-22 10:25:55.973  2951  2951 I TaskViewHeader: setScaleButtonVisibility() : START isShow = false mPkg = com.google.android.youtube mShowScaleButton = false this = com.android.systemui.recents.views.TaskViewHeader{fca8544 V.ED..... ......ID 0,0-1344,167 #7f0a02a9 app:id/task_view_bar}
10-22 10:25:55.973  2951  2951 I TaskViewHeader: setScaleButtonVisibility() : mShowScaleButton = false this = com.android.systemui.recents.views.TaskViewHeader{fca8544 V.ED..... ......ID 0,0-1344,167 #7f0a02a9 app:id/task_view_bar}
10-22 10:25:55.973  2951  2951 I TaskViewHeader: onTaskViewSizeChanged() : set mScaleButton.setVisibility false mShowScaleButton = false this = com.android.systemui.recents.views.TaskViewHeader{fca8544 V.ED..... ......ID 0,0-1344,167 #7f0a02a9 app:id/task_view_bar}
10-22 10:25:55.973  2951  2951 I TaskViewHeader: onTaskViewSizeChanged() : set mScaleButton.setVisibility false mShowScaleButton = false this = com.android.systemui.recents.views.TaskViewHeader{fca8544 V.ED..... ......ID 0,0-1344,167 #7f0a02a9 app:id/task_view_bar}
10-22 10:25:55.973  2951  2951 I TaskViewHeader: setScaleButtonVisibility() : End mShowScaleButton = false isShow = false this = com.android.systemui.recents.views.TaskViewHeader{fca8544 V.ED..... ......ID 0,0-1344,167 #7f0a02a9 app:id/task_view_bar}
10-22 10:25:55.973  2951  2951 I TaskViewHeader: resetNoUserInteractionState() : set mScaleButton.setVisibility View.INVISIBLE this = com.android.systemui.recents.views.TaskViewHeader{449db70 V.ED..... ......ID 0,0-1344,167 #7f0a02a9 app:id/task_view_bar}
10-22 10:25:55.973  2951  2951 I TaskViewHeader: setScaleButtonVisibility() : START isShow = false mPkg = com.android.chrome mShowScaleButton = false this = com.android.systemui.recents.views.TaskViewHeader{449db70 V.ED..... ......ID 0,0-1344,167 #7f0a02a9 app:id/task_view_bar}
10-22 10:25:55.973  2951  2951 I TaskViewHeader: setScaleButtonVisibility() : mShowScaleButton = false this = com.android.systemui.recents.views.TaskViewHeader{449db70 V.ED..... ......ID 0,0-1344,167 #7f0a02a9 app:id/task_view_bar}
10-22 10:25:55.973  2951  2951 I TaskViewHeader: onTaskViewSizeChanged() : set mScaleButton.setVisibility false mShowScaleButton = false this = com.android.systemui.recents.views.TaskViewHeader{449db70 V.ED..... ......ID 0,0-1344,167 #7f0a02a9 app:id/task_view_bar}
10-22 10:25:55.973  2951  2951 I TaskViewHeader: onTaskViewSizeChanged() : set mScaleButton.setVisibility false mShowScaleButton = false this = com.android.systemui.recents.views.TaskViewHeader{449db70 V.ED..... ......ID 0,0-1344,167 #7f0a02a9 app:id/task_view_bar}
10-22 10:25:55.973  2951  2951 I TaskViewHeader: setScaleButtonVisibility() : End mShowScaleButton = false isShow = false this = com.android.systemui.recents.views.TaskViewHeader{449db70 V.ED..... ......ID 0,0-1344,167 #7f0a02a9 app:id/task_view_bar}
10-22 10:25:55.973  2951  2951 I TaskViewHeader: resetNoUserInteractionState() : set mScaleButton.setVisibility View.INVISIBLE this = com.android.systemui.recents.views.TaskViewHeader{3b7a6fa V.ED..... ......ID 0,0-1344,167 #7f0a02a9 app:id/task_view_bar}
10-22 10:25:55.973  2951  2951 I TaskViewHeader: setScaleButtonVisibility() : START isShow = false mPkg = com.android.settings mShowScaleButton = false this = com.android.systemui.recents.views.TaskViewHeader{3b7a6fa V.ED..... ......ID 0,0-1344,167 #7f0a02a9 app:id/task_view_bar}
10-22 10:25:55.973  2951  2951 I TaskViewHeader: setScaleButtonVisibility() : mShowScaleButton = false this = com.android.systemui.recents.views.TaskViewHeader{3b7a6fa V.ED..... ......ID 0,0-1344,167 #7f0a02a9 app:id/task_view_bar}
10-22 10:25:55.973  2951  2951 I TaskViewHeader: onTaskViewSizeChanged() : set mScaleButton.setVisibility false mShowScaleButton = false this = com.android.systemui.recents.views.TaskViewHeader{3b7a6fa V.ED..... ......ID 0,0-1344,167 #7f0a02a9 app:id/task_view_bar}
10-22 10:25:55.973  2951  2951 I TaskViewHeader: onTaskViewSizeChanged() : set mScaleButton.setVisibility false mShowScaleButton = false this = com.android.systemui.recents.views.TaskViewHeader{3b7a6fa V.ED..... ......ID 0,0-1344,167 #7f0a02a9 app:id/task_view_bar}
10-22 10:25:55.973  2951  2951 I TaskViewHeader: setScaleButtonVisibility() : End mShowScaleButton = false isShow = false this = com.android.systemui.recents.views.TaskViewHeader{3b7a6fa V.ED..... ......ID 0,0-1344,167 #7f0a02a9 app:id/task_view_bar}
10-22 10:25:55.974  2951  2951 D CustomizeUtils: getConfig() : srsId = F_FORCE_STOP_PROCESS result = false type = bool pkg = com.android.systemui
10-22 10:25:55.974  1109  1372 D ActivityTrigger: ActivityTrigger activityStopTrigger 
10-22 10:25:55.975  2951  2951 D TaskViewHeader: bindToTask() : mPkg = com.android.chrome this = com.android.systemui.recents.views.TaskViewHeader{449db70 V.ED..... ......ID 0,0-1344,167 #7f0a02a9 app:id/task_view_bar}
10-22 10:25:55.975  2951  2951 D PackageUtils: getAppScreenScalingState() : pkg = com.android.chrome result = 0
10-22 10:25:55.975  2951  2951 I TaskViewHeader: bindToTask() : scaleState = 0 this = com.android.systemui.recents.views.TaskViewHeader{449db70 V.ED..... ......ID 0,0-1344,167 #7f0a02a9 app:id/task_view_bar}
10-22 10:25:55.975  2951  2951 I TaskViewHeader: onTaskViewSizeChanged() : set mScaleButton.setVisibility false mShowScaleButton = false this = com.android.systemui.recents.views.TaskViewHeader{449db70 V.ED..... ......ID 0,0-1344,167 #7f0a02a9 app:id/task_view_bar}
10-22 10:25:55.976  2951  2951 I chatty  : uid=10110(com.android.systemui) identical 3 lines
10-22 10:25:55.976  2951  2951 I TaskViewHeader: onTaskViewSizeChanged() : set mScaleButton.setVisibility false mShowScaleButton = false this = com.android.systemui.recents.views.TaskViewHeader{449db70 V.ED..... ......ID 0,0-1344,167 #7f0a02a9 app:id/task_view_bar}
10-22 10:25:55.976  2951  2951 D TaskViewHeader: bindToTask() : mPkg = com.google.android.youtube this = com.android.systemui.recents.views.TaskViewHeader{fca8544 V.ED..... ......ID 0,0-1344,167 #7f0a02a9 app:id/task_view_bar}
10-22 10:25:55.977  2951  2951 D PackageUtils: getAppScreenScalingState() : pkg = com.google.android.youtube result = 0
10-22 10:25:55.977  2951  2951 I TaskViewHeader: bindToTask() : scaleState = 0 this = com.android.systemui.recents.views.TaskViewHeader{fca8544 V.ED..... ......ID 0,0-1344,167 #7f0a02a9 app:id/task_view_bar}
10-22 10:25:55.977  2951  2951 I TaskViewHeader: onTaskViewSizeChanged() : set mScaleButton.setVisibility false mShowScaleButton = false this = com.android.systemui.recents.views.TaskViewHeader{fca8544 V.ED..... ......ID 0,0-1344,167 #7f0a02a9 app:id/task_view_bar}
10-22 10:25:55.977  2951  2951 I chatty  : uid=10110(com.android.systemui) identical 3 lines
10-22 10:25:55.977  2951  2951 I TaskViewHeader: onTaskViewSizeChanged() : set mScaleButton.setVisibility false mShowScaleButton = false this = com.android.systemui.recents.views.TaskViewHeader{fca8544 V.ED..... ......ID 0,0-1344,167 #7f0a02a9 app:id/task_view_bar}
10-22 10:25:55.978  2951  2951 D TaskViewHeader: bindToTask() : mPkg = com.whatsapp this = com.android.systemui.recents.views.TaskViewHeader{de0525 V.ED..... ......ID 0,0-1344,167 #7f0a02a9 app:id/task_view_bar}
10-22 10:25:55.978  2951  2951 D PackageUtils: getAppScreenScalingState() : pkg = com.whatsapp result = 0
10-22 10:25:55.978  2951  2951 I TaskViewHeader: bindToTask() : scaleState = 0 this = com.android.systemui.recents.views.TaskViewHeader{de0525 V.ED..... ......ID 0,0-1344,167 #7f0a02a9 app:id/task_view_bar}
10-22 10:25:55.979  2951  2951 I TaskViewHeader: onTaskViewSizeChanged() : set mScaleButton.setVisibility false mShowScaleButton = false this = com.android.systemui.recents.views.TaskViewHeader{de0525 V.ED..... ......ID 0,0-1344,167 #7f0a02a9 app:id/task_view_bar}
10-22 10:25:55.979  2951  2951 I chatty  : uid=10110(com.android.systemui) identical 3 lines
10-22 10:25:55.979  2951  2951 I TaskViewHeader: onTaskViewSizeChanged() : set mScaleButton.setVisibility false mShowScaleButton = false this = com.android.systemui.recents.views.TaskViewHeader{de0525 V.ED..... ......ID 0,0-1344,167 #7f0a02a9 app:id/task_view_bar}
10-22 10:25:55.981  2951  2951 D CustomizeUtils: getConfig() : srsId = F_FIH_CLEAR_ALL_RECENT result = false type = bool pkg = com.android.systemui
10-22 10:25:55.993  2951  2951 I TaskViewHeader: onTaskViewSizeChanged() : set mScaleButton.setVisibility false mShowScaleButton = false this = com.android.systemui.recents.views.TaskViewHeader{de0525 V.ED..... ......ID 0,0-1344,167 #7f0a02a9 app:id/task_view_bar}
10-22 10:25:55.993  2951  2951 I TaskViewHeader: onTaskViewSizeChanged() : set mScaleButton.setVisibility false mShowScaleButton = false this = com.android.systemui.recents.views.TaskViewHeader{de0525 V.ED..... ......ID 0,0-1344,167 #7f0a02a9 app:id/task_view_bar}
10-22 10:25:55.993  2951  2951 D TaskViewHeader: bindToTask() : mPkg = com.BioGAME this = com.android.systemui.recents.views.TaskViewHeader{de0525 V.ED..... ......ID 0,0-1344,167 #7f0a02a9 app:id/task_view_bar}
10-22 10:25:55.994  2951  2951 D PackageUtils: getAppScreenScalingState() : pkg = com.BioGAME result = 0
10-22 10:25:55.994  2951  2951 I TaskViewHeader: bindToTask() : scaleState = 0 this = com.android.systemui.recents.views.TaskViewHeader{de0525 V.ED..... ......ID 0,0-1344,167 #7f0a02a9 app:id/task_view_bar}
10-22 10:25:55.994  2951  2951 I TaskViewHeader: onTaskViewSizeChanged() : set mScaleButton.setVisibility false mShowScaleButton = false this = com.android.systemui.recents.views.TaskViewHeader{de0525 V.ED..... ......ID 0,0-1344,167 #7f0a02a9 app:id/task_view_bar}
10-22 10:25:55.995  2951  2951 I chatty  : uid=10110(com.android.systemui) identical 3 lines
10-22 10:25:55.995  2951  2951 I TaskViewHeader: onTaskViewSizeChanged() : set mScaleButton.setVisibility false mShowScaleButton = false this = com.android.systemui.recents.views.TaskViewHeader{de0525 V.ED..... ......ID 0,0-1344,167 #7f0a02a9 app:id/task_view_bar}
10-22 10:25:55.995  2951  2951 D TaskViewHeader: bindToTask() : mPkg = com.android.settings this = com.android.systemui.recents.views.TaskViewHeader{3b7a6fa V.ED..... ......ID 0,0-1344,167 #7f0a02a9 app:id/task_view_bar}
10-22 10:25:55.995  2951  2951 D PackageUtils: getAppScreenScalingState() : pkg = com.android.settings result = 0
10-22 10:25:55.995  2951  2951 I TaskViewHeader: bindToTask() : scaleState = 0 this = com.android.systemui.recents.views.TaskViewHeader{3b7a6fa V.ED..... ......ID 0,0-1344,167 #7f0a02a9 app:id/task_view_bar}
10-22 10:25:55.995  2951  2951 I TaskViewHeader: onTaskViewSizeChanged() : set mScaleButton.setVisibility false mShowScaleButton = false this = com.android.systemui.recents.views.TaskViewHeader{3b7a6fa V.ED..... ......ID 0,0-1344,167 #7f0a02a9 app:id/task_view_bar}
10-22 10:25:55.996  2951  2951 I chatty  : uid=10110(com.android.systemui) identical 3 lines
10-22 10:25:55.996  2951  2951 I TaskViewHeader: onTaskViewSizeChanged() : set mScaleButton.setVisibility false mShowScaleButton = false this = com.android.systemui.recents.views.TaskViewHeader{3b7a6fa V.ED..... ......ID 0,0-1344,167 #7f0a02a9 app:id/task_view_bar}
10-22 10:25:55.996  2951  2951 I TaskViewHeader: setFirstTask() : isFirst = true mPkg = com.android.chrome this = com.android.systemui.recents.views.TaskViewHeader{449db70 V.ED..... ......ID 0,0-1344,167 #7f0a02a9 app:id/task_view_bar}
10-22 10:25:55.996  2951  2951 I TaskViewHeader: setScaleButtonVisibility() : START isShow = true mPkg = com.android.chrome mShowScaleButton = false this = com.android.systemui.recents.views.TaskViewHeader{449db70 V.ED..... ......ID 0,0-1344,167 #7f0a02a9 app:id/task_view_bar}
10-22 10:25:55.996  2951  2951 D PackageUtils: getAppScreenScalingState() : pkg = com.android.chrome result = 0
10-22 10:25:55.996  2951  2951 I TaskViewHeader: setScaleButtonVisibility() : scaleState = 0 this = com.android.systemui.recents.views.TaskViewHeader{449db70 V.ED..... ......ID 0,0-1344,167 #7f0a02a9 app:id/task_view_bar}
10-22 10:25:55.996  2951  2951 I TaskViewHeader: onTaskViewSizeChanged() : set mScaleButton.setVisibility false mShowScaleButton = false this = com.android.systemui.recents.views.TaskViewHeader{449db70 V.ED..... ......ID 0,0-1344,167 #7f0a02a9 app:id/task_view_bar}
10-22 10:25:55.996  2951  2951 I TaskViewHeader: onTaskViewSizeChanged() : set mScaleButton.setVisibility false mShowScaleButton = false this = com.android.systemui.recents.views.TaskViewHeader{449db70 V.ED..... ......ID 0,0-1344,167 #7f0a02a9 app:id/task_view_bar}
